00:02:13 INFO  Starting InventarioApplication using Java 25 with PID 27164 (D:\FinalShit\CasoSemestral-DuocFullStack-I\inventario\inventario\target\classes started by Matt in D:\FinalShit\CasoSemestral-DuocFullStack-I\inventario\inventario)
00:02:13 INFO  No active profile set, falling back to 1 default profile: "default"
00:02:14 INFO  Bootstrapping Spring Data JPA repositories in DEFAULT mode.
00:02:14 INFO  Finished Spring Data repository scanning in 120 ms. Found 1 JPA repository interface.
00:02:15 INFO  Tomcat initialized with port 9092 (http)
00:02:15 INFO  Starting service [Tomcat]
00:02:15 INFO  Starting Servlet engine: [Apache Tomcat/11.0.21]
00:02:15 INFO  Root WebApplicationContext: initialization completed in 1695 ms
00:02:15 INFO  HHH008540: Processing PersistenceUnitInfo [name: default]
00:02:15 INFO  HHH000001: Hibernate ORM core version 7.2.12.Final
00:02:16 INFO  No LoadTimeWeaver setup: ignoring JPA class transformer
00:02:16 INFO  HikariPool-1 - Starting...
00:02:16 INFO  HikariPool-1 - Added connection com.mysql.cj.jdbc.ConnectionImpl@37c37d67
00:02:16 INFO  HikariPool-1 - Start completed.
00:02:16 WARN  HHH90000025: MySQLDialect does not need to be specified explicitly using 'hibernate.dialect' (remove the property setting and it will be selected by default)
00:02:17 INFO  HHH10001005: Database info:
	Database JDBC URL [jdbc:mysql://localhost:3306/bd_inventario?createDatabaseIfNotExist=true&serverTimezone=America/Santiago]
	Database driver: MySQL Connector/J
	Database dialect: MySQLDialect
	Database version: 8.4.3
	Default catalog/schema: bd_inventario/undefined
	Autocommit mode: undefined/unknown
	Isolation level: REPEATABLE_READ [default REPEATABLE_READ]
	JDBC fetch size: none
	Pool: DataSourceConnectionProvider
	Minimum pool size: undefined/unknown
	Maximum pool size: undefined/unknown
00:02:18 INFO  HHH000489: No JTA platform available (set 'hibernate.transaction.jta.platform' to enable JTA platform integration)
00:02:18 INFO  Initialized JPA EntityManagerFactory for persistence unit 'default'
00:02:18 INFO  Hibernate is in classpath; If applicable, HQL parser will be used.
00:02:20 INFO  Reading resource: db/changelog/changes/001-crea-tablas.sql
00:02:20 INFO  Reading from bd_inventario.databasechangelog
00:02:20 INFO  Reading resource: db/changelog/changes/002-datos-iniciales.sql
00:02:20 INFO  Database is up to date, no changesets to execute
00:02:20 INFO  Reading from bd_inventario.databasechangelog
00:02:20 INFO  UPDATE SUMMARY
00:02:20 INFO  Run:                          0
00:02:20 INFO  Previously run:               2
00:02:20 INFO  Filtered out:                 0
00:02:20 INFO  -------------------------------
00:02:20 INFO  Total change sets:            2
00:02:20 INFO  Update summary generated
00:02:20 INFO  Command execution complete
00:02:20 WARN  spring.jpa.open-in-view is enabled by default. Therefore, database queries may be performed during view rendering. Explicitly configure spring.jpa.open-in-view to disable this warning
00:02:21 INFO  Tomcat started on port 9092 (http) with context path '/'
00:02:21 INFO  Started InventarioApplication in 8.021 seconds (process running for 8.604)
00:51:19 INFO  Starting InventarioApplication using Java 25 with PID 43980 (D:\FinalShit\CasoSemestral-DuocFullStack-I\inventario\inventario\target\classes started by Matt in D:\FinalShit\CasoSemestral-DuocFullStack-I\inventario\inventario)
00:51:19 INFO  No active profile set, falling back to 1 default profile: "default"
00:51:20 INFO  Bootstrapping Spring Data JPA repositories in DEFAULT mode.
00:51:20 INFO  Finished Spring Data repository scanning in 147 ms. Found 1 JPA repository interface.
00:51:21 INFO  Tomcat initialized with port 9092 (http)
00:51:21 INFO  Starting service [Tomcat]
00:51:21 INFO  Starting Servlet engine: [Apache Tomcat/11.0.21]
00:51:21 INFO  Root WebApplicationContext: initialization completed in 1791 ms
00:51:21 INFO  HHH008540: Processing PersistenceUnitInfo [name: default]
00:51:21 INFO  HHH000001: Hibernate ORM core version 7.2.12.Final
00:51:22 INFO  No LoadTimeWeaver setup: ignoring JPA class transformer
00:51:22 INFO  HikariPool-1 - Starting...
00:51:22 INFO  HikariPool-1 - Added connection com.mysql.cj.jdbc.ConnectionImpl@229749f0
00:51:22 INFO  HikariPool-1 - Start completed.
00:51:22 WARN  HHH90000025: MySQLDialect does not need to be specified explicitly using 'hibernate.dialect' (remove the property setting and it will be selected by default)
00:51:22 INFO  HHH10001005: Database info:
	Database JDBC URL [jdbc:mysql://localhost:3306/bd_inventario?createDatabaseIfNotExist=true&serverTimezone=America/Santiago]
	Database driver: MySQL Connector/J
	Database dialect: MySQLDialect
	Database version: 8.4.3
	Default catalog/schema: bd_inventario/undefined
	Autocommit mode: undefined/unknown
	Isolation level: REPEATABLE_READ [default REPEATABLE_READ]
	JDBC fetch size: none
	Pool: DataSourceConnectionProvider
	Minimum pool size: undefined/unknown
	Maximum pool size: undefined/unknown
00:51:23 INFO  HHH000489: No JTA platform available (set 'hibernate.transaction.jta.platform' to enable JTA platform integration)
00:51:23 INFO  Initialized JPA EntityManagerFactory for persistence unit 'default'
00:51:23 INFO  Hibernate is in classpath; If applicable, HQL parser will be used.
00:51:25 INFO  Reading resource: db/changelog/changes/001-crea-tablas.sql
00:51:26 INFO  Reading from bd_inventario.databasechangelog
00:51:26 INFO  Reading resource: db/changelog/changes/002-datos-iniciales.sql
00:51:26 INFO  Database is up to date, no changesets to execute
00:51:26 INFO  Reading from bd_inventario.databasechangelog
00:51:26 INFO  UPDATE SUMMARY
00:51:26 INFO  Run:                          0
00:51:26 INFO  Previously run:               2
00:51:26 INFO  Filtered out:                 0
00:51:26 INFO  -------------------------------
00:51:26 INFO  Total change sets:            2
00:51:26 INFO  Update summary generated
00:51:26 INFO  Command execution complete
00:51:26 WARN  spring.jpa.open-in-view is enabled by default. Therefore, database queries may be performed during view rendering. Explicitly configure spring.jpa.open-in-view to disable this warning
00:51:27 INFO  Tomcat started on port 9092 (http) with context path '/'
00:51:27 INFO  Started InventarioApplication in 8.1 seconds (process running for 8.769)
00:59:10 INFO  Starting InventarioApplication using Java 25 with PID 23384 (D:\FinalShit\CasoSemestral-DuocFullStack-I\inventario\inventario\target\classes started by Matt in D:\FinalShit\CasoSemestral-DuocFullStack-I\inventario\inventario)
00:59:10 INFO  No active profile set, falling back to 1 default profile: "default"
00:59:11 INFO  Bootstrapping Spring Data JPA repositories in DEFAULT mode.
00:59:11 INFO  Finished Spring Data repository scanning in 113 ms. Found 1 JPA repository interface.
00:59:11 INFO  Tomcat initialized with port 9092 (http)
00:59:11 INFO  Starting service [Tomcat]
00:59:11 INFO  Starting Servlet engine: [Apache Tomcat/11.0.21]
00:59:11 INFO  Root WebApplicationContext: initialization completed in 1467 ms
00:59:11 INFO  HHH008540: Processing PersistenceUnitInfo [name: default]
00:59:11 INFO  HHH000001: Hibernate ORM core version 7.2.12.Final
00:59:12 INFO  No LoadTimeWeaver setup: ignoring JPA class transformer
00:59:12 INFO  HikariPool-1 - Starting...
00:59:12 INFO  HikariPool-1 - Added connection com.mysql.cj.jdbc.ConnectionImpl@4ba1c1a2
00:59:12 INFO  HikariPool-1 - Start completed.
00:59:12 WARN  HHH90000025: MySQLDialect does not need to be specified explicitly using 'hibernate.dialect' (remove the property setting and it will be selected by default)
00:59:12 INFO  HHH10001005: Database info:
	Database JDBC URL [jdbc:mysql://localhost:3306/bd_inventario?createDatabaseIfNotExist=true&serverTimezone=America/Santiago]
	Database driver: MySQL Connector/J
	Database dialect: MySQLDialect
	Database version: 8.4.3
	Default catalog/schema: bd_inventario/undefined
	Autocommit mode: undefined/unknown
	Isolation level: REPEATABLE_READ [default REPEATABLE_READ]
	JDBC fetch size: none
	Pool: DataSourceConnectionProvider
	Minimum pool size: undefined/unknown
	Maximum pool size: undefined/unknown
00:59:13 INFO  HHH000489: No JTA platform available (set 'hibernate.transaction.jta.platform' to enable JTA platform integration)
00:59:13 INFO  Initialized JPA EntityManagerFactory for persistence unit 'default'
00:59:14 INFO  Hibernate is in classpath; If applicable, HQL parser will be used.
00:59:15 INFO  Reading resource: db/changelog/changes/001-crea-tablas.sql
00:59:15 INFO  Reading from bd_inventario.databasechangelog
00:59:15 INFO  Reading resource: db/changelog/changes/002-datos-iniciales.sql
00:59:16 INFO  Database is up to date, no changesets to execute
00:59:16 INFO  Reading from bd_inventario.databasechangelog
00:59:16 INFO  UPDATE SUMMARY
00:59:16 INFO  Run:                          0
00:59:16 INFO  Previously run:               2
00:59:16 INFO  Filtered out:                 0
00:59:16 INFO  -------------------------------
00:59:16 INFO  Total change sets:            2
00:59:16 INFO  Update summary generated
00:59:16 INFO  Command execution complete
00:59:16 WARN  spring.jpa.open-in-view is enabled by default. Therefore, database queries may be performed during view rendering. Explicitly configure spring.jpa.open-in-view to disable this warning
00:59:16 INFO  Tomcat started on port 9092 (http) with context path '/'
00:59:16 INFO  Started InventarioApplication in 7.108 seconds (process running for 7.744)
01:33:56 INFO  Starting InventarioApplication using Java 25 with PID 44588 (D:\FinalShit\CasoSemestral-DuocFullStack-I\inventario\inventario\target\classes started by Matt in D:\FinalShit\CasoSemestral-DuocFullStack-I\inventario\inventario)
01:33:56 INFO  No active profile set, falling back to 1 default profile: "default"
01:33:57 INFO  Bootstrapping Spring Data JPA repositories in DEFAULT mode.
01:33:57 INFO  Finished Spring Data repository scanning in 153 ms. Found 1 JPA repository interface.
01:33:57 INFO  Tomcat initialized with port 9092 (http)
01:33:57 INFO  Starting service [Tomcat]
01:33:57 INFO  Starting Servlet engine: [Apache Tomcat/11.0.21]
01:33:57 INFO  Root WebApplicationContext: initialization completed in 1514 ms
01:33:57 INFO  HHH008540: Processing PersistenceUnitInfo [name: default]
01:33:58 INFO  HHH000001: Hibernate ORM core version 7.2.12.Final
01:33:58 INFO  No LoadTimeWeaver setup: ignoring JPA class transformer
01:33:58 INFO  HikariPool-1 - Starting...
01:33:58 INFO  HikariPool-1 - Added connection com.mysql.cj.jdbc.ConnectionImpl@3d57fb9e
01:33:58 INFO  HikariPool-1 - Start completed.
01:33:58 WARN  HHH90000025: MySQLDialect does not need to be specified explicitly using 'hibernate.dialect' (remove the property setting and it will be selected by default)
01:33:58 INFO  HHH10001005: Database info:
	Database JDBC URL [jdbc:mysql://localhost:3306/bd_inventario?createDatabaseIfNotExist=true&serverTimezone=America/Santiago]
	Database driver: MySQL Connector/J
	Database dialect: MySQLDialect
	Database version: 8.4.3
	Default catalog/schema: bd_inventario/undefined
	Autocommit mode: undefined/unknown
	Isolation level: REPEATABLE_READ [default REPEATABLE_READ]
	JDBC fetch size: none
	Pool: DataSourceConnectionProvider
	Minimum pool size: undefined/unknown
	Maximum pool size: undefined/unknown
01:33:59 INFO  HHH000489: No JTA platform available (set 'hibernate.transaction.jta.platform' to enable JTA platform integration)
01:33:59 INFO  Initialized JPA EntityManagerFactory for persistence unit 'default'
01:34:00 INFO  Hibernate is in classpath; If applicable, HQL parser will be used.
01:34:01 INFO  Reading resource: db/changelog/changes/001-crea-tablas.sql
01:34:01 INFO  Reading from bd_inventario.databasechangelog
01:34:01 INFO  Reading resource: db/changelog/changes/002-datos-iniciales.sql
01:34:02 INFO  Database is up to date, no changesets to execute
01:34:02 INFO  Reading from bd_inventario.databasechangelog
01:34:02 INFO  UPDATE SUMMARY
01:34:02 INFO  Run:                          0
01:34:02 INFO  Previously run:               2
01:34:02 INFO  Filtered out:                 0
01:34:02 INFO  -------------------------------
01:34:02 INFO  Total change sets:            2
01:34:02 INFO  Update summary generated
01:34:02 INFO  Command execution complete
01:34:02 WARN  spring.jpa.open-in-view is enabled by default. Therefore, database queries may be performed during view rendering. Explicitly configure spring.jpa.open-in-view to disable this warning
01:34:02 INFO  Tomcat started on port 9092 (http) with context path '/'
01:34:02 INFO  Started InventarioApplication in 7.168 seconds (process running for 7.708)
01:38:34 INFO  Starting InventarioApplication using Java 25 with PID 27736 (D:\FinalShit\CasoSemestral-DuocFullStack-I\inventario\inventario\target\classes started by Matt in D:\FinalShit\CasoSemestral-DuocFullStack-I\inventario\inventario)
01:38:34 INFO  No active profile set, falling back to 1 default profile: "default"
01:38:36 INFO  Bootstrapping Spring Data JPA repositories in DEFAULT mode.
01:38:36 INFO  Finished Spring Data repository scanning in 167 ms. Found 1 JPA repository interface.
01:38:36 INFO  Tomcat initialized with port 9092 (http)
01:38:36 INFO  Starting service [Tomcat]
01:38:36 INFO  Starting Servlet engine: [Apache Tomcat/11.0.21]
01:38:37 INFO  Root WebApplicationContext: initialization completed in 1984 ms
01:38:37 INFO  HHH008540: Processing PersistenceUnitInfo [name: default]
01:38:37 INFO  HHH000001: Hibernate ORM core version 7.2.12.Final
01:38:37 INFO  No LoadTimeWeaver setup: ignoring JPA class transformer
01:38:37 INFO  HikariPool-1 - Starting...
01:38:38 INFO  HikariPool-1 - Added connection com.mysql.cj.jdbc.ConnectionImpl@229749f0
01:38:38 INFO  HikariPool-1 - Start completed.
01:38:38 WARN  HHH90000025: MySQLDialect does not need to be specified explicitly using 'hibernate.dialect' (remove the property setting and it will be selected by default)
01:38:38 INFO  HHH10001005: Database info:
	Database JDBC URL [jdbc:mysql://localhost:3306/bd_inventario?createDatabaseIfNotExist=true&serverTimezone=America/Santiago]
	Database driver: MySQL Connector/J
	Database dialect: MySQLDialect
	Database version: 8.4.3
	Default catalog/schema: bd_inventario/undefined
	Autocommit mode: undefined/unknown
	Isolation level: REPEATABLE_READ [default REPEATABLE_READ]
	JDBC fetch size: none
	Pool: DataSourceConnectionProvider
	Minimum pool size: undefined/unknown
	Maximum pool size: undefined/unknown
01:38:40 INFO  HHH000489: No JTA platform available (set 'hibernate.transaction.jta.platform' to enable JTA platform integration)
01:38:40 INFO  Initialized JPA EntityManagerFactory for persistence unit 'default'
01:38:40 INFO  Hibernate is in classpath; If applicable, HQL parser will be used.
01:38:42 INFO  Reading resource: db/changelog/changes/001-crea-tablas.sql
01:38:42 INFO  Reading from bd_inventario.databasechangelog
01:38:42 INFO  Reading resource: db/changelog/changes/002-datos-iniciales.sql
01:38:42 INFO  Database is up to date, no changesets to execute
01:38:42 INFO  Reading from bd_inventario.databasechangelog
01:38:43 INFO  UPDATE SUMMARY
01:38:43 INFO  Run:                          0
01:38:43 INFO  Previously run:               2
01:38:43 INFO  Filtered out:                 0
01:38:43 INFO  -------------------------------
01:38:43 INFO  Total change sets:            2
01:38:43 INFO  Update summary generated
01:38:43 INFO  Command execution complete
01:38:43 WARN  spring.jpa.open-in-view is enabled by default. Therefore, database queries may be performed during view rendering. Explicitly configure spring.jpa.open-in-view to disable this warning
01:38:43 INFO  Tomcat started on port 9092 (http) with context path '/'
01:38:43 INFO  Started InventarioApplication in 9.473 seconds (process running for 10.15)
01:47:31 INFO  Starting InventarioApplication using Java 25 with PID 37600 (D:\FinalShit\CasoSemestral-DuocFullStack-I\inventario\inventario\target\classes started by Matt in D:\FinalShit\CasoSemestral-DuocFullStack-I\inventario\inventario)
01:47:31 INFO  No active profile set, falling back to 1 default profile: "default"
01:47:32 INFO  Bootstrapping Spring Data JPA repositories in DEFAULT mode.
01:47:32 INFO  Finished Spring Data repository scanning in 115 ms. Found 1 JPA repository interface.
01:47:33 INFO  Tomcat initialized with port 9092 (http)
01:47:33 INFO  Starting service [Tomcat]
01:47:33 INFO  Starting Servlet engine: [Apache Tomcat/11.0.21]
01:47:33 INFO  Root WebApplicationContext: initialization completed in 1346 ms
01:47:33 INFO  HHH008540: Processing PersistenceUnitInfo [name: default]
01:47:33 INFO  HHH000001: Hibernate ORM core version 7.2.12.Final
01:47:33 INFO  No LoadTimeWeaver setup: ignoring JPA class transformer
01:47:33 INFO  HikariPool-1 - Starting...
01:47:33 INFO  HikariPool-1 - Added connection com.mysql.cj.jdbc.ConnectionImpl@48860139
01:47:33 INFO  HikariPool-1 - Start completed.
01:47:34 WARN  HHH90000025: MySQLDialect does not need to be specified explicitly using 'hibernate.dialect' (remove the property setting and it will be selected by default)
01:47:34 INFO  HHH10001005: Database info:
	Database JDBC URL [jdbc:mysql://localhost:3306/bd_inventario?createDatabaseIfNotExist=true&serverTimezone=America/Santiago]
	Database driver: MySQL Connector/J
	Database dialect: MySQLDialect
	Database version: 8.4.3
	Default catalog/schema: bd_inventario/undefined
	Autocommit mode: undefined/unknown
	Isolation level: REPEATABLE_READ [default REPEATABLE_READ]
	JDBC fetch size: none
	Pool: DataSourceConnectionProvider
	Minimum pool size: undefined/unknown
	Maximum pool size: undefined/unknown
01:47:34 INFO  HHH000489: No JTA platform available (set 'hibernate.transaction.jta.platform' to enable JTA platform integration)
01:47:34 INFO  Initialized JPA EntityManagerFactory for persistence unit 'default'
01:47:35 INFO  Hibernate is in classpath; If applicable, HQL parser will be used.
01:47:36 INFO  Reading resource: db/changelog/changes/001-crea-tablas.sql
01:47:37 INFO  Reading from bd_inventario.databasechangelog
01:47:37 INFO  Reading resource: db/changelog/changes/002-datos-iniciales.sql
01:47:37 INFO  Database is up to date, no changesets to execute
01:47:37 INFO  Reading from bd_inventario.databasechangelog
01:47:37 INFO  UPDATE SUMMARY
01:47:37 INFO  Run:                          0
01:47:37 INFO  Previously run:               2
01:47:37 INFO  Filtered out:                 0
01:47:37 INFO  -------------------------------
01:47:37 INFO  Total change sets:            2
01:47:37 INFO  Update summary generated
01:47:37 INFO  Command execution complete
01:47:37 WARN  spring.jpa.open-in-view is enabled by default. Therefore, database queries may be performed during view rendering. Explicitly configure spring.jpa.open-in-view to disable this warning
01:47:37 INFO  Tomcat started on port 9092 (http) with context path '/'
01:47:37 INFO  Started InventarioApplication in 6.588 seconds (process running for 7.073)
01:50:39 INFO  Starting InventarioApplication using Java 25 with PID 26804 (D:\FinalShit\CasoSemestral-DuocFullStack-I\inventario\inventario\target\classes started by Matt in D:\FinalShit\CasoSemestral-DuocFullStack-I\inventario\inventario)
01:50:39 INFO  No active profile set, falling back to 1 default profile: "default"
01:50:40 INFO  Bootstrapping Spring Data JPA repositories in DEFAULT mode.
01:50:40 INFO  Finished Spring Data repository scanning in 118 ms. Found 1 JPA repository interface.
01:50:40 INFO  Tomcat initialized with port 9092 (http)
01:50:40 INFO  Starting service [Tomcat]
01:50:40 INFO  Starting Servlet engine: [Apache Tomcat/11.0.21]
01:50:40 INFO  Root WebApplicationContext: initialization completed in 1490 ms
01:50:40 INFO  HHH008540: Processing PersistenceUnitInfo [name: default]
01:50:41 INFO  HHH000001: Hibernate ORM core version 7.2.12.Final
01:50:41 INFO  No LoadTimeWeaver setup: ignoring JPA class transformer
01:50:41 INFO  HikariPool-1 - Starting...
01:50:41 INFO  HikariPool-1 - Added connection com.mysql.cj.jdbc.ConnectionImpl@229749f0
01:50:41 INFO  HikariPool-1 - Start completed.
01:50:41 WARN  HHH90000025: MySQLDialect does not need to be specified explicitly using 'hibernate.dialect' (remove the property setting and it will be selected by default)
01:50:41 INFO  HHH10001005: Database info:
	Database JDBC URL [jdbc:mysql://localhost:3306/bd_inventario?createDatabaseIfNotExist=true&serverTimezone=America/Santiago]
	Database driver: MySQL Connector/J
	Database dialect: MySQLDialect
	Database version: 8.4.3
	Default catalog/schema: bd_inventario/undefined
	Autocommit mode: undefined/unknown
	Isolation level: REPEATABLE_READ [default REPEATABLE_READ]
	JDBC fetch size: none
	Pool: DataSourceConnectionProvider
	Minimum pool size: undefined/unknown
	Maximum pool size: undefined/unknown
01:50:42 INFO  HHH000489: No JTA platform available (set 'hibernate.transaction.jta.platform' to enable JTA platform integration)
01:50:42 INFO  Initialized JPA EntityManagerFactory for persistence unit 'default'
01:50:42 INFO  Hibernate is in classpath; If applicable, HQL parser will be used.
01:50:44 INFO  Reading resource: db/changelog/changes/001-crea-tablas.sql
01:50:44 INFO  Reading from bd_inventario.databasechangelog
01:50:44 INFO  Reading resource: db/changelog/changes/002-datos-iniciales.sql
01:50:44 INFO  Database is up to date, no changesets to execute
01:50:44 INFO  Reading from bd_inventario.databasechangelog
01:50:44 INFO  UPDATE SUMMARY
01:50:44 INFO  Run:                          0
01:50:44 INFO  Previously run:               2
01:50:44 INFO  Filtered out:                 0
01:50:44 INFO  -------------------------------
01:50:44 INFO  Total change sets:            2
01:50:44 INFO  Update summary generated
01:50:44 INFO  Command execution complete
01:50:45 WARN  spring.jpa.open-in-view is enabled by default. Therefore, database queries may be performed during view rendering. Explicitly configure spring.jpa.open-in-view to disable this warning
01:50:45 INFO  Tomcat started on port 9092 (http) with context path '/'
01:50:45 INFO  Started InventarioApplication in 6.892 seconds (process running for 7.458)
02:01:24 INFO  Starting InventarioApplication using Java 25 with PID 10588 (D:\FinalShit\CasoSemestral-DuocFullStack-I\inventario\inventario\target\classes started by Matt in D:\FinalShit\CasoSemestral-DuocFullStack-I\inventario\inventario)
02:01:24 INFO  No active profile set, falling back to 1 default profile: "default"
02:01:25 INFO  Bootstrapping Spring Data JPA repositories in DEFAULT mode.
02:01:25 INFO  Finished Spring Data repository scanning in 129 ms. Found 1 JPA repository interface.
02:01:26 INFO  Tomcat initialized with port 9092 (http)
02:01:26 INFO  Starting service [Tomcat]
02:01:26 INFO  Starting Servlet engine: [Apache Tomcat/11.0.21]
02:01:26 INFO  Root WebApplicationContext: initialization completed in 1783 ms
02:01:26 INFO  HHH008540: Processing PersistenceUnitInfo [name: default]
02:01:26 INFO  HHH000001: Hibernate ORM core version 7.2.12.Final
02:01:27 INFO  No LoadTimeWeaver setup: ignoring JPA class transformer
02:01:27 INFO  HikariPool-1 - Starting...
02:01:27 INFO  HikariPool-1 - Added connection com.mysql.cj.jdbc.ConnectionImpl@3d57fb9e
02:01:27 INFO  HikariPool-1 - Start completed.
02:01:27 WARN  HHH90000025: MySQLDialect does not need to be specified explicitly using 'hibernate.dialect' (remove the property setting and it will be selected by default)
02:01:27 INFO  HHH10001005: Database info:
	Database JDBC URL [jdbc:mysql://localhost:3306/bd_inventario?createDatabaseIfNotExist=true&serverTimezone=America/Santiago]
	Database driver: MySQL Connector/J
	Database dialect: MySQLDialect
	Database version: 8.4.3
	Default catalog/schema: bd_inventario/undefined
	Autocommit mode: undefined/unknown
	Isolation level: REPEATABLE_READ [default REPEATABLE_READ]
	JDBC fetch size: none
	Pool: DataSourceConnectionProvider
	Minimum pool size: undefined/unknown
	Maximum pool size: undefined/unknown
02:01:29 INFO  HHH000489: No JTA platform available (set 'hibernate.transaction.jta.platform' to enable JTA platform integration)
02:01:29 INFO  Initialized JPA EntityManagerFactory for persistence unit 'default'
02:01:29 INFO  Hibernate is in classpath; If applicable, HQL parser will be used.
02:01:31 INFO  Reading resource: db/changelog/changes/001-crea-tablas.sql
02:01:31 INFO  Reading from bd_inventario.databasechangelog
02:01:31 INFO  Reading resource: db/changelog/changes/002-datos-iniciales.sql
02:01:31 INFO  Database is up to date, no changesets to execute
02:01:31 INFO  Reading from bd_inventario.databasechangelog
02:01:31 INFO  UPDATE SUMMARY
02:01:31 INFO  Run:                          0
02:01:31 INFO  Previously run:               2
02:01:31 INFO  Filtered out:                 0
02:01:31 INFO  -------------------------------
02:01:31 INFO  Total change sets:            2
02:01:31 INFO  Update summary generated
02:01:31 INFO  Command execution complete
02:01:32 WARN  spring.jpa.open-in-view is enabled by default. Therefore, database queries may be performed during view rendering. Explicitly configure spring.jpa.open-in-view to disable this warning
02:01:32 INFO  Tomcat started on port 9092 (http) with context path '/'
02:01:32 INFO  Started InventarioApplication in 8.5 seconds (process running for 9.146)
02:24:20 INFO  Starting InventarioApplication using Java 25 with PID 29756 (D:\FinalShit\CasoSemestral-DuocFullStack-I\inventario\inventario\target\classes started by Matt in D:\FinalShit\CasoSemestral-DuocFullStack-I\inventario\inventario)
02:24:20 INFO  No active profile set, falling back to 1 default profile: "default"
02:24:22 INFO  Bootstrapping Spring Data JPA repositories in DEFAULT mode.
02:24:22 INFO  Finished Spring Data repository scanning in 215 ms. Found 1 JPA repository interface.
02:24:23 INFO  Tomcat initialized with port 9092 (http)
02:24:23 INFO  Starting service [Tomcat]
02:24:23 INFO  Starting Servlet engine: [Apache Tomcat/11.0.21]
02:24:23 INFO  Root WebApplicationContext: initialization completed in 2529 ms
02:24:23 INFO  HHH008540: Processing PersistenceUnitInfo [name: default]
02:24:23 INFO  HHH000001: Hibernate ORM core version 7.2.12.Final
02:24:24 INFO  No LoadTimeWeaver setup: ignoring JPA class transformer
02:24:24 INFO  HikariPool-1 - Starting...
02:24:24 INFO  HikariPool-1 - Added connection com.mysql.cj.jdbc.ConnectionImpl@229749f0
02:24:24 INFO  HikariPool-1 - Start completed.
02:24:24 WARN  HHH90000025: MySQLDialect does not need to be specified explicitly using 'hibernate.dialect' (remove the property setting and it will be selected by default)
02:24:25 INFO  HHH10001005: Database info:
	Database JDBC URL [jdbc:mysql://localhost:3306/bd_inventario?createDatabaseIfNotExist=true&serverTimezone=America/Santiago]
	Database driver: MySQL Connector/J
	Database dialect: MySQLDialect
	Database version: 8.4.3
	Default catalog/schema: bd_inventario/undefined
	Autocommit mode: undefined/unknown
	Isolation level: REPEATABLE_READ [default REPEATABLE_READ]
	JDBC fetch size: none
	Pool: DataSourceConnectionProvider
	Minimum pool size: undefined/unknown
	Maximum pool size: undefined/unknown
02:24:26 INFO  HHH000489: No JTA platform available (set 'hibernate.transaction.jta.platform' to enable JTA platform integration)
02:24:26 INFO  Initialized JPA EntityManagerFactory for persistence unit 'default'
02:24:26 INFO  Hibernate is in classpath; If applicable, HQL parser will be used.
02:24:28 INFO  Reading resource: db/changelog/changes/001-crea-tablas.sql
02:24:28 INFO  Reading from bd_inventario.databasechangelog
02:24:28 INFO  Reading resource: db/changelog/changes/002-datos-iniciales.sql
02:24:28 INFO  Database is up to date, no changesets to execute
02:24:28 INFO  Reading from bd_inventario.databasechangelog
02:24:28 INFO  UPDATE SUMMARY
02:24:28 INFO  Run:                          0
02:24:28 INFO  Previously run:               2
02:24:28 INFO  Filtered out:                 0
02:24:28 INFO  -------------------------------
02:24:28 INFO  Total change sets:            2
02:24:28 INFO  Update summary generated
02:24:28 INFO  Command execution complete
02:24:29 WARN  spring.jpa.open-in-view is enabled by default. Therefore, database queries may be performed during view rendering. Explicitly configure spring.jpa.open-in-view to disable this warning
02:24:29 INFO  Tomcat started on port 9092 (http) with context path '/'
02:24:29 INFO  Started InventarioApplication in 9.626 seconds (process running for 10.403)
