21:27:44 INFO  Starting CompraApplication using Java 25 with PID 28092 (D:\FinalShit\CasoSemestral-DuocFullStack-I\compra\compra\target\classes started by Matt in D:\FinalShit\CasoSemestral-DuocFullStack-I\compra\compra)
21:27:44 INFO  No active profile set, falling back to 1 default profile: "default"
21:27:45 INFO  Bootstrapping Spring Data JPA repositories in DEFAULT mode.
21:27:45 INFO  Finished Spring Data repository scanning in 107 ms. Found 1 JPA repository interface.
21:27:45 INFO  Tomcat initialized with port 9091 (http)
21:27:45 INFO  Starting service [Tomcat]
21:27:45 INFO  Starting Servlet engine: [Apache Tomcat/11.0.21]
21:27:45 INFO  Root WebApplicationContext: initialization completed in 1029 ms
21:27:45 INFO  HHH008540: Processing PersistenceUnitInfo [name: default]
21:27:46 INFO  HHH000001: Hibernate ORM core version 7.2.12.Final
21:27:46 INFO  No LoadTimeWeaver setup: ignoring JPA class transformer
21:27:46 INFO  HikariPool-1 - Starting...
21:27:46 INFO  HikariPool-1 - Added connection com.mysql.cj.jdbc.ConnectionImpl@3856d0cb
21:27:46 INFO  HikariPool-1 - Start completed.
21:27:46 WARN  HHH90000025: MySQLDialect does not need to be specified explicitly using 'hibernate.dialect' (remove the property setting and it will be selected by default)
21:27:46 INFO  HHH10001005: Database info:
	Database JDBC URL [jdbc:mysql://localhost:3306/bd_compras?createDatabaseIfNotExist=true&serverTimezone=America/Santiago]
	Database driver: MySQL Connector/J
	Database dialect: MySQLDialect
	Database version: 9.7
	Default catalog/schema: bd_compras/undefined
	Autocommit mode: undefined/unknown
	Isolation level: REPEATABLE_READ [default REPEATABLE_READ]
	JDBC fetch size: none
	Pool: DataSourceConnectionProvider
	Minimum pool size: undefined/unknown
	Maximum pool size: undefined/unknown
21:27:47 INFO  HHH000489: No JTA platform available (set 'hibernate.transaction.jta.platform' to enable JTA platform integration)
21:27:47 INFO  Initialized JPA EntityManagerFactory for persistence unit 'default'
21:27:47 INFO  Hibernate is in classpath; If applicable, HQL parser will be used.
21:27:49 INFO  Reading resource: db/changelog/changes/001-crear-tablas.sql
21:27:49 INFO  Reading from bd_compras.databasechangelog
21:27:49 INFO  Reading resource: db/changelog/changes/002-datos-iniciales.sql
21:27:49 INFO  Successfully acquired change log lock
21:27:49 INFO  Using deploymentId: 0536468056
21:27:49 INFO  Reading from bd_compras.databasechangelog
21:27:49 INFO  Running Changeset: db/changelog/changes/001-crear-tablas.sql::1::bravatta
21:27:49 ERROR ChangeSet db/changelog/changes/001-crear-tablas.sql::1::bravatta encountered an exception.
liquibase.exception.DatabaseException: Table 'compras' already exists [Failed SQL: (1050) CREATE TABLE compras (
    id BIGINT AUTO_INCREMENT NOT NULL,
    fecha_compra DATETIME NOT NULL,
    total DECIMAL(10, 2) NOT NULL,
    cliente_id BIGINT NOT NULL,
    estado VARCHAR(50) NOT NULL,
    CONSTRAINT PK_COMPRAS PRIMARY KEY (id)
)]
	at liquibase.executor.jvm.JdbcExecutor$ExecuteStatementCallback.doInStatement(JdbcExecutor.java:525)
	at liquibase.executor.jvm.JdbcExecutor.execute(JdbcExecutor.java:85)
	at liquibase.executor.jvm.JdbcExecutor.execute(JdbcExecutor.java:188)
	at liquibase.executor.AbstractExecutor.execute(AbstractExecutor.java:148)
	at liquibase.database.AbstractJdbcDatabase.executeStatements(AbstractJdbcDatabase.java:1198)
	at liquibase.changelog.ChangeSet.execute(ChangeSet.java:860)
	at liquibase.changelog.visitor.UpdateVisitor.executeAcceptedChange(UpdateVisitor.java:127)
	at liquibase.changelog.visitor.UpdateVisitor.visit(UpdateVisitor.java:71)
	at liquibase.changelog.ChangeLogIterator.lambda$run$0(ChangeLogIterator.java:133)
	at liquibase.Scope.lambda$child$0(Scope.java:241)
	at liquibase.Scope.child(Scope.java:250)
	at liquibase.Scope.child(Scope.java:240)
	at liquibase.Scope.child(Scope.java:219)
	at liquibase.changelog.ChangeLogIterator.lambda$run$1(ChangeLogIterator.java:122)
	at liquibase.Scope.lambda$child$0(Scope.java:241)
	at liquibase.Scope.child(Scope.java:250)
	at liquibase.Scope.child(Scope.java:240)
	at liquibase.Scope.child(Scope.java:219)
	at liquibase.Scope.child(Scope.java:307)
	at liquibase.Scope.child(Scope.java:311)
	at liquibase.changelog.ChangeLogIterator.run(ChangeLogIterator.java:91)
	at liquibase.command.core.AbstractUpdateCommandStep.lambda$run$1(AbstractUpdateCommandStep.java:122)
	at liquibase.Scope.lambda$child$0(Scope.java:241)
	at liquibase.Scope.child(Scope.java:250)
	at liquibase.Scope.child(Scope.java:240)
	at liquibase.Scope.child(Scope.java:219)
	at liquibase.command.core.AbstractUpdateCommandStep.run(AbstractUpdateCommandStep.java:120)
	at liquibase.command.core.UpdateCommandStep.run(UpdateCommandStep.java:100)
	at liquibase.command.CommandScope.lambda$execute$5(CommandScope.java:269)
	at liquibase.Scope.child(Scope.java:250)
	at liquibase.Scope.child(Scope.java:226)
	at liquibase.command.CommandScope.execute(CommandScope.java:257)
	at liquibase.Liquibase.lambda$update$0(Liquibase.java:216)
	at liquibase.Scope.lambda$child$0(Scope.java:241)
	at liquibase.Scope.child(Scope.java:250)
	at liquibase.Scope.child(Scope.java:240)
	at liquibase.Scope.child(Scope.java:219)
	at liquibase.Liquibase.runInScope(Liquibase.java:1366)
	at liquibase.Liquibase.update(Liquibase.java:205)
	at liquibase.Liquibase.update(Liquibase.java:188)
	at liquibase.integration.spring.SpringLiquibase.performUpdate(SpringLiquibase.java:327)
	at liquibase.integration.spring.SpringLiquibase.lambda$afterPropertiesSet$0(SpringLiquibase.java:279)
	at liquibase.Scope.lambda$child$0(Scope.java:241)
	at liquibase.Scope.child(Scope.java:250)
	at liquibase.Scope.child(Scope.java:240)
	at liquibase.Scope.child(Scope.java:219)
	at liquibase.integration.spring.SpringLiquibase.afterPropertiesSet(SpringLiquibase.java:272)
	at org.springframework.beans.factory.support.AbstractAutowireCapableBeanFactory.invokeInitMethods(AbstractAutowireCapableBeanFactory.java:1864)
	at org.springframework.beans.factory.support.AbstractAutowireCapableBeanFactory.initializeBean(AbstractAutowireCapableBeanFactory.java:1813)
	at org.springframework.beans.factory.support.AbstractAutowireCapableBeanFactory.doCreateBean(AbstractAutowireCapableBeanFactory.java:603)
	at org.springframework.beans.factory.support.AbstractAutowireCapableBeanFactory.createBean(AbstractAutowireCapableBeanFactory.java:525)
	at org.springframework.beans.factory.support.AbstractBeanFactory.lambda$doGetBean$0(AbstractBeanFactory.java:333)
	at org.springframework.beans.factory.support.DefaultSingletonBeanRegistry.getSingleton(DefaultSingletonBeanRegistry.java:371)
	at org.springframework.beans.factory.support.AbstractBeanFactory.doGetBean(AbstractBeanFactory.java:331)
	at org.springframework.beans.factory.support.AbstractBeanFactory.getBean(AbstractBeanFactory.java:196)
	at org.springframework.beans.factory.support.DefaultListableBeanFactory.instantiateSingleton(DefaultListableBeanFactory.java:1218)
	at org.springframework.beans.factory.support.DefaultListableBeanFactory.preInstantiateSingleton(DefaultListableBeanFactory.java:1184)
	at org.springframework.beans.factory.support.DefaultListableBeanFactory.preInstantiateSingletons(DefaultListableBeanFactory.java:1121)
	at org.springframework.context.support.AbstractApplicationContext.finishBeanFactoryInitialization(AbstractApplicationContext.java:994)
	at org.springframework.context.support.AbstractApplicationContext.refresh(AbstractApplicationContext.java:621)
	at org.springframework.boot.web.server.servlet.context.ServletWebServerApplicationContext.refresh(ServletWebServerApplicationContext.java:143)
	at org.springframework.boot.SpringApplication.refresh(SpringApplication.java:756)
	at org.springframework.boot.SpringApplication.refreshContext(SpringApplication.java:445)
	at org.springframework.boot.SpringApplication.run(SpringApplication.java:321)
	at org.springframework.boot.SpringApplication.run(SpringApplication.java:1365)
	at org.springframework.boot.SpringApplication.run(SpringApplication.java:1354)
	at com.bravatta.compra.CompraApplication.main(CompraApplication.java:10)
Caused by: java.sql.SQLSyntaxErrorException: Table 'compras' already exists
	at com.mysql.cj.jdbc.exceptions.SQLError.createSQLException(SQLError.java:112)
	at com.mysql.cj.jdbc.exceptions.SQLExceptionsMapping.translateException(SQLExceptionsMapping.java:114)
	at com.mysql.cj.jdbc.StatementImpl.executeInternal(StatementImpl.java:839)
	at com.mysql.cj.jdbc.StatementImpl.execute(StatementImpl.java:687)
	at com.zaxxer.hikari.pool.ProxyStatement.execute(ProxyStatement.java:95)
	at com.zaxxer.hikari.pool.HikariProxyStatement.execute(HikariProxyStatement.java)
	at liquibase.executor.jvm.JdbcExecutor$ExecuteStatementCallback.doInStatement(JdbcExecutor.java:517)
	... 66 common frames omitted
21:27:49 INFO  UPDATE SUMMARY
21:27:49 INFO  Run:                          0
21:27:49 INFO  Previously run:               0
21:27:49 INFO  Filtered out:                 0
21:27:49 INFO  -------------------------------
21:27:49 INFO  Total change sets:            4
21:27:49 INFO  Update summary generated
21:27:49 INFO  Update command encountered an exception.
21:27:49 INFO  Successfully released change log lock
21:27:49 INFO  Logging exception.
21:27:49 INFO  ERROR: Exception Details
21:27:49 INFO  ERROR: Exception Primary Class:  SQLSyntaxErrorException
21:27:49 INFO  ERROR: Exception Primary Reason:  Table 'compras' already exists
21:27:49 INFO  ERROR: Exception Primary Source:  MySQL 9.7.0
21:27:49 INFO  Command execution complete
21:27:49 WARN  Exception encountered during context initialization - cancelling refresh attempt: org.springframework.beans.factory.BeanCreationException: Error creating bean with name 'liquibase' defined in class path resource [com/bravatta/compra/config/LiquibaseConfig.class]: liquibase.exception.CommandExecutionException: liquibase.exception.LiquibaseException: liquibase.exception.MigrationFailedException: Migration failed for changeset db/changelog/changes/001-crear-tablas.sql::1::bravatta:
     Reason: liquibase.exception.DatabaseException: Table 'compras' already exists [Failed SQL: (1050) CREATE TABLE compras (
    id BIGINT AUTO_INCREMENT NOT NULL,
    fecha_compra DATETIME NOT NULL,
    total DECIMAL(10, 2) NOT NULL,
    cliente_id BIGINT NOT NULL,
    estado VARCHAR(50) NOT NULL,
    CONSTRAINT PK_COMPRAS PRIMARY KEY (id)
)]
21:27:49 INFO  Closing JPA EntityManagerFactory for persistence unit 'default'
21:27:49 INFO  HikariPool-1 - Shutdown initiated...
21:27:49 INFO  HikariPool-1 - Shutdown completed.
21:27:49 INFO  Stopping service [Tomcat]
21:27:49 INFO  

Error starting ApplicationContext. To display the condition evaluation report re-run your application with 'debug' enabled.
21:27:49 ERROR Application run failed
org.springframework.beans.factory.BeanCreationException: Error creating bean with name 'liquibase' defined in class path resource [com/bravatta/compra/config/LiquibaseConfig.class]: liquibase.exception.CommandExecutionException: liquibase.exception.LiquibaseException: liquibase.exception.MigrationFailedException: Migration failed for changeset db/changelog/changes/001-crear-tablas.sql::1::bravatta:
     Reason: liquibase.exception.DatabaseException: Table 'compras' already exists [Failed SQL: (1050) CREATE TABLE compras (
    id BIGINT AUTO_INCREMENT NOT NULL,
    fecha_compra DATETIME NOT NULL,
    total DECIMAL(10, 2) NOT NULL,
    cliente_id BIGINT NOT NULL,
    estado VARCHAR(50) NOT NULL,
    CONSTRAINT PK_COMPRAS PRIMARY KEY (id)
)]
	at org.springframework.beans.factory.support.AbstractAutowireCapableBeanFactory.initializeBean(AbstractAutowireCapableBeanFactory.java:1817)
	at org.springframework.beans.factory.support.AbstractAutowireCapableBeanFactory.doCreateBean(AbstractAutowireCapableBeanFactory.java:603)
	at org.springframework.beans.factory.support.AbstractAutowireCapableBeanFactory.createBean(AbstractAutowireCapableBeanFactory.java:525)
	at org.springframework.beans.factory.support.AbstractBeanFactory.lambda$doGetBean$0(AbstractBeanFactory.java:333)
	at org.springframework.beans.factory.support.DefaultSingletonBeanRegistry.getSingleton(DefaultSingletonBeanRegistry.java:371)
	at org.springframework.beans.factory.support.AbstractBeanFactory.doGetBean(AbstractBeanFactory.java:331)
	at org.springframework.beans.factory.support.AbstractBeanFactory.getBean(AbstractBeanFactory.java:196)
	at org.springframework.beans.factory.support.DefaultListableBeanFactory.instantiateSingleton(DefaultListableBeanFactory.java:1218)
	at org.springframework.beans.factory.support.DefaultListableBeanFactory.preInstantiateSingleton(DefaultListableBeanFactory.java:1184)
	at org.springframework.beans.factory.support.DefaultListableBeanFactory.preInstantiateSingletons(DefaultListableBeanFactory.java:1121)
	at org.springframework.context.support.AbstractApplicationContext.finishBeanFactoryInitialization(AbstractApplicationContext.java:994)
	at org.springframework.context.support.AbstractApplicationContext.refresh(AbstractApplicationContext.java:621)
	at org.springframework.boot.web.server.servlet.context.ServletWebServerApplicationContext.refresh(ServletWebServerApplicationContext.java:143)
	at org.springframework.boot.SpringApplication.refresh(SpringApplication.java:756)
	at org.springframework.boot.SpringApplication.refreshContext(SpringApplication.java:445)
	at org.springframework.boot.SpringApplication.run(SpringApplication.java:321)
	at org.springframework.boot.SpringApplication.run(SpringApplication.java:1365)
	at org.springframework.boot.SpringApplication.run(SpringApplication.java:1354)
	at com.bravatta.compra.CompraApplication.main(CompraApplication.java:10)
Caused by: liquibase.exception.LiquibaseException: liquibase.exception.CommandExecutionException: liquibase.exception.LiquibaseException: liquibase.exception.MigrationFailedException: Migration failed for changeset db/changelog/changes/001-crear-tablas.sql::1::bravatta:
     Reason: liquibase.exception.DatabaseException: Table 'compras' already exists [Failed SQL: (1050) CREATE TABLE compras (
    id BIGINT AUTO_INCREMENT NOT NULL,
    fecha_compra DATETIME NOT NULL,
    total DECIMAL(10, 2) NOT NULL,
    cliente_id BIGINT NOT NULL,
    estado VARCHAR(50) NOT NULL,
    CONSTRAINT PK_COMPRAS PRIMARY KEY (id)
)]
	at liquibase.integration.spring.SpringLiquibase.afterPropertiesSet(SpringLiquibase.java:289)
	at org.springframework.beans.factory.support.AbstractAutowireCapableBeanFactory.invokeInitMethods(AbstractAutowireCapableBeanFactory.java:1864)
	at org.springframework.beans.factory.support.AbstractAutowireCapableBeanFactory.initializeBean(AbstractAutowireCapableBeanFactory.java:1813)
	... 18 common frames omitted
Caused by: liquibase.exception.CommandExecutionException: liquibase.exception.LiquibaseException: liquibase.exception.MigrationFailedException: Migration failed for changeset db/changelog/changes/001-crear-tablas.sql::1::bravatta:
     Reason: liquibase.exception.DatabaseException: Table 'compras' already exists [Failed SQL: (1050) CREATE TABLE compras (
    id BIGINT AUTO_INCREMENT NOT NULL,
    fecha_compra DATETIME NOT NULL,
    total DECIMAL(10, 2) NOT NULL,
    cliente_id BIGINT NOT NULL,
    estado VARCHAR(50) NOT NULL,
    CONSTRAINT PK_COMPRAS PRIMARY KEY (id)
)]
	at liquibase.command.CommandScope.lambda$execute$5(CommandScope.java:325)
	at liquibase.Scope.child(Scope.java:250)
	at liquibase.Scope.child(Scope.java:226)
	at liquibase.command.CommandScope.execute(CommandScope.java:257)
	at liquibase.Liquibase.lambda$update$0(Liquibase.java:216)
	at liquibase.Scope.lambda$child$0(Scope.java:241)
	at liquibase.Scope.child(Scope.java:250)
	at liquibase.Scope.child(Scope.java:240)
	at liquibase.Scope.child(Scope.java:219)
	at liquibase.Liquibase.runInScope(Liquibase.java:1366)
	at liquibase.Liquibase.update(Liquibase.java:205)
	at liquibase.Liquibase.update(Liquibase.java:188)
	at liquibase.integration.spring.SpringLiquibase.performUpdate(SpringLiquibase.java:327)
	at liquibase.integration.spring.SpringLiquibase.lambda$afterPropertiesSet$0(SpringLiquibase.java:279)
	at liquibase.Scope.lambda$child$0(Scope.java:241)
	at liquibase.Scope.child(Scope.java:250)
	at liquibase.Scope.child(Scope.java:240)
	at liquibase.Scope.child(Scope.java:219)
	at liquibase.integration.spring.SpringLiquibase.afterPropertiesSet(SpringLiquibase.java:272)
	... 20 common frames omitted
Caused by: liquibase.exception.LiquibaseException: liquibase.exception.MigrationFailedException: Migration failed for changeset db/changelog/changes/001-crear-tablas.sql::1::bravatta:
     Reason: liquibase.exception.DatabaseException: Table 'compras' already exists [Failed SQL: (1050) CREATE TABLE compras (
    id BIGINT AUTO_INCREMENT NOT NULL,
    fecha_compra DATETIME NOT NULL,
    total DECIMAL(10, 2) NOT NULL,
    cliente_id BIGINT NOT NULL,
    estado VARCHAR(50) NOT NULL,
    CONSTRAINT PK_COMPRAS PRIMARY KEY (id)
)]
	at liquibase.changelog.ChangeLogIterator.run(ChangeLogIterator.java:155)
	at liquibase.command.core.AbstractUpdateCommandStep.lambda$run$1(AbstractUpdateCommandStep.java:122)
	at liquibase.Scope.lambda$child$0(Scope.java:241)
	at liquibase.Scope.child(Scope.java:250)
	at liquibase.Scope.child(Scope.java:240)
	at liquibase.Scope.child(Scope.java:219)
	at liquibase.command.core.AbstractUpdateCommandStep.run(AbstractUpdateCommandStep.java:120)
	at liquibase.command.core.UpdateCommandStep.run(UpdateCommandStep.java:100)
	at liquibase.command.CommandScope.lambda$execute$5(CommandScope.java:269)
	... 38 common frames omitted
Caused by: liquibase.exception.MigrationFailedException: Migration failed for changeset db/changelog/changes/001-crear-tablas.sql::1::bravatta:
     Reason: liquibase.exception.DatabaseException: Table 'compras' already exists [Failed SQL: (1050) CREATE TABLE compras (
    id BIGINT AUTO_INCREMENT NOT NULL,
    fecha_compra DATETIME NOT NULL,
    total DECIMAL(10, 2) NOT NULL,
    cliente_id BIGINT NOT NULL,
    estado VARCHAR(50) NOT NULL,
    CONSTRAINT PK_COMPRAS PRIMARY KEY (id)
)]
	at liquibase.changelog.ChangeSet.execute(ChangeSet.java:918)
	at liquibase.changelog.visitor.UpdateVisitor.executeAcceptedChange(UpdateVisitor.java:127)
	at liquibase.changelog.visitor.UpdateVisitor.visit(UpdateVisitor.java:71)
	at liquibase.changelog.ChangeLogIterator.lambda$run$0(ChangeLogIterator.java:133)
	at liquibase.Scope.lambda$child$0(Scope.java:241)
	at liquibase.Scope.child(Scope.java:250)
	at liquibase.Scope.child(Scope.java:240)
	at liquibase.Scope.child(Scope.java:219)
	at liquibase.changelog.ChangeLogIterator.lambda$run$1(ChangeLogIterator.java:122)
	at liquibase.Scope.lambda$child$0(Scope.java:241)
	at liquibase.Scope.child(Scope.java:250)
	at liquibase.Scope.child(Scope.java:240)
	at liquibase.Scope.child(Scope.java:219)
	at liquibase.Scope.child(Scope.java:307)
	at liquibase.Scope.child(Scope.java:311)
	at liquibase.changelog.ChangeLogIterator.run(ChangeLogIterator.java:91)
	... 46 common frames omitted
Caused by: liquibase.exception.DatabaseException: Table 'compras' already exists [Failed SQL: (1050) CREATE TABLE compras (
    id BIGINT AUTO_INCREMENT NOT NULL,
    fecha_compra DATETIME NOT NULL,
    total DECIMAL(10, 2) NOT NULL,
    cliente_id BIGINT NOT NULL,
    estado VARCHAR(50) NOT NULL,
    CONSTRAINT PK_COMPRAS PRIMARY KEY (id)
)]
	at liquibase.executor.jvm.JdbcExecutor$ExecuteStatementCallback.doInStatement(JdbcExecutor.java:525)
	at liquibase.executor.jvm.JdbcExecutor.execute(JdbcExecutor.java:85)
	at liquibase.executor.jvm.JdbcExecutor.execute(JdbcExecutor.java:188)
	at liquibase.executor.AbstractExecutor.execute(AbstractExecutor.java:148)
	at liquibase.database.AbstractJdbcDatabase.executeStatements(AbstractJdbcDatabase.java:1198)
	at liquibase.changelog.ChangeSet.execute(ChangeSet.java:860)
	... 61 common frames omitted
Caused by: java.sql.SQLSyntaxErrorException: Table 'compras' already exists
	at com.mysql.cj.jdbc.exceptions.SQLError.createSQLException(SQLError.java:112)
	at com.mysql.cj.jdbc.exceptions.SQLExceptionsMapping.translateException(SQLExceptionsMapping.java:114)
	at com.mysql.cj.jdbc.StatementImpl.executeInternal(StatementImpl.java:839)
	at com.mysql.cj.jdbc.StatementImpl.execute(StatementImpl.java:687)
	at com.zaxxer.hikari.pool.ProxyStatement.execute(ProxyStatement.java:95)
	at com.zaxxer.hikari.pool.HikariProxyStatement.execute(HikariProxyStatement.java)
	at liquibase.executor.jvm.JdbcExecutor$ExecuteStatementCallback.doInStatement(JdbcExecutor.java:517)
	... 66 common frames omitted
21:34:40 INFO  Starting CompraApplication using Java 25 with PID 27856 (D:\FinalShit\CasoSemestral-DuocFullStack-I\compra\compra\target\classes started by Matt in D:\FinalShit\CasoSemestral-DuocFullStack-I\compra\compra)
21:34:40 INFO  No active profile set, falling back to 1 default profile: "default"
21:34:40 INFO  Bootstrapping Spring Data JPA repositories in DEFAULT mode.
21:34:41 INFO  Finished Spring Data repository scanning in 92 ms. Found 1 JPA repository interface.
21:34:41 INFO  Tomcat initialized with port 9091 (http)
21:34:41 INFO  Starting service [Tomcat]
21:34:41 INFO  Starting Servlet engine: [Apache Tomcat/11.0.21]
21:34:41 INFO  Root WebApplicationContext: initialization completed in 1006 ms
21:34:41 INFO  HHH008540: Processing PersistenceUnitInfo [name: default]
21:34:41 INFO  HHH000001: Hibernate ORM core version 7.2.12.Final
21:34:41 INFO  No LoadTimeWeaver setup: ignoring JPA class transformer
21:34:41 INFO  HikariPool-1 - Starting...
21:34:42 INFO  HikariPool-1 - Added connection com.mysql.cj.jdbc.ConnectionImpl@45cb5307
21:34:42 INFO  HikariPool-1 - Start completed.
21:34:42 WARN  HHH90000025: MySQLDialect does not need to be specified explicitly using 'hibernate.dialect' (remove the property setting and it will be selected by default)
21:34:42 INFO  HHH10001005: Database info:
	Database JDBC URL [jdbc:mysql://localhost:3306/bd_compras?createDatabaseIfNotExist=true&serverTimezone=America/Santiago]
	Database driver: MySQL Connector/J
	Database dialect: MySQLDialect
	Database version: 9.7
	Default catalog/schema: bd_compras/undefined
	Autocommit mode: undefined/unknown
	Isolation level: REPEATABLE_READ [default REPEATABLE_READ]
	JDBC fetch size: none
	Pool: DataSourceConnectionProvider
	Minimum pool size: undefined/unknown
	Maximum pool size: undefined/unknown
21:34:42 INFO  HHH000489: No JTA platform available (set 'hibernate.transaction.jta.platform' to enable JTA platform integration)
21:34:42 INFO  Initialized JPA EntityManagerFactory for persistence unit 'default'
21:34:42 INFO  Hibernate is in classpath; If applicable, HQL parser will be used.
21:34:44 INFO  Reading resource: db/changelog/changes/001-crear-tablas.sql
21:34:44 INFO  Creating database changelog table with name: bd_compras.databasechangelog
21:34:44 INFO  Reading from bd_compras.databasechangelog
21:34:44 INFO  Reading resource: db/changelog/changes/002-datos-iniciales.sql
21:34:44 INFO  Creating snapshot
21:34:44 INFO  Successfully acquired change log lock
21:34:44 INFO  Using deploymentId: 0536883480
21:34:44 INFO  Reading from bd_compras.databasechangelog
21:34:44 INFO  Running Changeset: db/changelog/changes/001-crear-tablas.sql::1::bravatta
21:34:44 INFO  Custom SQL executed
21:34:44 INFO  ChangeSet db/changelog/changes/001-crear-tablas.sql::1::bravatta ran successfully in 21ms
21:34:44 INFO  Running Changeset: db/changelog/changes/001-crear-tablas.sql::2::bravatta
21:34:44 INFO  Custom SQL executed
21:34:44 INFO  ChangeSet db/changelog/changes/001-crear-tablas.sql::2::bravatta ran successfully in 55ms
21:34:44 INFO  Running Changeset: db/changelog/changes/002-datos-iniciales.sql::3::bravatta
21:34:44 ERROR ChangeSet db/changelog/changes/002-datos-iniciales.sql::3::bravatta encountered an exception.
liquibase.exception.DatabaseException: Unknown column 'id_cliente' in 'field list' [Failed SQL: (1054) INSERT INTO compras (fecha_compra, total, id_cliente, estado) VALUES 
('2026-06-01 10:30:00', 45.50, 1, 'COMPLETADO'),
('2026-06-01 11:15:00', 120.00, 2, 'COMPLETADO'),
('2026-06-01 14:22:00', 15.75, 3, 'PENDIENTE'),
('2026-06-02 09:05:00', 89.99, 1, 'COMPLETADO'),
('2026-06-02 10:40:00', 210.50, 4, 'PROCESANDO'),
('2026-06-02 12:10:00', 35.00, 5, 'COMPLETADO'),
('2026-06-02 13:55:00', 12.25, 2, 'CANCELADO'),
('2026-06-02 15:18:00', 78.40, 6, 'COMPLETADO'),
('2026-06-02 16:45:00', 105.00, 3, 'PENDIENTE'),
('2026-06-02 17:30:00', 64.20, 7, 'COMPLETADO')]
	at liquibase.executor.jvm.JdbcExecutor$ExecuteStatementCallback.doInStatement(JdbcExecutor.java:525)
	at liquibase.executor.jvm.JdbcExecutor.execute(JdbcExecutor.java:85)
	at liquibase.executor.jvm.JdbcExecutor.execute(JdbcExecutor.java:188)
	at liquibase.executor.AbstractExecutor.execute(AbstractExecutor.java:148)
	at liquibase.database.AbstractJdbcDatabase.executeStatements(AbstractJdbcDatabase.java:1198)
	at liquibase.changelog.ChangeSet.execute(ChangeSet.java:860)
	at liquibase.changelog.visitor.UpdateVisitor.executeAcceptedChange(UpdateVisitor.java:127)
	at liquibase.changelog.visitor.UpdateVisitor.visit(UpdateVisitor.java:71)
	at liquibase.changelog.ChangeLogIterator.lambda$run$0(ChangeLogIterator.java:133)
	at liquibase.Scope.lambda$child$0(Scope.java:241)
	at liquibase.Scope.child(Scope.java:250)
	at liquibase.Scope.child(Scope.java:240)
	at liquibase.Scope.child(Scope.java:219)
	at liquibase.changelog.ChangeLogIterator.lambda$run$1(ChangeLogIterator.java:122)
	at liquibase.Scope.lambda$child$0(Scope.java:241)
	at liquibase.Scope.child(Scope.java:250)
	at liquibase.Scope.child(Scope.java:240)
	at liquibase.Scope.child(Scope.java:219)
	at liquibase.Scope.child(Scope.java:307)
	at liquibase.Scope.child(Scope.java:311)
	at liquibase.changelog.ChangeLogIterator.run(ChangeLogIterator.java:91)
	at liquibase.command.core.AbstractUpdateCommandStep.lambda$run$1(AbstractUpdateCommandStep.java:122)
	at liquibase.Scope.lambda$child$0(Scope.java:241)
	at liquibase.Scope.child(Scope.java:250)
	at liquibase.Scope.child(Scope.java:240)
	at liquibase.Scope.child(Scope.java:219)
	at liquibase.command.core.AbstractUpdateCommandStep.run(AbstractUpdateCommandStep.java:120)
	at liquibase.command.core.UpdateCommandStep.run(UpdateCommandStep.java:100)
	at liquibase.command.CommandScope.lambda$execute$5(CommandScope.java:269)
	at liquibase.Scope.child(Scope.java:250)
	at liquibase.Scope.child(Scope.java:226)
	at liquibase.command.CommandScope.execute(CommandScope.java:257)
	at liquibase.Liquibase.lambda$update$0(Liquibase.java:216)
	at liquibase.Scope.lambda$child$0(Scope.java:241)
	at liquibase.Scope.child(Scope.java:250)
	at liquibase.Scope.child(Scope.java:240)
	at liquibase.Scope.child(Scope.java:219)
	at liquibase.Liquibase.runInScope(Liquibase.java:1366)
	at liquibase.Liquibase.update(Liquibase.java:205)
	at liquibase.Liquibase.update(Liquibase.java:188)
	at liquibase.integration.spring.SpringLiquibase.performUpdate(SpringLiquibase.java:327)
	at liquibase.integration.spring.SpringLiquibase.lambda$afterPropertiesSet$0(SpringLiquibase.java:279)
	at liquibase.Scope.lambda$child$0(Scope.java:241)
	at liquibase.Scope.child(Scope.java:250)
	at liquibase.Scope.child(Scope.java:240)
	at liquibase.Scope.child(Scope.java:219)
	at liquibase.integration.spring.SpringLiquibase.afterPropertiesSet(SpringLiquibase.java:272)
	at org.springframework.beans.factory.support.AbstractAutowireCapableBeanFactory.invokeInitMethods(AbstractAutowireCapableBeanFactory.java:1864)
	at org.springframework.beans.factory.support.AbstractAutowireCapableBeanFactory.initializeBean(AbstractAutowireCapableBeanFactory.java:1813)
	at org.springframework.beans.factory.support.AbstractAutowireCapableBeanFactory.doCreateBean(AbstractAutowireCapableBeanFactory.java:603)
	at org.springframework.beans.factory.support.AbstractAutowireCapableBeanFactory.createBean(AbstractAutowireCapableBeanFactory.java:525)
	at org.springframework.beans.factory.support.AbstractBeanFactory.lambda$doGetBean$0(AbstractBeanFactory.java:333)
	at org.springframework.beans.factory.support.DefaultSingletonBeanRegistry.getSingleton(DefaultSingletonBeanRegistry.java:371)
	at org.springframework.beans.factory.support.AbstractBeanFactory.doGetBean(AbstractBeanFactory.java:331)
	at org.springframework.beans.factory.support.AbstractBeanFactory.getBean(AbstractBeanFactory.java:196)
	at org.springframework.beans.factory.support.DefaultListableBeanFactory.instantiateSingleton(DefaultListableBeanFactory.java:1218)
	at org.springframework.beans.factory.support.DefaultListableBeanFactory.preInstantiateSingleton(DefaultListableBeanFactory.java:1184)
	at org.springframework.beans.factory.support.DefaultListableBeanFactory.preInstantiateSingletons(DefaultListableBeanFactory.java:1121)
	at org.springframework.context.support.AbstractApplicationContext.finishBeanFactoryInitialization(AbstractApplicationContext.java:994)
	at org.springframework.context.support.AbstractApplicationContext.refresh(AbstractApplicationContext.java:621)
	at org.springframework.boot.web.server.servlet.context.ServletWebServerApplicationContext.refresh(ServletWebServerApplicationContext.java:143)
	at org.springframework.boot.SpringApplication.refresh(SpringApplication.java:756)
	at org.springframework.boot.SpringApplication.refreshContext(SpringApplication.java:445)
	at org.springframework.boot.SpringApplication.run(SpringApplication.java:321)
	at org.springframework.boot.SpringApplication.run(SpringApplication.java:1365)
	at org.springframework.boot.SpringApplication.run(SpringApplication.java:1354)
	at com.bravatta.compra.CompraApplication.main(CompraApplication.java:10)
Caused by: java.sql.SQLSyntaxErrorException: Unknown column 'id_cliente' in 'field list'
	at com.mysql.cj.jdbc.exceptions.SQLError.createSQLException(SQLError.java:112)
	at com.mysql.cj.jdbc.exceptions.SQLExceptionsMapping.translateException(SQLExceptionsMapping.java:114)
	at com.mysql.cj.jdbc.StatementImpl.executeInternal(StatementImpl.java:839)
	at com.mysql.cj.jdbc.StatementImpl.execute(StatementImpl.java:687)
	at com.zaxxer.hikari.pool.ProxyStatement.execute(ProxyStatement.java:95)
	at com.zaxxer.hikari.pool.HikariProxyStatement.execute(HikariProxyStatement.java)
	at liquibase.executor.jvm.JdbcExecutor$ExecuteStatementCallback.doInStatement(JdbcExecutor.java:517)
	... 66 common frames omitted
21:34:44 INFO  UPDATE SUMMARY
21:34:44 INFO  Run:                          2
21:34:44 INFO  Previously run:               0
21:34:44 INFO  Filtered out:                 0
21:34:44 INFO  -------------------------------
21:34:44 INFO  Total change sets:            4
21:34:44 INFO  Update summary generated
21:34:44 INFO  Update command encountered an exception.
21:34:44 INFO  Successfully released change log lock
21:34:44 INFO  Logging exception.
21:34:44 INFO  ERROR: Exception Details
21:34:44 INFO  ERROR: Exception Primary Class:  SQLSyntaxErrorException
21:34:44 INFO  ERROR: Exception Primary Reason:  Unknown column 'id_cliente' in 'field list'
21:34:44 INFO  ERROR: Exception Primary Source:  MySQL 9.7.0
21:34:44 INFO  Command execution complete
21:34:44 WARN  Exception encountered during context initialization - cancelling refresh attempt: org.springframework.beans.factory.BeanCreationException: Error creating bean with name 'liquibase' defined in class path resource [com/bravatta/compra/config/LiquibaseConfig.class]: liquibase.exception.CommandExecutionException: liquibase.exception.LiquibaseException: liquibase.exception.MigrationFailedException: Migration failed for changeset db/changelog/changes/002-datos-iniciales.sql::3::bravatta:
     Reason: liquibase.exception.DatabaseException: Unknown column 'id_cliente' in 'field list' [Failed SQL: (1054) INSERT INTO compras (fecha_compra, total, id_cliente, estado) VALUES 
('2026-06-01 10:30:00', 45.50, 1, 'COMPLETADO'),
('2026-06-01 11:15:00', 120.00, 2, 'COMPLETADO'),
('2026-06-01 14:22:00', 15.75, 3, 'PENDIENTE'),
('2026-06-02 09:05:00', 89.99, 1, 'COMPLETADO'),
('2026-06-02 10:40:00', 210.50, 4, 'PROCESANDO'),
('2026-06-02 12:10:00', 35.00, 5, 'COMPLETADO'),
('2026-06-02 13:55:00', 12.25, 2, 'CANCELADO'),
('2026-06-02 15:18:00', 78.40, 6, 'COMPLETADO'),
('2026-06-02 16:45:00', 105.00, 3, 'PENDIENTE'),
('2026-06-02 17:30:00', 64.20, 7, 'COMPLETADO')]
21:34:44 INFO  Closing JPA EntityManagerFactory for persistence unit 'default'
21:34:44 INFO  HikariPool-1 - Shutdown initiated...
21:34:44 INFO  HikariPool-1 - Shutdown completed.
21:34:44 INFO  Stopping service [Tomcat]
21:34:44 INFO  

Error starting ApplicationContext. To display the condition evaluation report re-run your application with 'debug' enabled.
21:34:44 ERROR Application run failed
org.springframework.beans.factory.BeanCreationException: Error creating bean with name 'liquibase' defined in class path resource [com/bravatta/compra/config/LiquibaseConfig.class]: liquibase.exception.CommandExecutionException: liquibase.exception.LiquibaseException: liquibase.exception.MigrationFailedException: Migration failed for changeset db/changelog/changes/002-datos-iniciales.sql::3::bravatta:
     Reason: liquibase.exception.DatabaseException: Unknown column 'id_cliente' in 'field list' [Failed SQL: (1054) INSERT INTO compras (fecha_compra, total, id_cliente, estado) VALUES 
('2026-06-01 10:30:00', 45.50, 1, 'COMPLETADO'),
('2026-06-01 11:15:00', 120.00, 2, 'COMPLETADO'),
('2026-06-01 14:22:00', 15.75, 3, 'PENDIENTE'),
('2026-06-02 09:05:00', 89.99, 1, 'COMPLETADO'),
('2026-06-02 10:40:00', 210.50, 4, 'PROCESANDO'),
('2026-06-02 12:10:00', 35.00, 5, 'COMPLETADO'),
('2026-06-02 13:55:00', 12.25, 2, 'CANCELADO'),
('2026-06-02 15:18:00', 78.40, 6, 'COMPLETADO'),
('2026-06-02 16:45:00', 105.00, 3, 'PENDIENTE'),
('2026-06-02 17:30:00', 64.20, 7, 'COMPLETADO')]
	at org.springframework.beans.factory.support.AbstractAutowireCapableBeanFactory.initializeBean(AbstractAutowireCapableBeanFactory.java:1817)
	at org.springframework.beans.factory.support.AbstractAutowireCapableBeanFactory.doCreateBean(AbstractAutowireCapableBeanFactory.java:603)
	at org.springframework.beans.factory.support.AbstractAutowireCapableBeanFactory.createBean(AbstractAutowireCapableBeanFactory.java:525)
	at org.springframework.beans.factory.support.AbstractBeanFactory.lambda$doGetBean$0(AbstractBeanFactory.java:333)
	at org.springframework.beans.factory.support.DefaultSingletonBeanRegistry.getSingleton(DefaultSingletonBeanRegistry.java:371)
	at org.springframework.beans.factory.support.AbstractBeanFactory.doGetBean(AbstractBeanFactory.java:331)
	at org.springframework.beans.factory.support.AbstractBeanFactory.getBean(AbstractBeanFactory.java:196)
	at org.springframework.beans.factory.support.DefaultListableBeanFactory.instantiateSingleton(DefaultListableBeanFactory.java:1218)
	at org.springframework.beans.factory.support.DefaultListableBeanFactory.preInstantiateSingleton(DefaultListableBeanFactory.java:1184)
	at org.springframework.beans.factory.support.DefaultListableBeanFactory.preInstantiateSingletons(DefaultListableBeanFactory.java:1121)
	at org.springframework.context.support.AbstractApplicationContext.finishBeanFactoryInitialization(AbstractApplicationContext.java:994)
	at org.springframework.context.support.AbstractApplicationContext.refresh(AbstractApplicationContext.java:621)
	at org.springframework.boot.web.server.servlet.context.ServletWebServerApplicationContext.refresh(ServletWebServerApplicationContext.java:143)
	at org.springframework.boot.SpringApplication.refresh(SpringApplication.java:756)
	at org.springframework.boot.SpringApplication.refreshContext(SpringApplication.java:445)
	at org.springframework.boot.SpringApplication.run(SpringApplication.java:321)
	at org.springframework.boot.SpringApplication.run(SpringApplication.java:1365)
	at org.springframework.boot.SpringApplication.run(SpringApplication.java:1354)
	at com.bravatta.compra.CompraApplication.main(CompraApplication.java:10)
Caused by: liquibase.exception.LiquibaseException: liquibase.exception.CommandExecutionException: liquibase.exception.LiquibaseException: liquibase.exception.MigrationFailedException: Migration failed for changeset db/changelog/changes/002-datos-iniciales.sql::3::bravatta:
     Reason: liquibase.exception.DatabaseException: Unknown column 'id_cliente' in 'field list' [Failed SQL: (1054) INSERT INTO compras (fecha_compra, total, id_cliente, estado) VALUES 
('2026-06-01 10:30:00', 45.50, 1, 'COMPLETADO'),
('2026-06-01 11:15:00', 120.00, 2, 'COMPLETADO'),
('2026-06-01 14:22:00', 15.75, 3, 'PENDIENTE'),
('2026-06-02 09:05:00', 89.99, 1, 'COMPLETADO'),
('2026-06-02 10:40:00', 210.50, 4, 'PROCESANDO'),
('2026-06-02 12:10:00', 35.00, 5, 'COMPLETADO'),
('2026-06-02 13:55:00', 12.25, 2, 'CANCELADO'),
('2026-06-02 15:18:00', 78.40, 6, 'COMPLETADO'),
('2026-06-02 16:45:00', 105.00, 3, 'PENDIENTE'),
('2026-06-02 17:30:00', 64.20, 7, 'COMPLETADO')]
	at liquibase.integration.spring.SpringLiquibase.afterPropertiesSet(SpringLiquibase.java:289)
	at org.springframework.beans.factory.support.AbstractAutowireCapableBeanFactory.invokeInitMethods(AbstractAutowireCapableBeanFactory.java:1864)
	at org.springframework.beans.factory.support.AbstractAutowireCapableBeanFactory.initializeBean(AbstractAutowireCapableBeanFactory.java:1813)
	... 18 common frames omitted
Caused by: liquibase.exception.CommandExecutionException: liquibase.exception.LiquibaseException: liquibase.exception.MigrationFailedException: Migration failed for changeset db/changelog/changes/002-datos-iniciales.sql::3::bravatta:
     Reason: liquibase.exception.DatabaseException: Unknown column 'id_cliente' in 'field list' [Failed SQL: (1054) INSERT INTO compras (fecha_compra, total, id_cliente, estado) VALUES 
('2026-06-01 10:30:00', 45.50, 1, 'COMPLETADO'),
('2026-06-01 11:15:00', 120.00, 2, 'COMPLETADO'),
('2026-06-01 14:22:00', 15.75, 3, 'PENDIENTE'),
('2026-06-02 09:05:00', 89.99, 1, 'COMPLETADO'),
('2026-06-02 10:40:00', 210.50, 4, 'PROCESANDO'),
('2026-06-02 12:10:00', 35.00, 5, 'COMPLETADO'),
('2026-06-02 13:55:00', 12.25, 2, 'CANCELADO'),
('2026-06-02 15:18:00', 78.40, 6, 'COMPLETADO'),
('2026-06-02 16:45:00', 105.00, 3, 'PENDIENTE'),
('2026-06-02 17:30:00', 64.20, 7, 'COMPLETADO')]
	at liquibase.command.CommandScope.lambda$execute$5(CommandScope.java:325)
	at liquibase.Scope.child(Scope.java:250)
	at liquibase.Scope.child(Scope.java:226)
	at liquibase.command.CommandScope.execute(CommandScope.java:257)
	at liquibase.Liquibase.lambda$update$0(Liquibase.java:216)
	at liquibase.Scope.lambda$child$0(Scope.java:241)
	at liquibase.Scope.child(Scope.java:250)
	at liquibase.Scope.child(Scope.java:240)
	at liquibase.Scope.child(Scope.java:219)
	at liquibase.Liquibase.runInScope(Liquibase.java:1366)
	at liquibase.Liquibase.update(Liquibase.java:205)
	at liquibase.Liquibase.update(Liquibase.java:188)
	at liquibase.integration.spring.SpringLiquibase.performUpdate(SpringLiquibase.java:327)
	at liquibase.integration.spring.SpringLiquibase.lambda$afterPropertiesSet$0(SpringLiquibase.java:279)
	at liquibase.Scope.lambda$child$0(Scope.java:241)
	at liquibase.Scope.child(Scope.java:250)
	at liquibase.Scope.child(Scope.java:240)
	at liquibase.Scope.child(Scope.java:219)
	at liquibase.integration.spring.SpringLiquibase.afterPropertiesSet(SpringLiquibase.java:272)
	... 20 common frames omitted
Caused by: liquibase.exception.LiquibaseException: liquibase.exception.MigrationFailedException: Migration failed for changeset db/changelog/changes/002-datos-iniciales.sql::3::bravatta:
     Reason: liquibase.exception.DatabaseException: Unknown column 'id_cliente' in 'field list' [Failed SQL: (1054) INSERT INTO compras (fecha_compra, total, id_cliente, estado) VALUES 
('2026-06-01 10:30:00', 45.50, 1, 'COMPLETADO'),
('2026-06-01 11:15:00', 120.00, 2, 'COMPLETADO'),
('2026-06-01 14:22:00', 15.75, 3, 'PENDIENTE'),
('2026-06-02 09:05:00', 89.99, 1, 'COMPLETADO'),
('2026-06-02 10:40:00', 210.50, 4, 'PROCESANDO'),
('2026-06-02 12:10:00', 35.00, 5, 'COMPLETADO'),
('2026-06-02 13:55:00', 12.25, 2, 'CANCELADO'),
('2026-06-02 15:18:00', 78.40, 6, 'COMPLETADO'),
('2026-06-02 16:45:00', 105.00, 3, 'PENDIENTE'),
('2026-06-02 17:30:00', 64.20, 7, 'COMPLETADO')]
	at liquibase.changelog.ChangeLogIterator.run(ChangeLogIterator.java:155)
	at liquibase.command.core.AbstractUpdateCommandStep.lambda$run$1(AbstractUpdateCommandStep.java:122)
	at liquibase.Scope.lambda$child$0(Scope.java:241)
	at liquibase.Scope.child(Scope.java:250)
	at liquibase.Scope.child(Scope.java:240)
	at liquibase.Scope.child(Scope.java:219)
	at liquibase.command.core.AbstractUpdateCommandStep.run(AbstractUpdateCommandStep.java:120)
	at liquibase.command.core.UpdateCommandStep.run(UpdateCommandStep.java:100)
	at liquibase.command.CommandScope.lambda$execute$5(CommandScope.java:269)
	... 38 common frames omitted
Caused by: liquibase.exception.MigrationFailedException: Migration failed for changeset db/changelog/changes/002-datos-iniciales.sql::3::bravatta:
     Reason: liquibase.exception.DatabaseException: Unknown column 'id_cliente' in 'field list' [Failed SQL: (1054) INSERT INTO compras (fecha_compra, total, id_cliente, estado) VALUES 
('2026-06-01 10:30:00', 45.50, 1, 'COMPLETADO'),
('2026-06-01 11:15:00', 120.00, 2, 'COMPLETADO'),
('2026-06-01 14:22:00', 15.75, 3, 'PENDIENTE'),
('2026-06-02 09:05:00', 89.99, 1, 'COMPLETADO'),
('2026-06-02 10:40:00', 210.50, 4, 'PROCESANDO'),
('2026-06-02 12:10:00', 35.00, 5, 'COMPLETADO'),
('2026-06-02 13:55:00', 12.25, 2, 'CANCELADO'),
('2026-06-02 15:18:00', 78.40, 6, 'COMPLETADO'),
('2026-06-02 16:45:00', 105.00, 3, 'PENDIENTE'),
('2026-06-02 17:30:00', 64.20, 7, 'COMPLETADO')]
	at liquibase.changelog.ChangeSet.execute(ChangeSet.java:918)
	at liquibase.changelog.visitor.UpdateVisitor.executeAcceptedChange(UpdateVisitor.java:127)
	at liquibase.changelog.visitor.UpdateVisitor.visit(UpdateVisitor.java:71)
	at liquibase.changelog.ChangeLogIterator.lambda$run$0(ChangeLogIterator.java:133)
	at liquibase.Scope.lambda$child$0(Scope.java:241)
	at liquibase.Scope.child(Scope.java:250)
	at liquibase.Scope.child(Scope.java:240)
	at liquibase.Scope.child(Scope.java:219)
	at liquibase.changelog.ChangeLogIterator.lambda$run$1(ChangeLogIterator.java:122)
	at liquibase.Scope.lambda$child$0(Scope.java:241)
	at liquibase.Scope.child(Scope.java:250)
	at liquibase.Scope.child(Scope.java:240)
	at liquibase.Scope.child(Scope.java:219)
	at liquibase.Scope.child(Scope.java:307)
	at liquibase.Scope.child(Scope.java:311)
	at liquibase.changelog.ChangeLogIterator.run(ChangeLogIterator.java:91)
	... 46 common frames omitted
Caused by: liquibase.exception.DatabaseException: Unknown column 'id_cliente' in 'field list' [Failed SQL: (1054) INSERT INTO compras (fecha_compra, total, id_cliente, estado) VALUES 
('2026-06-01 10:30:00', 45.50, 1, 'COMPLETADO'),
('2026-06-01 11:15:00', 120.00, 2, 'COMPLETADO'),
('2026-06-01 14:22:00', 15.75, 3, 'PENDIENTE'),
('2026-06-02 09:05:00', 89.99, 1, 'COMPLETADO'),
('2026-06-02 10:40:00', 210.50, 4, 'PROCESANDO'),
('2026-06-02 12:10:00', 35.00, 5, 'COMPLETADO'),
('2026-06-02 13:55:00', 12.25, 2, 'CANCELADO'),
('2026-06-02 15:18:00', 78.40, 6, 'COMPLETADO'),
('2026-06-02 16:45:00', 105.00, 3, 'PENDIENTE'),
('2026-06-02 17:30:00', 64.20, 7, 'COMPLETADO')]
	at liquibase.executor.jvm.JdbcExecutor$ExecuteStatementCallback.doInStatement(JdbcExecutor.java:525)
	at liquibase.executor.jvm.JdbcExecutor.execute(JdbcExecutor.java:85)
	at liquibase.executor.jvm.JdbcExecutor.execute(JdbcExecutor.java:188)
	at liquibase.executor.AbstractExecutor.execute(AbstractExecutor.java:148)
	at liquibase.database.AbstractJdbcDatabase.executeStatements(AbstractJdbcDatabase.java:1198)
	at liquibase.changelog.ChangeSet.execute(ChangeSet.java:860)
	... 61 common frames omitted
Caused by: java.sql.SQLSyntaxErrorException: Unknown column 'id_cliente' in 'field list'
	at com.mysql.cj.jdbc.exceptions.SQLError.createSQLException(SQLError.java:112)
	at com.mysql.cj.jdbc.exceptions.SQLExceptionsMapping.translateException(SQLExceptionsMapping.java:114)
	at com.mysql.cj.jdbc.StatementImpl.executeInternal(StatementImpl.java:839)
	at com.mysql.cj.jdbc.StatementImpl.execute(StatementImpl.java:687)
	at com.zaxxer.hikari.pool.ProxyStatement.execute(ProxyStatement.java:95)
	at com.zaxxer.hikari.pool.HikariProxyStatement.execute(HikariProxyStatement.java)
	at liquibase.executor.jvm.JdbcExecutor$ExecuteStatementCallback.doInStatement(JdbcExecutor.java:517)
	... 66 common frames omitted
21:54:45 INFO  Starting CompraApplication using Java 25 with PID 28332 (D:\FinalShit\CasoSemestral-DuocFullStack-I\compra\compra\target\classes started by Matt in D:\FinalShit\CasoSemestral-DuocFullStack-I\compra\compra)
21:54:45 INFO  No active profile set, falling back to 1 default profile: "default"
21:54:46 INFO  Bootstrapping Spring Data JPA repositories in DEFAULT mode.
21:54:46 INFO  Finished Spring Data repository scanning in 85 ms. Found 1 JPA repository interface.
21:54:46 INFO  Tomcat initialized with port 9091 (http)
21:54:46 INFO  Starting service [Tomcat]
21:54:46 INFO  Starting Servlet engine: [Apache Tomcat/11.0.21]
21:54:46 INFO  Root WebApplicationContext: initialization completed in 910 ms
21:54:46 INFO  HHH008540: Processing PersistenceUnitInfo [name: default]
21:54:46 INFO  HHH000001: Hibernate ORM core version 7.2.12.Final
21:54:47 INFO  No LoadTimeWeaver setup: ignoring JPA class transformer
21:54:47 INFO  HikariPool-1 - Starting...
21:54:47 INFO  HikariPool-1 - Added connection com.mysql.cj.jdbc.ConnectionImpl@99223ac
21:54:47 INFO  HikariPool-1 - Start completed.
21:54:47 WARN  HHH90000025: MySQLDialect does not need to be specified explicitly using 'hibernate.dialect' (remove the property setting and it will be selected by default)
21:54:47 INFO  HHH10001005: Database info:
	Database JDBC URL [jdbc:mysql://localhost:3306/bd_compras?createDatabaseIfNotExist=true&serverTimezone=America/Santiago]
	Database driver: MySQL Connector/J
	Database dialect: MySQLDialect
	Database version: 9.7
	Default catalog/schema: bd_compras/undefined
	Autocommit mode: undefined/unknown
	Isolation level: REPEATABLE_READ [default REPEATABLE_READ]
	JDBC fetch size: none
	Pool: DataSourceConnectionProvider
	Minimum pool size: undefined/unknown
	Maximum pool size: undefined/unknown
21:54:48 INFO  HHH000489: No JTA platform available (set 'hibernate.transaction.jta.platform' to enable JTA platform integration)
21:54:48 INFO  Initialized JPA EntityManagerFactory for persistence unit 'default'
21:54:48 INFO  Hibernate is in classpath; If applicable, HQL parser will be used.
21:54:50 INFO  Reading resource: db/changelog/changes/001-crear-tablas.sql
21:54:50 INFO  Creating database changelog table with name: bd_compras.databasechangelog
21:54:50 INFO  Reading from bd_compras.databasechangelog
21:54:50 INFO  Reading resource: db/changelog/changes/002-datos-iniciales.sql
21:54:50 INFO  Creating snapshot
21:54:50 INFO  Successfully acquired change log lock
21:54:50 INFO  Using deploymentId: 0538088736
21:54:50 INFO  Reading from bd_compras.databasechangelog
21:54:50 INFO  Running Changeset: db/changelog/changes/001-crear-tablas.sql::1::bravatta
21:54:50 INFO  Custom SQL executed
21:54:50 INFO  ChangeSet db/changelog/changes/001-crear-tablas.sql::1::bravatta ran successfully in 20ms
21:54:50 INFO  Running Changeset: db/changelog/changes/001-crear-tablas.sql::2::bravatta
21:54:50 INFO  Custom SQL executed
21:54:50 INFO  ChangeSet db/changelog/changes/001-crear-tablas.sql::2::bravatta ran successfully in 51ms
21:54:50 INFO  Running Changeset: db/changelog/changes/002-datos-iniciales.sql::3::bravatta
21:54:50 INFO  Custom SQL executed
21:54:50 INFO  ChangeSet db/changelog/changes/002-datos-iniciales.sql::3::bravatta ran successfully in 0ms
21:54:50 INFO  Running Changeset: db/changelog/changes/002-datos-iniciales.sql::4::bravatta
21:54:50 INFO  Custom SQL executed
21:54:50 INFO  ChangeSet db/changelog/changes/002-datos-iniciales.sql::4::bravatta ran successfully in 0ms
21:54:50 INFO  UPDATE SUMMARY
21:54:50 INFO  Run:                          4
21:54:50 INFO  Previously run:               0
21:54:50 INFO  Filtered out:                 0
21:54:50 INFO  -------------------------------
21:54:50 INFO  Total change sets:            4
21:54:50 INFO  Update summary generated
21:54:50 INFO  Update command completed successfully.
21:54:50 INFO  Liquibase: Update has been successful. Rows affected: 0
21:54:50 INFO  Successfully released change log lock
21:54:50 INFO  Command execution complete
21:54:50 WARN  spring.jpa.open-in-view is enabled by default. Therefore, database queries may be performed during view rendering. Explicitly configure spring.jpa.open-in-view to disable this warning
21:54:50 INFO  Tomcat started on port 9091 (http) with context path '/'
21:54:50 INFO  Started CompraApplication in 5.229 seconds (process running for 5.572)
