00:02:21 INFO  Starting CompraApplication using Java 25 with PID 14196 (D:\FinalShit\CasoSemestral-DuocFullStack-I\compra\compra\target\classes started by Matt in D:\FinalShit\CasoSemestral-DuocFullStack-I\compra\compra)
00:02:21 INFO  No active profile set, falling back to 1 default profile: "default"
00:02:22 INFO  Bootstrapping Spring Data JPA repositories in DEFAULT mode.
00:02:22 INFO  Finished Spring Data repository scanning in 102 ms. Found 1 JPA repository interface.
00:02:23 INFO  Tomcat initialized with port 9091 (http)
00:02:23 INFO  Starting service [Tomcat]
00:02:23 INFO  Starting Servlet engine: [Apache Tomcat/11.0.21]
00:02:23 INFO  Root WebApplicationContext: initialization completed in 1230 ms
00:02:23 INFO  HHH008540: Processing PersistenceUnitInfo [name: default]
00:02:23 INFO  HHH000001: Hibernate ORM core version 7.2.12.Final
00:02:23 INFO  No LoadTimeWeaver setup: ignoring JPA class transformer
00:02:23 INFO  HikariPool-1 - Starting...
00:02:23 INFO  HikariPool-1 - Added connection com.mysql.cj.jdbc.ConnectionImpl@63f2d024
00:02:23 INFO  HikariPool-1 - Start completed.
00:02:23 WARN  HHH90000025: MySQLDialect does not need to be specified explicitly using 'hibernate.dialect' (remove the property setting and it will be selected by default)
00:02:23 INFO  HHH10001005: Database info:
	Database JDBC URL [jdbc:mysql://localhost:3306/bd_compras?createDatabaseIfNotExist=true&serverTimezone=America/Santiago]
	Database driver: MySQL Connector/J
	Database dialect: MySQLDialect
	Database version: 8.4.3
	Default catalog/schema: bd_compras/undefined
	Autocommit mode: undefined/unknown
	Isolation level: REPEATABLE_READ [default REPEATABLE_READ]
	JDBC fetch size: none
	Pool: DataSourceConnectionProvider
	Minimum pool size: undefined/unknown
	Maximum pool size: undefined/unknown
00:02:24 INFO  HHH000489: No JTA platform available (set 'hibernate.transaction.jta.platform' to enable JTA platform integration)
00:02:24 INFO  Initialized JPA EntityManagerFactory for persistence unit 'default'
00:02:24 INFO  Hibernate is in classpath; If applicable, HQL parser will be used.
00:02:26 INFO  Reading resource: db/changelog/changes/001-crear-tablas.sql
00:02:27 INFO  Reading from bd_compras.databasechangelog
00:02:27 INFO  Reading resource: db/changelog/changes/002-datos-iniciales.sql
00:02:27 INFO  Database is up to date, no changesets to execute
00:02:27 INFO  Reading from bd_compras.databasechangelog
00:02:27 INFO  UPDATE SUMMARY
00:02:27 INFO  Run:                          0
00:02:27 INFO  Previously run:               4
00:02:27 INFO  Filtered out:                 0
00:02:27 INFO  -------------------------------
00:02:27 INFO  Total change sets:            4
00:02:27 INFO  Update summary generated
00:02:27 INFO  Command execution complete
00:02:27 WARN  spring.jpa.open-in-view is enabled by default. Therefore, database queries may be performed during view rendering. Explicitly configure spring.jpa.open-in-view to disable this warning
00:02:28 INFO  Tomcat started on port 9091 (http) with context path '/'
00:02:28 INFO  Started CompraApplication in 6.75 seconds (process running for 7.34)
00:02:53 INFO  Initializing Spring DispatcherServlet 'dispatcherServlet'
00:02:53 INFO  Initializing Servlet 'dispatcherServlet'
00:02:53 INFO  Completed initialization in 0 ms
00:02:53 INFO  GET /api/compras — listando todas las compras
00:02:53 INFO  Listando todas las compras
00:02:53 INFO  Se retornaron 10 compras.
00:51:28 INFO  Starting CompraApplication using Java 25 with PID 34360 (D:\FinalShit\CasoSemestral-DuocFullStack-I\compra\compra\target\classes started by Matt in D:\FinalShit\CasoSemestral-DuocFullStack-I\compra\compra)
00:51:28 INFO  No active profile set, falling back to 1 default profile: "default"
00:51:29 INFO  Bootstrapping Spring Data JPA repositories in DEFAULT mode.
00:51:29 INFO  Finished Spring Data repository scanning in 104 ms. Found 1 JPA repository interface.
00:51:29 INFO  Tomcat initialized with port 9091 (http)
00:51:29 INFO  Starting service [Tomcat]
00:51:29 INFO  Starting Servlet engine: [Apache Tomcat/11.0.21]
00:51:29 INFO  Root WebApplicationContext: initialization completed in 1310 ms
00:51:29 INFO  HHH008540: Processing PersistenceUnitInfo [name: default]
00:51:29 INFO  HHH000001: Hibernate ORM core version 7.2.12.Final
00:51:30 INFO  No LoadTimeWeaver setup: ignoring JPA class transformer
00:51:30 INFO  HikariPool-1 - Starting...
00:51:30 INFO  HikariPool-1 - Added connection com.mysql.cj.jdbc.ConnectionImpl@3b64f131
00:51:30 INFO  HikariPool-1 - Start completed.
00:51:30 WARN  HHH90000025: MySQLDialect does not need to be specified explicitly using 'hibernate.dialect' (remove the property setting and it will be selected by default)
00:51:30 INFO  HHH10001005: Database info:
	Database JDBC URL [jdbc:mysql://localhost:3306/bd_compras?createDatabaseIfNotExist=true&serverTimezone=America/Santiago]
	Database driver: MySQL Connector/J
	Database dialect: MySQLDialect
	Database version: 8.4.3
	Default catalog/schema: bd_compras/undefined
	Autocommit mode: undefined/unknown
	Isolation level: REPEATABLE_READ [default REPEATABLE_READ]
	JDBC fetch size: none
	Pool: DataSourceConnectionProvider
	Minimum pool size: undefined/unknown
	Maximum pool size: undefined/unknown
00:51:31 INFO  HHH000489: No JTA platform available (set 'hibernate.transaction.jta.platform' to enable JTA platform integration)
00:51:31 INFO  Initialized JPA EntityManagerFactory for persistence unit 'default'
00:51:31 INFO  Hibernate is in classpath; If applicable, HQL parser will be used.
00:51:33 INFO  Reading resource: db/changelog/changes/001-crear-tablas.sql
00:51:33 INFO  Reading from bd_compras.databasechangelog
00:51:33 INFO  Reading resource: db/changelog/changes/002-datos-iniciales.sql
00:51:33 INFO  Database is up to date, no changesets to execute
00:51:33 INFO  Reading from bd_compras.databasechangelog
00:51:33 INFO  UPDATE SUMMARY
00:51:33 INFO  Run:                          0
00:51:33 INFO  Previously run:               4
00:51:33 INFO  Filtered out:                 0
00:51:33 INFO  -------------------------------
00:51:33 INFO  Total change sets:            4
00:51:33 INFO  Update summary generated
00:51:33 INFO  Command execution complete
00:51:33 WARN  spring.jpa.open-in-view is enabled by default. Therefore, database queries may be performed during view rendering. Explicitly configure spring.jpa.open-in-view to disable this warning
00:51:34 INFO  Tomcat started on port 9091 (http) with context path '/'
00:51:34 INFO  Started CompraApplication in 6.41 seconds (process running for 6.829)
00:59:22 INFO  Starting CompraApplication using Java 25 with PID 39272 (D:\FinalShit\CasoSemestral-DuocFullStack-I\compra\compra\target\classes started by Matt in D:\FinalShit\CasoSemestral-DuocFullStack-I\compra\compra)
00:59:22 INFO  No active profile set, falling back to 1 default profile: "default"
00:59:22 INFO  Bootstrapping Spring Data JPA repositories in DEFAULT mode.
00:59:23 INFO  Finished Spring Data repository scanning in 92 ms. Found 1 JPA repository interface.
00:59:23 INFO  Tomcat initialized with port 9091 (http)
00:59:23 INFO  Starting service [Tomcat]
00:59:23 INFO  Starting Servlet engine: [Apache Tomcat/11.0.21]
00:59:23 INFO  Root WebApplicationContext: initialization completed in 1155 ms
00:59:23 INFO  HHH008540: Processing PersistenceUnitInfo [name: default]
00:59:23 INFO  HHH000001: Hibernate ORM core version 7.2.12.Final
00:59:24 INFO  No LoadTimeWeaver setup: ignoring JPA class transformer
00:59:24 INFO  HikariPool-1 - Starting...
00:59:24 INFO  HikariPool-1 - Added connection com.mysql.cj.jdbc.ConnectionImpl@174cb0d8
00:59:24 INFO  HikariPool-1 - Start completed.
00:59:24 WARN  HHH90000025: MySQLDialect does not need to be specified explicitly using 'hibernate.dialect' (remove the property setting and it will be selected by default)
00:59:24 INFO  HHH10001005: Database info:
	Database JDBC URL [jdbc:mysql://localhost:3306/bd_compras?createDatabaseIfNotExist=true&serverTimezone=America/Santiago]
	Database driver: MySQL Connector/J
	Database dialect: MySQLDialect
	Database version: 8.4.3
	Default catalog/schema: bd_compras/undefined
	Autocommit mode: undefined/unknown
	Isolation level: REPEATABLE_READ [default REPEATABLE_READ]
	JDBC fetch size: none
	Pool: DataSourceConnectionProvider
	Minimum pool size: undefined/unknown
	Maximum pool size: undefined/unknown
00:59:25 INFO  HHH000489: No JTA platform available (set 'hibernate.transaction.jta.platform' to enable JTA platform integration)
00:59:25 INFO  Initialized JPA EntityManagerFactory for persistence unit 'default'
00:59:25 INFO  Hibernate is in classpath; If applicable, HQL parser will be used.
00:59:27 INFO  Reading resource: db/changelog/changes/001-crear-tablas.sql
00:59:27 INFO  Reading from bd_compras.databasechangelog
00:59:27 INFO  Reading resource: db/changelog/changes/002-datos-iniciales.sql
00:59:27 INFO  Database is up to date, no changesets to execute
00:59:27 INFO  Reading from bd_compras.databasechangelog
00:59:27 INFO  UPDATE SUMMARY
00:59:27 INFO  Run:                          0
00:59:27 INFO  Previously run:               4
00:59:27 INFO  Filtered out:                 0
00:59:27 INFO  -------------------------------
00:59:27 INFO  Total change sets:            4
00:59:27 INFO  Update summary generated
00:59:27 INFO  Command execution complete
00:59:27 WARN  spring.jpa.open-in-view is enabled by default. Therefore, database queries may be performed during view rendering. Explicitly configure spring.jpa.open-in-view to disable this warning
00:59:28 INFO  Tomcat started on port 9091 (http) with context path '/'
00:59:28 INFO  Started CompraApplication in 6.287 seconds (process running for 6.67)
01:05:34 INFO  Initializing Spring DispatcherServlet 'dispatcherServlet'
01:05:34 INFO  Initializing Servlet 'dispatcherServlet'
01:05:34 INFO  Completed initialization in 0 ms
01:05:35 INFO  GET /api/compras — listando todas las compras
01:05:35 INFO  Listando todas las compras
01:05:35 INFO  Se retornaron 10 compras.
01:05:41 INFO  GET /api/compras — listando todas las compras
01:05:41 INFO  Listando todas las compras
01:05:41 INFO  Se retornaron 10 compras.
01:34:05 INFO  Starting CompraApplication using Java 25 with PID 30544 (D:\FinalShit\CasoSemestral-DuocFullStack-I\compra\compra\target\classes started by Matt in D:\FinalShit\CasoSemestral-DuocFullStack-I\compra\compra)
01:34:05 INFO  No active profile set, falling back to 1 default profile: "default"
01:34:05 INFO  Bootstrapping Spring Data JPA repositories in DEFAULT mode.
01:34:05 INFO  Finished Spring Data repository scanning in 91 ms. Found 1 JPA repository interface.
01:34:06 INFO  Tomcat initialized with port 9091 (http)
01:34:06 INFO  Starting service [Tomcat]
01:34:06 INFO  Starting Servlet engine: [Apache Tomcat/11.0.21]
01:34:06 INFO  Root WebApplicationContext: initialization completed in 1228 ms
01:34:06 INFO  HHH008540: Processing PersistenceUnitInfo [name: default]
01:34:06 INFO  HHH000001: Hibernate ORM core version 7.2.12.Final
01:34:06 INFO  No LoadTimeWeaver setup: ignoring JPA class transformer
01:34:06 INFO  HikariPool-1 - Starting...
01:34:07 INFO  HikariPool-1 - Added connection com.mysql.cj.jdbc.ConnectionImpl@174cb0d8
01:34:07 INFO  HikariPool-1 - Start completed.
01:34:07 WARN  HHH90000025: MySQLDialect does not need to be specified explicitly using 'hibernate.dialect' (remove the property setting and it will be selected by default)
01:34:07 INFO  HHH10001005: Database info:
	Database JDBC URL [jdbc:mysql://localhost:3306/bd_compras?createDatabaseIfNotExist=true&serverTimezone=America/Santiago]
	Database driver: MySQL Connector/J
	Database dialect: MySQLDialect
	Database version: 8.4.3
	Default catalog/schema: bd_compras/undefined
	Autocommit mode: undefined/unknown
	Isolation level: REPEATABLE_READ [default REPEATABLE_READ]
	JDBC fetch size: none
	Pool: DataSourceConnectionProvider
	Minimum pool size: undefined/unknown
	Maximum pool size: undefined/unknown
01:34:07 INFO  HHH000489: No JTA platform available (set 'hibernate.transaction.jta.platform' to enable JTA platform integration)
01:34:07 INFO  Initialized JPA EntityManagerFactory for persistence unit 'default'
01:34:08 INFO  Hibernate is in classpath; If applicable, HQL parser will be used.
01:34:10 INFO  Reading resource: db/changelog/changes/001-crear-tablas.sql
01:34:10 INFO  Reading from bd_compras.databasechangelog
01:34:10 INFO  Reading resource: db/changelog/changes/002-datos-iniciales.sql
01:34:10 INFO  Database is up to date, no changesets to execute
01:34:10 INFO  Reading from bd_compras.databasechangelog
01:34:10 INFO  UPDATE SUMMARY
01:34:10 INFO  Run:                          0
01:34:10 INFO  Previously run:               4
01:34:10 INFO  Filtered out:                 0
01:34:10 INFO  -------------------------------
01:34:10 INFO  Total change sets:            4
01:34:10 INFO  Update summary generated
01:34:10 INFO  Command execution complete
01:34:10 WARN  spring.jpa.open-in-view is enabled by default. Therefore, database queries may be performed during view rendering. Explicitly configure spring.jpa.open-in-view to disable this warning
01:34:11 INFO  Tomcat started on port 9091 (http) with context path '/'
01:34:11 INFO  Started CompraApplication in 6.391 seconds (process running for 6.854)
01:38:45 INFO  Starting CompraApplication using Java 25 with PID 11132 (D:\FinalShit\CasoSemestral-DuocFullStack-I\compra\compra\target\classes started by Matt in D:\FinalShit\CasoSemestral-DuocFullStack-I\compra\compra)
01:38:45 INFO  No active profile set, falling back to 1 default profile: "default"
01:38:46 INFO  Bootstrapping Spring Data JPA repositories in DEFAULT mode.
01:38:46 INFO  Finished Spring Data repository scanning in 136 ms. Found 1 JPA repository interface.
01:38:46 INFO  Tomcat initialized with port 9091 (http)
01:38:46 INFO  Starting service [Tomcat]
01:38:46 INFO  Starting Servlet engine: [Apache Tomcat/11.0.21]
01:38:46 INFO  Root WebApplicationContext: initialization completed in 1700 ms
01:38:47 INFO  HHH008540: Processing PersistenceUnitInfo [name: default]
01:38:47 INFO  HHH000001: Hibernate ORM core version 7.2.12.Final
01:38:47 INFO  No LoadTimeWeaver setup: ignoring JPA class transformer
01:38:47 INFO  HikariPool-1 - Starting...
01:38:48 INFO  HikariPool-1 - Added connection com.mysql.cj.jdbc.ConnectionImpl@174cb0d8
01:38:48 INFO  HikariPool-1 - Start completed.
01:38:48 WARN  HHH90000025: MySQLDialect does not need to be specified explicitly using 'hibernate.dialect' (remove the property setting and it will be selected by default)
01:38:48 INFO  HHH10001005: Database info:
	Database JDBC URL [jdbc:mysql://localhost:3306/bd_compras?createDatabaseIfNotExist=true&serverTimezone=America/Santiago]
	Database driver: MySQL Connector/J
	Database dialect: MySQLDialect
	Database version: 8.4.3
	Default catalog/schema: bd_compras/undefined
	Autocommit mode: undefined/unknown
	Isolation level: REPEATABLE_READ [default REPEATABLE_READ]
	JDBC fetch size: none
	Pool: DataSourceConnectionProvider
	Minimum pool size: undefined/unknown
	Maximum pool size: undefined/unknown
01:38:49 INFO  HHH000489: No JTA platform available (set 'hibernate.transaction.jta.platform' to enable JTA platform integration)
01:38:49 INFO  Initialized JPA EntityManagerFactory for persistence unit 'default'
01:38:49 INFO  Hibernate is in classpath; If applicable, HQL parser will be used.
01:38:51 INFO  Reading resource: db/changelog/changes/001-crear-tablas.sql
01:38:51 INFO  Reading from bd_compras.databasechangelog
01:38:51 INFO  Reading resource: db/changelog/changes/002-datos-iniciales.sql
01:38:51 INFO  Database is up to date, no changesets to execute
01:38:51 INFO  Reading from bd_compras.databasechangelog
01:38:51 INFO  UPDATE SUMMARY
01:38:51 INFO  Run:                          0
01:38:51 INFO  Previously run:               4
01:38:51 INFO  Filtered out:                 0
01:38:51 INFO  -------------------------------
01:38:51 INFO  Total change sets:            4
01:38:51 INFO  Update summary generated
01:38:51 INFO  Command execution complete
01:38:52 WARN  spring.jpa.open-in-view is enabled by default. Therefore, database queries may be performed during view rendering. Explicitly configure spring.jpa.open-in-view to disable this warning
01:38:52 INFO  Tomcat started on port 9091 (http) with context path '/'
01:38:52 INFO  Started CompraApplication in 8.18 seconds (process running for 8.897)
01:47:40 INFO  Starting CompraApplication using Java 25 with PID 28204 (D:\FinalShit\CasoSemestral-DuocFullStack-I\compra\compra\target\classes started by Matt in D:\FinalShit\CasoSemestral-DuocFullStack-I\compra\compra)
01:47:40 INFO  No active profile set, falling back to 1 default profile: "default"
01:47:40 INFO  Bootstrapping Spring Data JPA repositories in DEFAULT mode.
01:47:40 INFO  Finished Spring Data repository scanning in 97 ms. Found 1 JPA repository interface.
01:47:41 INFO  Tomcat initialized with port 9091 (http)
01:47:41 INFO  Starting service [Tomcat]
01:47:41 INFO  Starting Servlet engine: [Apache Tomcat/11.0.21]
01:47:41 INFO  Root WebApplicationContext: initialization completed in 1191 ms
01:47:41 INFO  HHH008540: Processing PersistenceUnitInfo [name: default]
01:47:41 INFO  HHH000001: Hibernate ORM core version 7.2.12.Final
01:47:41 INFO  No LoadTimeWeaver setup: ignoring JPA class transformer
01:47:41 INFO  HikariPool-1 - Starting...
01:47:42 INFO  HikariPool-1 - Added connection com.mysql.cj.jdbc.ConnectionImpl@174cb0d8
01:47:42 INFO  HikariPool-1 - Start completed.
01:47:42 WARN  HHH90000025: MySQLDialect does not need to be specified explicitly using 'hibernate.dialect' (remove the property setting and it will be selected by default)
01:47:42 INFO  HHH10001005: Database info:
	Database JDBC URL [jdbc:mysql://localhost:3306/bd_compras?createDatabaseIfNotExist=true&serverTimezone=America/Santiago]
	Database driver: MySQL Connector/J
	Database dialect: MySQLDialect
	Database version: 8.4.3
	Default catalog/schema: bd_compras/undefined
	Autocommit mode: undefined/unknown
	Isolation level: REPEATABLE_READ [default REPEATABLE_READ]
	JDBC fetch size: none
	Pool: DataSourceConnectionProvider
	Minimum pool size: undefined/unknown
	Maximum pool size: undefined/unknown
01:47:42 INFO  HHH000489: No JTA platform available (set 'hibernate.transaction.jta.platform' to enable JTA platform integration)
01:47:42 INFO  Initialized JPA EntityManagerFactory for persistence unit 'default'
01:47:42 INFO  Hibernate is in classpath; If applicable, HQL parser will be used.
01:47:44 INFO  Reading resource: db/changelog/changes/001-crear-tablas.sql
01:47:44 INFO  Reading from bd_compras.databasechangelog
01:47:44 INFO  Reading resource: db/changelog/changes/002-datos-iniciales.sql
01:47:44 INFO  Database is up to date, no changesets to execute
01:47:44 INFO  Reading from bd_compras.databasechangelog
01:47:44 INFO  UPDATE SUMMARY
01:47:44 INFO  Run:                          0
01:47:44 INFO  Previously run:               4
01:47:44 INFO  Filtered out:                 0
01:47:44 INFO  -------------------------------
01:47:44 INFO  Total change sets:            4
01:47:44 INFO  Update summary generated
01:47:44 INFO  Command execution complete
01:47:44 WARN  spring.jpa.open-in-view is enabled by default. Therefore, database queries may be performed during view rendering. Explicitly configure spring.jpa.open-in-view to disable this warning
01:47:45 INFO  Tomcat started on port 9091 (http) with context path '/'
01:47:45 INFO  Started CompraApplication in 5.751 seconds (process running for 6.164)
01:50:47 INFO  Starting CompraApplication using Java 25 with PID 32440 (D:\FinalShit\CasoSemestral-DuocFullStack-I\compra\compra\target\classes started by Matt in D:\FinalShit\CasoSemestral-DuocFullStack-I\compra\compra)
01:50:47 INFO  No active profile set, falling back to 1 default profile: "default"
01:50:48 INFO  Bootstrapping Spring Data JPA repositories in DEFAULT mode.
01:50:48 INFO  Finished Spring Data repository scanning in 98 ms. Found 1 JPA repository interface.
01:50:48 INFO  Tomcat initialized with port 9091 (http)
01:50:48 INFO  Starting service [Tomcat]
01:50:48 INFO  Starting Servlet engine: [Apache Tomcat/11.0.21]
01:50:49 INFO  Root WebApplicationContext: initialization completed in 1219 ms
01:50:49 INFO  HHH008540: Processing PersistenceUnitInfo [name: default]
01:50:49 INFO  HHH000001: Hibernate ORM core version 7.2.12.Final
01:50:49 INFO  No LoadTimeWeaver setup: ignoring JPA class transformer
01:50:49 INFO  HikariPool-1 - Starting...
01:50:49 INFO  HikariPool-1 - Added connection com.mysql.cj.jdbc.ConnectionImpl@62c46e53
01:50:49 INFO  HikariPool-1 - Start completed.
01:50:49 WARN  HHH90000025: MySQLDialect does not need to be specified explicitly using 'hibernate.dialect' (remove the property setting and it will be selected by default)
01:50:49 INFO  HHH10001005: Database info:
	Database JDBC URL [jdbc:mysql://localhost:3306/bd_compras?createDatabaseIfNotExist=true&serverTimezone=America/Santiago]
	Database driver: MySQL Connector/J
	Database dialect: MySQLDialect
	Database version: 8.4.3
	Default catalog/schema: bd_compras/undefined
	Autocommit mode: undefined/unknown
	Isolation level: REPEATABLE_READ [default REPEATABLE_READ]
	JDBC fetch size: none
	Pool: DataSourceConnectionProvider
	Minimum pool size: undefined/unknown
	Maximum pool size: undefined/unknown
01:50:50 INFO  HHH000489: No JTA platform available (set 'hibernate.transaction.jta.platform' to enable JTA platform integration)
01:50:50 INFO  Initialized JPA EntityManagerFactory for persistence unit 'default'
01:50:50 INFO  Hibernate is in classpath; If applicable, HQL parser will be used.
01:50:52 INFO  Reading resource: db/changelog/changes/001-crear-tablas.sql
01:50:53 INFO  Reading from bd_compras.databasechangelog
01:50:53 INFO  Reading resource: db/changelog/changes/002-datos-iniciales.sql
01:50:53 INFO  Database is up to date, no changesets to execute
01:50:53 INFO  Reading from bd_compras.databasechangelog
01:50:53 INFO  UPDATE SUMMARY
01:50:53 INFO  Run:                          0
01:50:53 INFO  Previously run:               4
01:50:53 INFO  Filtered out:                 0
01:50:53 INFO  -------------------------------
01:50:53 INFO  Total change sets:            4
01:50:53 INFO  Update summary generated
01:50:53 INFO  Command execution complete
01:50:53 WARN  spring.jpa.open-in-view is enabled by default. Therefore, database queries may be performed during view rendering. Explicitly configure spring.jpa.open-in-view to disable this warning
01:50:53 INFO  Tomcat started on port 9091 (http) with context path '/'
01:50:53 INFO  Started CompraApplication in 6.415 seconds (process running for 6.833)
02:01:33 INFO  Starting CompraApplication using Java 25 with PID 34820 (D:\FinalShit\CasoSemestral-DuocFullStack-I\compra\compra\target\classes started by Matt in D:\FinalShit\CasoSemestral-DuocFullStack-I\compra\compra)
02:01:33 INFO  No active profile set, falling back to 1 default profile: "default"
02:01:33 INFO  Bootstrapping Spring Data JPA repositories in DEFAULT mode.
02:01:34 INFO  Finished Spring Data repository scanning in 96 ms. Found 1 JPA repository interface.
02:01:34 INFO  Tomcat initialized with port 9091 (http)
02:01:34 INFO  Starting service [Tomcat]
02:01:34 INFO  Starting Servlet engine: [Apache Tomcat/11.0.21]
02:01:34 INFO  Root WebApplicationContext: initialization completed in 1359 ms
02:01:34 INFO  HHH008540: Processing PersistenceUnitInfo [name: default]
02:01:34 INFO  HHH000001: Hibernate ORM core version 7.2.12.Final
02:01:35 INFO  No LoadTimeWeaver setup: ignoring JPA class transformer
02:01:35 INFO  HikariPool-1 - Starting...
02:01:35 INFO  HikariPool-1 - Added connection com.mysql.cj.jdbc.ConnectionImpl@174cb0d8
02:01:35 INFO  HikariPool-1 - Start completed.
02:01:35 WARN  HHH90000025: MySQLDialect does not need to be specified explicitly using 'hibernate.dialect' (remove the property setting and it will be selected by default)
02:01:35 INFO  HHH10001005: Database info:
	Database JDBC URL [jdbc:mysql://localhost:3306/bd_compras?createDatabaseIfNotExist=true&serverTimezone=America/Santiago]
	Database driver: MySQL Connector/J
	Database dialect: MySQLDialect
	Database version: 8.4.3
	Default catalog/schema: bd_compras/undefined
	Autocommit mode: undefined/unknown
	Isolation level: REPEATABLE_READ [default REPEATABLE_READ]
	JDBC fetch size: none
	Pool: DataSourceConnectionProvider
	Minimum pool size: undefined/unknown
	Maximum pool size: undefined/unknown
02:01:36 INFO  HHH000489: No JTA platform available (set 'hibernate.transaction.jta.platform' to enable JTA platform integration)
02:01:36 INFO  Initialized JPA EntityManagerFactory for persistence unit 'default'
02:01:36 INFO  Hibernate is in classpath; If applicable, HQL parser will be used.
02:01:38 INFO  Reading resource: db/changelog/changes/001-crear-tablas.sql
02:01:38 INFO  Reading from bd_compras.databasechangelog
02:01:38 INFO  Reading resource: db/changelog/changes/002-datos-iniciales.sql
02:01:38 INFO  Database is up to date, no changesets to execute
02:01:38 INFO  Reading from bd_compras.databasechangelog
02:01:38 INFO  UPDATE SUMMARY
02:01:38 INFO  Run:                          0
02:01:38 INFO  Previously run:               4
02:01:38 INFO  Filtered out:                 0
02:01:38 INFO  -------------------------------
02:01:38 INFO  Total change sets:            4
02:01:38 INFO  Update summary generated
02:01:38 INFO  Command execution complete
02:01:39 WARN  spring.jpa.open-in-view is enabled by default. Therefore, database queries may be performed during view rendering. Explicitly configure spring.jpa.open-in-view to disable this warning
02:01:39 INFO  Tomcat started on port 9091 (http) with context path '/'
02:01:39 INFO  Started CompraApplication in 7.093 seconds (process running for 7.724)
02:24:27 INFO  Starting CompraApplication using Java 25 with PID 21548 (D:\FinalShit\CasoSemestral-DuocFullStack-I\compra\compra\target\classes started by Matt in D:\FinalShit\CasoSemestral-DuocFullStack-I\compra\compra)
02:24:27 INFO  No active profile set, falling back to 1 default profile: "default"
02:24:29 INFO  Bootstrapping Spring Data JPA repositories in DEFAULT mode.
02:24:29 INFO  Finished Spring Data repository scanning in 156 ms. Found 1 JPA repository interface.
02:24:30 INFO  Tomcat initialized with port 9091 (http)
02:24:30 INFO  Starting service [Tomcat]
02:24:30 INFO  Starting Servlet engine: [Apache Tomcat/11.0.21]
02:24:30 INFO  Root WebApplicationContext: initialization completed in 2134 ms
02:24:30 INFO  HHH008540: Processing PersistenceUnitInfo [name: default]
02:24:30 INFO  HHH000001: Hibernate ORM core version 7.2.12.Final
02:24:30 INFO  No LoadTimeWeaver setup: ignoring JPA class transformer
02:24:30 INFO  HikariPool-1 - Starting...
02:24:31 INFO  HikariPool-1 - Added connection com.mysql.cj.jdbc.ConnectionImpl@2bc8caa7
02:24:31 INFO  HikariPool-1 - Start completed.
02:24:31 WARN  HHH90000025: MySQLDialect does not need to be specified explicitly using 'hibernate.dialect' (remove the property setting and it will be selected by default)
02:24:31 INFO  HHH10001005: Database info:
	Database JDBC URL [jdbc:mysql://localhost:3306/bd_compras?createDatabaseIfNotExist=true&serverTimezone=America/Santiago]
	Database driver: MySQL Connector/J
	Database dialect: MySQLDialect
	Database version: 8.4.3
	Default catalog/schema: bd_compras/undefined
	Autocommit mode: undefined/unknown
	Isolation level: REPEATABLE_READ [default REPEATABLE_READ]
	JDBC fetch size: none
	Pool: DataSourceConnectionProvider
	Minimum pool size: undefined/unknown
	Maximum pool size: undefined/unknown
02:24:32 INFO  HHH000489: No JTA platform available (set 'hibernate.transaction.jta.platform' to enable JTA platform integration)
02:24:32 INFO  Initialized JPA EntityManagerFactory for persistence unit 'default'
02:24:32 INFO  Hibernate is in classpath; If applicable, HQL parser will be used.
02:24:34 INFO  Reading resource: db/changelog/changes/001-crear-tablas.sql
02:24:34 INFO  Reading from bd_compras.databasechangelog
02:24:34 INFO  Reading resource: db/changelog/changes/002-datos-iniciales.sql
02:24:34 INFO  Database is up to date, no changesets to execute
02:24:34 INFO  Reading from bd_compras.databasechangelog
02:24:34 INFO  UPDATE SUMMARY
02:24:34 INFO  Run:                          0
02:24:34 INFO  Previously run:               4
02:24:34 INFO  Filtered out:                 0
02:24:34 INFO  -------------------------------
02:24:34 INFO  Total change sets:            4
02:24:34 INFO  Update summary generated
02:24:34 INFO  Command execution complete
02:24:34 WARN  spring.jpa.open-in-view is enabled by default. Therefore, database queries may be performed during view rendering. Explicitly configure spring.jpa.open-in-view to disable this warning
02:24:35 INFO  Tomcat started on port 9091 (http) with context path '/'
02:24:35 INFO  Started CompraApplication in 8.136 seconds (process running for 8.767)
02:28:08 INFO  Initializing Spring DispatcherServlet 'dispatcherServlet'
02:28:08 INFO  Initializing Servlet 'dispatcherServlet'
02:28:08 INFO  Completed initialization in 0 ms
02:28:08 INFO  Init duration for springdoc-openapi is: 269 ms
