21:26:59 INFO  Starting ClientesApplication using Java 25 with PID 26856 (D:\FinalShit\CasoSemestral-DuocFullStack-I\clientes\clientes\target\classes started by Matt in D:\FinalShit\CasoSemestral-DuocFullStack-I\clientes\clientes)
21:26:59 INFO  No active profile set, falling back to 1 default profile: "default"
21:26:59 INFO  Bootstrapping Spring Data JPA repositories in DEFAULT mode.
21:27:00 INFO  Finished Spring Data repository scanning in 98 ms. Found 1 JPA repository interface.
21:27:00 INFO  Tomcat initialized with port 9093 (http)
21:27:00 INFO  Starting service [Tomcat]
21:27:00 INFO  Starting Servlet engine: [Apache Tomcat/11.0.21]
21:27:00 INFO  Root WebApplicationContext: initialization completed in 916 ms
21:27:00 INFO  HHH008540: Processing PersistenceUnitInfo [name: default]
21:27:00 INFO  HHH000001: Hibernate ORM core version 7.2.12.Final
21:27:00 INFO  No LoadTimeWeaver setup: ignoring JPA class transformer
21:27:00 INFO  HikariPool-1 - Starting...
21:27:01 INFO  HikariPool-1 - Added connection com.mysql.cj.jdbc.ConnectionImpl@351c6341
21:27:01 INFO  HikariPool-1 - Start completed.
21:27:01 WARN  HHH90000025: MySQLDialect does not need to be specified explicitly using 'hibernate.dialect' (remove the property setting and it will be selected by default)
21:27:01 INFO  HHH10001005: Database info:
	Database JDBC URL [jdbc:mysql://localhost:3306/bd_cliente?createDatabaseIfNotExist=true&serverTimezone=America/Santiago]
	Database driver: MySQL Connector/J
	Database dialect: MySQLDialect
	Database version: 9.7
	Default catalog/schema: bd_cliente/undefined
	Autocommit mode: undefined/unknown
	Isolation level: REPEATABLE_READ [default REPEATABLE_READ]
	JDBC fetch size: none
	Pool: DataSourceConnectionProvider
	Minimum pool size: undefined/unknown
	Maximum pool size: undefined/unknown
21:27:01 INFO  HHH000489: No JTA platform available (set 'hibernate.transaction.jta.platform' to enable JTA platform integration)
21:27:01 INFO  Initialized JPA EntityManagerFactory for persistence unit 'default'
21:27:01 INFO  Hibernate is in classpath; If applicable, HQL parser will be used.
21:27:03 INFO  Reading resource: db/changelog/changes/001-crear-tablas.sql
21:27:03 INFO  Creating database changelog table with name: bd_cliente.databasechangelog
21:27:03 INFO  Reading from bd_cliente.databasechangelog
21:27:03 INFO  Reading resource: db/changelog/changes/002-insertar-datos.sql
21:27:03 INFO  Creating snapshot
21:27:03 INFO  Successfully acquired change log lock
21:27:03 INFO  Using deploymentId: 0536421956
21:27:03 INFO  Reading from bd_cliente.databasechangelog
21:27:03 INFO  Running Changeset: db/changelog/changes/001-crear-tablas.sql::1::bravatta
21:27:03 INFO  Custom SQL executed
21:27:03 INFO  ChangeSet db/changelog/changes/001-crear-tablas.sql::1::bravatta ran successfully in 44ms
21:27:03 INFO  Running Changeset: db/changelog/changes/001-crear-tablas.sql::2::bravatta
21:27:03 INFO  Custom SQL executed
21:27:03 INFO  ChangeSet db/changelog/changes/001-crear-tablas.sql::2::bravatta ran successfully in 21ms
21:27:03 INFO  Running Changeset: db/changelog/changes/002-insertar-datos.sql::3::bravatta
21:27:03 INFO  Custom SQL executed
21:27:03 INFO  ChangeSet db/changelog/changes/002-insertar-datos.sql::3::bravatta ran successfully in 5ms
21:27:03 INFO  Running Changeset: db/changelog/changes/002-insertar-datos.sql::4::bravatta
21:27:03 INFO  Custom SQL executed
21:27:03 INFO  ChangeSet db/changelog/changes/002-insertar-datos.sql::4::bravatta ran successfully in 5ms
21:27:03 INFO  UPDATE SUMMARY
21:27:03 INFO  Run:                          4
21:27:03 INFO  Previously run:               0
21:27:03 INFO  Filtered out:                 0
21:27:03 INFO  -------------------------------
21:27:03 INFO  Total change sets:            4
21:27:03 INFO  Update summary generated
21:27:03 INFO  Update command completed successfully.
21:27:03 INFO  Liquibase: Update has been successful. Rows affected: 20
21:27:03 INFO  Successfully released change log lock
21:27:03 INFO  Command execution complete
21:27:03 WARN  spring.jpa.open-in-view is enabled by default. Therefore, database queries may be performed during view rendering. Explicitly configure spring.jpa.open-in-view to disable this warning
21:27:04 INFO  Tomcat started on port 9093 (http) with context path '/'
21:27:04 INFO  Started ClientesApplication in 4.81 seconds (process running for 5.132)
21:34:31 INFO  Starting ClientesApplication using Java 25 with PID 23936 (D:\FinalShit\CasoSemestral-DuocFullStack-I\clientes\clientes\target\classes started by Matt in D:\FinalShit\CasoSemestral-DuocFullStack-I\clientes\clientes)
21:34:31 INFO  No active profile set, falling back to 1 default profile: "default"
21:34:32 INFO  Bootstrapping Spring Data JPA repositories in DEFAULT mode.
21:34:32 INFO  Finished Spring Data repository scanning in 91 ms. Found 1 JPA repository interface.
21:34:32 INFO  Tomcat initialized with port 9093 (http)
21:34:32 INFO  Starting service [Tomcat]
21:34:32 INFO  Starting Servlet engine: [Apache Tomcat/11.0.21]
21:34:32 INFO  Root WebApplicationContext: initialization completed in 1030 ms
21:34:32 INFO  HHH008540: Processing PersistenceUnitInfo [name: default]
21:34:32 INFO  HHH000001: Hibernate ORM core version 7.2.12.Final
21:34:33 INFO  No LoadTimeWeaver setup: ignoring JPA class transformer
21:34:33 INFO  HikariPool-1 - Starting...
21:34:33 INFO  HikariPool-1 - Added connection com.mysql.cj.jdbc.ConnectionImpl@32069394
21:34:33 INFO  HikariPool-1 - Start completed.
21:34:33 WARN  HHH90000025: MySQLDialect does not need to be specified explicitly using 'hibernate.dialect' (remove the property setting and it will be selected by default)
21:34:33 INFO  HHH10001005: Database info:
	Database JDBC URL [jdbc:mysql://localhost:3306/bd_cliente?createDatabaseIfNotExist=true&serverTimezone=America/Santiago]
	Database driver: MySQL Connector/J
	Database dialect: MySQLDialect
	Database version: 9.7
	Default catalog/schema: bd_cliente/undefined
	Autocommit mode: undefined/unknown
	Isolation level: REPEATABLE_READ [default REPEATABLE_READ]
	JDBC fetch size: none
	Pool: DataSourceConnectionProvider
	Minimum pool size: undefined/unknown
	Maximum pool size: undefined/unknown
21:34:34 INFO  HHH000489: No JTA platform available (set 'hibernate.transaction.jta.platform' to enable JTA platform integration)
21:34:34 INFO  Initialized JPA EntityManagerFactory for persistence unit 'default'
21:34:34 INFO  Hibernate is in classpath; If applicable, HQL parser will be used.
21:34:36 INFO  Reading resource: db/changelog/changes/001-crear-tablas.sql
21:34:36 INFO  Creating database changelog table with name: bd_cliente.databasechangelog
21:34:36 INFO  Reading from bd_cliente.databasechangelog
21:34:36 INFO  Reading resource: db/changelog/changes/002-insertar-datos.sql
21:34:36 INFO  Creating snapshot
21:34:36 INFO  Successfully acquired change log lock
21:34:36 INFO  Using deploymentId: 0536874796
21:34:36 INFO  Reading from bd_cliente.databasechangelog
21:34:36 INFO  Running Changeset: db/changelog/changes/001-crear-tablas.sql::1::bravatta
21:34:36 INFO  Custom SQL executed
21:34:36 INFO  ChangeSet db/changelog/changes/001-crear-tablas.sql::1::bravatta ran successfully in 35ms
21:34:36 INFO  Running Changeset: db/changelog/changes/001-crear-tablas.sql::2::bravatta
21:34:36 INFO  Custom SQL executed
21:34:36 INFO  ChangeSet db/changelog/changes/001-crear-tablas.sql::2::bravatta ran successfully in 27ms
21:34:36 INFO  Running Changeset: db/changelog/changes/002-insertar-datos.sql::3::bravatta
21:34:36 INFO  Custom SQL executed
21:34:36 INFO  ChangeSet db/changelog/changes/002-insertar-datos.sql::3::bravatta ran successfully in 5ms
21:34:36 INFO  Running Changeset: db/changelog/changes/002-insertar-datos.sql::4::bravatta
21:34:36 INFO  Custom SQL executed
21:34:36 INFO  ChangeSet db/changelog/changes/002-insertar-datos.sql::4::bravatta ran successfully in 5ms
21:34:36 INFO  UPDATE SUMMARY
21:34:36 INFO  Run:                          4
21:34:36 INFO  Previously run:               0
21:34:36 INFO  Filtered out:                 0
21:34:36 INFO  -------------------------------
21:34:36 INFO  Total change sets:            4
21:34:36 INFO  Update summary generated
21:34:36 INFO  Update command completed successfully.
21:34:36 INFO  Liquibase: Update has been successful. Rows affected: 20
21:34:36 INFO  Successfully released change log lock
21:34:36 INFO  Command execution complete
21:34:36 WARN  spring.jpa.open-in-view is enabled by default. Therefore, database queries may be performed during view rendering. Explicitly configure spring.jpa.open-in-view to disable this warning
21:34:37 INFO  Tomcat started on port 9093 (http) with context path '/'
21:34:37 INFO  Started ClientesApplication in 5.795 seconds (process running for 6.196)
22:17:18 INFO  Initializing Spring DispatcherServlet 'dispatcherServlet'
22:17:18 INFO  Initializing Servlet 'dispatcherServlet'
22:17:18 INFO  Completed initialization in 0 ms
22:18:02 INFO  POST /api/clientes - Recibida solicitud para crear cliente con RUT: 12.345.678-9
22:18:02 INFO  Iniciando persistencia/conexion en BD para obtener RUT del cliente: 12.345.678-9
22:18:02 WARN  Intento de registro con RUT duplicado: 12.345.678-9
22:18:33 INFO  POST /api/clientes - Recibida solicitud para crear cliente con RUT: 15.678.901-2
22:18:33 INFO  Iniciando persistencia/conexion en BD para obtener RUT del cliente: 15.678.901-2
22:18:33 INFO  Cliente de ID 11 se guardo exitosamente.
22:18:33 INFO  Cliente creado exitosamente. Retornando 201 CREATED
22:21:34 INFO  GET /api/clientes - Recibida solicitud para listar todos los clientes
22:21:34 INFO  Consultando todos los clientes en la base de datos...
22:21:34 INFO  Retornando lista con 11 clientes
22:21:47 INFO  GET /api/clientes/1 - Buscando cliente por ID
22:21:47 INFO  Buscando cliente con ID: 1
22:21:47 INFO  Cliente con ID 1 retornado exitosamente
22:21:51 INFO  GET /api/clientes/9 - Buscando cliente por ID
22:21:51 INFO  Buscando cliente con ID: 9
22:21:51 INFO  Cliente con ID 9 retornado exitosamente
22:21:55 INFO  GET /api/clientes - Recibida solicitud para listar todos los clientes
22:21:55 INFO  Consultando todos los clientes en la base de datos...
22:21:55 INFO  Retornando lista con 11 clientes
