00:02:22 INFO  Starting RecomendacionesApplication using Java 25 with PID 37536 (D:\FinalShit\CasoSemestral-DuocFullStack-I\recomendaciones\target\classes started by Matt in D:\FinalShit\CasoSemestral-DuocFullStack-I\recomendaciones)
00:02:22 INFO  No active profile set, falling back to 1 default profile: "default"
00:02:22 INFO  Bootstrapping Spring Data JPA repositories in DEFAULT mode.
00:02:23 INFO  Finished Spring Data repository scanning in 104 ms. Found 1 JPA repository interface.
00:02:23 INFO  Tomcat initialized with port 9098 (http)
00:02:23 INFO  Starting service [Tomcat]
00:02:23 INFO  Starting Servlet engine: [Apache Tomcat/11.0.20]
00:02:23 INFO  Root WebApplicationContext: initialization completed in 1210 ms
00:02:23 INFO  HHH008540: Processing PersistenceUnitInfo [name: default]
00:02:23 INFO  HHH000001: Hibernate ORM core version 7.2.7.Final
00:02:24 INFO  No LoadTimeWeaver setup: ignoring JPA class transformer
00:02:24 INFO  HikariPool-1 - Starting...
00:02:24 INFO  HikariPool-1 - Added connection com.mysql.cj.jdbc.ConnectionImpl@33563147
00:02:24 INFO  HikariPool-1 - Start completed.
00:02:24 WARN  HHH90000025: MySQLDialect does not need to be specified explicitly using 'hibernate.dialect' (remove the property setting and it will be selected by default)
00:02:24 INFO  HHH10001005: Database info:
	Database JDBC URL [jdbc:mysql://localhost:3306/bd_recomendaciones]
	Database driver: MySQL Connector/J
	Database dialect: MySQLDialect
	Database version: 8.4.3
	Default catalog/schema: bd_recomendaciones/undefined
	Autocommit mode: undefined/unknown
	Isolation level: REPEATABLE_READ [default REPEATABLE_READ]
	JDBC fetch size: none
	Pool: DataSourceConnectionProvider
	Minimum pool size: undefined/unknown
	Maximum pool size: undefined/unknown
00:02:25 INFO  HHH000489: No JTA platform available (set 'hibernate.transaction.jta.platform' to enable JTA platform integration)
00:02:25 INFO  Initialized JPA EntityManagerFactory for persistence unit 'default'
00:02:25 INFO  Hibernate is in classpath; If applicable, HQL parser will be used.
00:02:26 INFO  Reading resource: db/changelog/changes/001-crear-tabla-recomendaciones.sql
00:02:26 INFO  Reading from bd_recomendaciones.databasechangelog
00:02:26 INFO  Database is up to date, no changesets to execute
00:02:26 INFO  Reading from bd_recomendaciones.databasechangelog
00:02:26 INFO  UPDATE SUMMARY
00:02:26 INFO  Run:                          0
00:02:26 INFO  Previously run:               1
00:02:26 INFO  Filtered out:                 0
00:02:26 INFO  -------------------------------
00:02:26 INFO  Total change sets:            1
00:02:26 INFO  Update summary generated
00:02:26 INFO  Command execution complete
00:02:27 WARN  spring.jpa.open-in-view is enabled by default. Therefore, database queries may be performed during view rendering. Explicitly configure spring.jpa.open-in-view to disable this warning
00:02:27 INFO  Tomcat started on port 9098 (http) with context path '/'
00:02:27 INFO  Started RecomendacionesApplication in 5.95 seconds (process running for 6.488)
00:03:15 INFO  Initializing Spring DispatcherServlet 'dispatcherServlet'
00:03:15 INFO  Initializing Servlet 'dispatcherServlet'
00:03:15 INFO  Completed initialization in 0 ms
00:03:15 WARN  Resolved [org.springframework.web.HttpRequestMethodNotSupportedException: Request method 'GET' is not supported]
00:03:38 WARN  Resolved [org.springframework.web.HttpRequestMethodNotSupportedException: Request method 'GET' is not supported]
00:03:48 INFO  Consultando la lista completa de recomendaciones en la base de datos.
00:04:07 WARN  Resolved [org.springframework.web.HttpRequestMethodNotSupportedException: Request method 'GET' is not supported]
00:51:28 INFO  Starting RecomendacionesApplication using Java 25 with PID 25608 (D:\FinalShit\CasoSemestral-DuocFullStack-I\recomendaciones\target\classes started by Matt in D:\FinalShit\CasoSemestral-DuocFullStack-I\recomendaciones)
00:51:28 INFO  No active profile set, falling back to 1 default profile: "default"
00:51:29 INFO  Bootstrapping Spring Data JPA repositories in DEFAULT mode.
00:51:29 INFO  Finished Spring Data repository scanning in 89 ms. Found 1 JPA repository interface.
00:51:30 INFO  Tomcat initialized with port 9098 (http)
00:51:30 INFO  Starting service [Tomcat]
00:51:30 INFO  Starting Servlet engine: [Apache Tomcat/11.0.20]
00:51:30 INFO  Root WebApplicationContext: initialization completed in 1221 ms
00:51:30 INFO  HHH008540: Processing PersistenceUnitInfo [name: default]
00:51:30 INFO  HHH000001: Hibernate ORM core version 7.2.7.Final
00:51:30 INFO  No LoadTimeWeaver setup: ignoring JPA class transformer
00:51:30 INFO  HikariPool-1 - Starting...
00:51:31 INFO  HikariPool-1 - Added connection com.mysql.cj.jdbc.ConnectionImpl@61d61b0e
00:51:31 INFO  HikariPool-1 - Start completed.
00:51:31 WARN  HHH90000025: MySQLDialect does not need to be specified explicitly using 'hibernate.dialect' (remove the property setting and it will be selected by default)
00:51:31 INFO  HHH10001005: Database info:
	Database JDBC URL [jdbc:mysql://localhost:3306/bd_recomendaciones]
	Database driver: MySQL Connector/J
	Database dialect: MySQLDialect
	Database version: 8.4.3
	Default catalog/schema: bd_recomendaciones/undefined
	Autocommit mode: undefined/unknown
	Isolation level: REPEATABLE_READ [default REPEATABLE_READ]
	JDBC fetch size: none
	Pool: DataSourceConnectionProvider
	Minimum pool size: undefined/unknown
	Maximum pool size: undefined/unknown
00:51:31 INFO  HHH000489: No JTA platform available (set 'hibernate.transaction.jta.platform' to enable JTA platform integration)
00:51:31 INFO  Initialized JPA EntityManagerFactory for persistence unit 'default'
00:51:31 INFO  Hibernate is in classpath; If applicable, HQL parser will be used.
00:51:33 INFO  Reading resource: db/changelog/changes/001-crear-tabla-recomendaciones.sql
00:51:33 INFO  Reading from bd_recomendaciones.databasechangelog
00:51:33 INFO  Database is up to date, no changesets to execute
00:51:33 INFO  Reading from bd_recomendaciones.databasechangelog
00:51:33 INFO  UPDATE SUMMARY
00:51:33 INFO  Run:                          0
00:51:33 INFO  Previously run:               1
00:51:33 INFO  Filtered out:                 0
00:51:33 INFO  -------------------------------
00:51:33 INFO  Total change sets:            1
00:51:33 INFO  Update summary generated
00:51:33 INFO  Command execution complete
00:51:33 WARN  spring.jpa.open-in-view is enabled by default. Therefore, database queries may be performed during view rendering. Explicitly configure spring.jpa.open-in-view to disable this warning
00:51:34 INFO  Tomcat started on port 9098 (http) with context path '/'
00:51:34 INFO  Started RecomendacionesApplication in 5.784 seconds (process running for 6.175)
00:59:18 INFO  Starting RecomendacionesApplication using Java 25 with PID 38996 (D:\FinalShit\CasoSemestral-DuocFullStack-I\recomendaciones\target\classes started by Matt in D:\FinalShit\CasoSemestral-DuocFullStack-I\recomendaciones)
00:59:18 INFO  No active profile set, falling back to 1 default profile: "default"
00:59:19 INFO  Bootstrapping Spring Data JPA repositories in DEFAULT mode.
00:59:19 INFO  Finished Spring Data repository scanning in 131 ms. Found 1 JPA repository interface.
00:59:20 INFO  Tomcat initialized with port 9098 (http)
00:59:20 INFO  Starting service [Tomcat]
00:59:20 INFO  Starting Servlet engine: [Apache Tomcat/11.0.20]
00:59:20 INFO  Root WebApplicationContext: initialization completed in 1511 ms
00:59:20 INFO  HHH008540: Processing PersistenceUnitInfo [name: default]
00:59:20 INFO  HHH000001: Hibernate ORM core version 7.2.7.Final
00:59:21 INFO  No LoadTimeWeaver setup: ignoring JPA class transformer
00:59:21 INFO  HikariPool-1 - Starting...
00:59:21 INFO  HikariPool-1 - Added connection com.mysql.cj.jdbc.ConnectionImpl@61d61b0e
00:59:21 INFO  HikariPool-1 - Start completed.
00:59:21 WARN  HHH90000025: MySQLDialect does not need to be specified explicitly using 'hibernate.dialect' (remove the property setting and it will be selected by default)
00:59:21 INFO  HHH10001005: Database info:
	Database JDBC URL [jdbc:mysql://localhost:3306/bd_recomendaciones]
	Database driver: MySQL Connector/J
	Database dialect: MySQLDialect
	Database version: 8.4.3
	Default catalog/schema: bd_recomendaciones/undefined
	Autocommit mode: undefined/unknown
	Isolation level: REPEATABLE_READ [default REPEATABLE_READ]
	JDBC fetch size: none
	Pool: DataSourceConnectionProvider
	Minimum pool size: undefined/unknown
	Maximum pool size: undefined/unknown
00:59:22 INFO  HHH000489: No JTA platform available (set 'hibernate.transaction.jta.platform' to enable JTA platform integration)
00:59:22 INFO  Initialized JPA EntityManagerFactory for persistence unit 'default'
00:59:22 INFO  Hibernate is in classpath; If applicable, HQL parser will be used.
00:59:23 INFO  Reading resource: db/changelog/changes/001-crear-tabla-recomendaciones.sql
00:59:23 INFO  Reading from bd_recomendaciones.databasechangelog
00:59:23 INFO  Database is up to date, no changesets to execute
00:59:23 INFO  Reading from bd_recomendaciones.databasechangelog
00:59:23 INFO  UPDATE SUMMARY
00:59:23 INFO  Run:                          0
00:59:23 INFO  Previously run:               1
00:59:23 INFO  Filtered out:                 0
00:59:23 INFO  -------------------------------
00:59:23 INFO  Total change sets:            1
00:59:23 INFO  Update summary generated
00:59:23 INFO  Command execution complete
00:59:23 WARN  spring.jpa.open-in-view is enabled by default. Therefore, database queries may be performed during view rendering. Explicitly configure spring.jpa.open-in-view to disable this warning
00:59:24 INFO  Tomcat started on port 9098 (http) with context path '/'
00:59:24 INFO  Started RecomendacionesApplication in 5.954 seconds (process running for 6.397)
01:34:05 INFO  Starting RecomendacionesApplication using Java 25 with PID 4084 (D:\FinalShit\CasoSemestral-DuocFullStack-I\recomendaciones\target\classes started by Matt in D:\FinalShit\CasoSemestral-DuocFullStack-I\recomendaciones)
01:34:05 INFO  No active profile set, falling back to 1 default profile: "default"
01:34:06 INFO  Bootstrapping Spring Data JPA repositories in DEFAULT mode.
01:34:06 INFO  Finished Spring Data repository scanning in 94 ms. Found 1 JPA repository interface.
01:34:06 INFO  Tomcat initialized with port 9098 (http)
01:34:06 INFO  Starting service [Tomcat]
01:34:06 INFO  Starting Servlet engine: [Apache Tomcat/11.0.20]
01:34:06 INFO  Root WebApplicationContext: initialization completed in 1199 ms
01:34:06 INFO  HHH008540: Processing PersistenceUnitInfo [name: default]
01:34:06 INFO  HHH000001: Hibernate ORM core version 7.2.7.Final
01:34:07 INFO  No LoadTimeWeaver setup: ignoring JPA class transformer
01:34:07 INFO  HikariPool-1 - Starting...
01:34:07 INFO  HikariPool-1 - Added connection com.mysql.cj.jdbc.ConnectionImpl@61d61b0e
01:34:07 INFO  HikariPool-1 - Start completed.
01:34:07 WARN  HHH90000025: MySQLDialect does not need to be specified explicitly using 'hibernate.dialect' (remove the property setting and it will be selected by default)
01:34:07 INFO  HHH10001005: Database info:
	Database JDBC URL [jdbc:mysql://localhost:3306/bd_recomendaciones]
	Database driver: MySQL Connector/J
	Database dialect: MySQLDialect
	Database version: 8.4.3
	Default catalog/schema: bd_recomendaciones/undefined
	Autocommit mode: undefined/unknown
	Isolation level: REPEATABLE_READ [default REPEATABLE_READ]
	JDBC fetch size: none
	Pool: DataSourceConnectionProvider
	Minimum pool size: undefined/unknown
	Maximum pool size: undefined/unknown
01:34:08 INFO  HHH000489: No JTA platform available (set 'hibernate.transaction.jta.platform' to enable JTA platform integration)
01:34:08 INFO  Initialized JPA EntityManagerFactory for persistence unit 'default'
01:34:08 INFO  Hibernate is in classpath; If applicable, HQL parser will be used.
01:34:09 INFO  Reading resource: db/changelog/changes/001-crear-tabla-recomendaciones.sql
01:34:09 INFO  Reading from bd_recomendaciones.databasechangelog
01:34:09 INFO  Database is up to date, no changesets to execute
01:34:09 INFO  Reading from bd_recomendaciones.databasechangelog
01:34:09 INFO  UPDATE SUMMARY
01:34:09 INFO  Run:                          0
01:34:09 INFO  Previously run:               1
01:34:09 INFO  Filtered out:                 0
01:34:09 INFO  -------------------------------
01:34:09 INFO  Total change sets:            1
01:34:09 INFO  Update summary generated
01:34:09 INFO  Command execution complete
01:34:10 WARN  spring.jpa.open-in-view is enabled by default. Therefore, database queries may be performed during view rendering. Explicitly configure spring.jpa.open-in-view to disable this warning
01:34:10 INFO  Tomcat started on port 9098 (http) with context path '/'
01:34:10 INFO  Started RecomendacionesApplication in 5.562 seconds (process running for 6.028)
01:38:45 INFO  Starting RecomendacionesApplication using Java 25 with PID 44724 (D:\FinalShit\CasoSemestral-DuocFullStack-I\recomendaciones\target\classes started by Matt in D:\FinalShit\CasoSemestral-DuocFullStack-I\recomendaciones)
01:38:45 INFO  No active profile set, falling back to 1 default profile: "default"
01:38:46 INFO  Bootstrapping Spring Data JPA repositories in DEFAULT mode.
01:38:46 INFO  Finished Spring Data repository scanning in 104 ms. Found 1 JPA repository interface.
01:38:47 INFO  Tomcat initialized with port 9098 (http)
01:38:47 INFO  Starting service [Tomcat]
01:38:47 INFO  Starting Servlet engine: [Apache Tomcat/11.0.20]
01:38:47 INFO  Root WebApplicationContext: initialization completed in 1546 ms
01:38:47 INFO  HHH008540: Processing PersistenceUnitInfo [name: default]
01:38:47 INFO  HHH000001: Hibernate ORM core version 7.2.7.Final
01:38:48 INFO  No LoadTimeWeaver setup: ignoring JPA class transformer
01:38:48 INFO  HikariPool-1 - Starting...
01:38:48 INFO  HikariPool-1 - Added connection com.mysql.cj.jdbc.ConnectionImpl@19d13d04
01:38:48 INFO  HikariPool-1 - Start completed.
01:38:48 WARN  HHH90000025: MySQLDialect does not need to be specified explicitly using 'hibernate.dialect' (remove the property setting and it will be selected by default)
01:38:48 INFO  HHH10001005: Database info:
	Database JDBC URL [jdbc:mysql://localhost:3306/bd_recomendaciones]
	Database driver: MySQL Connector/J
	Database dialect: MySQLDialect
	Database version: 8.4.3
	Default catalog/schema: bd_recomendaciones/undefined
	Autocommit mode: undefined/unknown
	Isolation level: REPEATABLE_READ [default REPEATABLE_READ]
	JDBC fetch size: none
	Pool: DataSourceConnectionProvider
	Minimum pool size: undefined/unknown
	Maximum pool size: undefined/unknown
01:38:49 INFO  HHH000489: No JTA platform available (set 'hibernate.transaction.jta.platform' to enable JTA platform integration)
01:38:49 INFO  Initialized JPA EntityManagerFactory for persistence unit 'default'
01:38:49 INFO  Hibernate is in classpath; If applicable, HQL parser will be used.
01:38:51 INFO  Reading resource: db/changelog/changes/001-crear-tabla-recomendaciones.sql
01:38:51 INFO  Reading from bd_recomendaciones.databasechangelog
01:38:51 INFO  Database is up to date, no changesets to execute
01:38:51 INFO  Reading from bd_recomendaciones.databasechangelog
01:38:51 INFO  UPDATE SUMMARY
01:38:51 INFO  Run:                          0
01:38:51 INFO  Previously run:               1
01:38:51 INFO  Filtered out:                 0
01:38:51 INFO  -------------------------------
01:38:51 INFO  Total change sets:            1
01:38:51 INFO  Update summary generated
01:38:51 INFO  Command execution complete
01:38:51 WARN  spring.jpa.open-in-view is enabled by default. Therefore, database queries may be performed during view rendering. Explicitly configure spring.jpa.open-in-view to disable this warning
01:38:52 INFO  Tomcat started on port 9098 (http) with context path '/'
01:38:52 INFO  Started RecomendacionesApplication in 7.035 seconds (process running for 7.806)
01:47:40 INFO  Starting RecomendacionesApplication using Java 25 with PID 45612 (D:\FinalShit\CasoSemestral-DuocFullStack-I\recomendaciones\target\classes started by Matt in D:\FinalShit\CasoSemestral-DuocFullStack-I\recomendaciones)
01:47:40 INFO  No active profile set, falling back to 1 default profile: "default"
01:47:41 INFO  Bootstrapping Spring Data JPA repositories in DEFAULT mode.
01:47:41 INFO  Finished Spring Data repository scanning in 85 ms. Found 1 JPA repository interface.
01:47:41 INFO  Tomcat initialized with port 9098 (http)
01:47:41 INFO  Starting service [Tomcat]
01:47:41 INFO  Starting Servlet engine: [Apache Tomcat/11.0.20]
01:47:41 INFO  Root WebApplicationContext: initialization completed in 1130 ms
01:47:41 INFO  HHH008540: Processing PersistenceUnitInfo [name: default]
01:47:41 INFO  HHH000001: Hibernate ORM core version 7.2.7.Final
01:47:42 INFO  No LoadTimeWeaver setup: ignoring JPA class transformer
01:47:42 INFO  HikariPool-1 - Starting...
01:47:42 INFO  HikariPool-1 - Added connection com.mysql.cj.jdbc.ConnectionImpl@19d13d04
01:47:42 INFO  HikariPool-1 - Start completed.
01:47:42 WARN  HHH90000025: MySQLDialect does not need to be specified explicitly using 'hibernate.dialect' (remove the property setting and it will be selected by default)
01:47:42 INFO  HHH10001005: Database info:
	Database JDBC URL [jdbc:mysql://localhost:3306/bd_recomendaciones]
	Database driver: MySQL Connector/J
	Database dialect: MySQLDialect
	Database version: 8.4.3
	Default catalog/schema: bd_recomendaciones/undefined
	Autocommit mode: undefined/unknown
	Isolation level: REPEATABLE_READ [default REPEATABLE_READ]
	JDBC fetch size: none
	Pool: DataSourceConnectionProvider
	Minimum pool size: undefined/unknown
	Maximum pool size: undefined/unknown
01:47:42 INFO  HHH000489: No JTA platform available (set 'hibernate.transaction.jta.platform' to enable JTA platform integration)
01:47:42 INFO  Initialized JPA EntityManagerFactory for persistence unit 'default'
01:47:43 INFO  Hibernate is in classpath; If applicable, HQL parser will be used.
01:47:44 INFO  Reading resource: db/changelog/changes/001-crear-tabla-recomendaciones.sql
01:47:44 INFO  Reading from bd_recomendaciones.databasechangelog
01:47:44 INFO  Database is up to date, no changesets to execute
01:47:44 INFO  Reading from bd_recomendaciones.databasechangelog
01:47:44 INFO  UPDATE SUMMARY
01:47:44 INFO  Run:                          0
01:47:44 INFO  Previously run:               1
01:47:44 INFO  Filtered out:                 0
01:47:44 INFO  -------------------------------
01:47:44 INFO  Total change sets:            1
01:47:44 INFO  Update summary generated
01:47:44 INFO  Command execution complete
01:47:44 WARN  spring.jpa.open-in-view is enabled by default. Therefore, database queries may be performed during view rendering. Explicitly configure spring.jpa.open-in-view to disable this warning
01:47:45 INFO  Tomcat started on port 9098 (http) with context path '/'
01:47:45 INFO  Started RecomendacionesApplication in 5.12 seconds (process running for 5.519)
01:50:48 INFO  Starting RecomendacionesApplication using Java 25 with PID 14948 (D:\FinalShit\CasoSemestral-DuocFullStack-I\recomendaciones\target\classes started by Matt in D:\FinalShit\CasoSemestral-DuocFullStack-I\recomendaciones)
01:50:48 INFO  No active profile set, falling back to 1 default profile: "default"
01:50:48 INFO  Bootstrapping Spring Data JPA repositories in DEFAULT mode.
01:50:48 INFO  Finished Spring Data repository scanning in 91 ms. Found 1 JPA repository interface.
01:50:49 INFO  Tomcat initialized with port 9098 (http)
01:50:49 INFO  Starting service [Tomcat]
01:50:49 INFO  Starting Servlet engine: [Apache Tomcat/11.0.20]
01:50:49 INFO  Root WebApplicationContext: initialization completed in 1188 ms
01:50:49 INFO  HHH008540: Processing PersistenceUnitInfo [name: default]
01:50:49 INFO  HHH000001: Hibernate ORM core version 7.2.7.Final
01:50:49 INFO  No LoadTimeWeaver setup: ignoring JPA class transformer
01:50:49 INFO  HikariPool-1 - Starting...
01:50:50 INFO  HikariPool-1 - Added connection com.mysql.cj.jdbc.ConnectionImpl@61d61b0e
01:50:50 INFO  HikariPool-1 - Start completed.
01:50:50 WARN  HHH90000025: MySQLDialect does not need to be specified explicitly using 'hibernate.dialect' (remove the property setting and it will be selected by default)
01:50:50 INFO  HHH10001005: Database info:
	Database JDBC URL [jdbc:mysql://localhost:3306/bd_recomendaciones]
	Database driver: MySQL Connector/J
	Database dialect: MySQLDialect
	Database version: 8.4.3
	Default catalog/schema: bd_recomendaciones/undefined
	Autocommit mode: undefined/unknown
	Isolation level: REPEATABLE_READ [default REPEATABLE_READ]
	JDBC fetch size: none
	Pool: DataSourceConnectionProvider
	Minimum pool size: undefined/unknown
	Maximum pool size: undefined/unknown
01:50:50 INFO  HHH000489: No JTA platform available (set 'hibernate.transaction.jta.platform' to enable JTA platform integration)
01:50:50 INFO  Initialized JPA EntityManagerFactory for persistence unit 'default'
01:50:50 INFO  Hibernate is in classpath; If applicable, HQL parser will be used.
01:50:52 INFO  Reading resource: db/changelog/changes/001-crear-tabla-recomendaciones.sql
01:50:52 INFO  Reading from bd_recomendaciones.databasechangelog
01:50:52 INFO  Database is up to date, no changesets to execute
01:50:52 INFO  Reading from bd_recomendaciones.databasechangelog
01:50:52 INFO  UPDATE SUMMARY
01:50:52 INFO  Run:                          0
01:50:52 INFO  Previously run:               1
01:50:52 INFO  Filtered out:                 0
01:50:52 INFO  -------------------------------
01:50:52 INFO  Total change sets:            1
01:50:52 INFO  Update summary generated
01:50:52 INFO  Command execution complete
01:50:52 WARN  spring.jpa.open-in-view is enabled by default. Therefore, database queries may be performed during view rendering. Explicitly configure spring.jpa.open-in-view to disable this warning
01:50:53 INFO  Tomcat started on port 9098 (http) with context path '/'
01:50:53 INFO  Started RecomendacionesApplication in 5.682 seconds (process running for 6.101)
02:01:33 INFO  Starting RecomendacionesApplication using Java 25 with PID 7784 (D:\FinalShit\CasoSemestral-DuocFullStack-I\recomendaciones\target\classes started by Matt in D:\FinalShit\CasoSemestral-DuocFullStack-I\recomendaciones)
02:01:33 INFO  No active profile set, falling back to 1 default profile: "default"
02:01:34 INFO  Bootstrapping Spring Data JPA repositories in DEFAULT mode.
02:01:34 INFO  Finished Spring Data repository scanning in 108 ms. Found 1 JPA repository interface.
02:01:34 INFO  Tomcat initialized with port 9098 (http)
02:01:34 INFO  Starting service [Tomcat]
02:01:34 INFO  Starting Servlet engine: [Apache Tomcat/11.0.20]
02:01:34 INFO  Root WebApplicationContext: initialization completed in 1282 ms
02:01:35 INFO  HHH008540: Processing PersistenceUnitInfo [name: default]
02:01:35 INFO  HHH000001: Hibernate ORM core version 7.2.7.Final
02:01:35 INFO  No LoadTimeWeaver setup: ignoring JPA class transformer
02:01:35 INFO  HikariPool-1 - Starting...
02:01:35 INFO  HikariPool-1 - Added connection com.mysql.cj.jdbc.ConnectionImpl@61d61b0e
02:01:35 INFO  HikariPool-1 - Start completed.
02:01:35 WARN  HHH90000025: MySQLDialect does not need to be specified explicitly using 'hibernate.dialect' (remove the property setting and it will be selected by default)
02:01:35 INFO  HHH10001005: Database info:
	Database JDBC URL [jdbc:mysql://localhost:3306/bd_recomendaciones]
	Database driver: MySQL Connector/J
	Database dialect: MySQLDialect
	Database version: 8.4.3
	Default catalog/schema: bd_recomendaciones/undefined
	Autocommit mode: undefined/unknown
	Isolation level: REPEATABLE_READ [default REPEATABLE_READ]
	JDBC fetch size: none
	Pool: DataSourceConnectionProvider
	Minimum pool size: undefined/unknown
	Maximum pool size: undefined/unknown
02:01:36 INFO  HHH000489: No JTA platform available (set 'hibernate.transaction.jta.platform' to enable JTA platform integration)
02:01:36 INFO  Initialized JPA EntityManagerFactory for persistence unit 'default'
02:01:36 INFO  Hibernate is in classpath; If applicable, HQL parser will be used.
02:01:38 INFO  Reading resource: db/changelog/changes/001-crear-tabla-recomendaciones.sql
02:01:38 INFO  Reading from bd_recomendaciones.databasechangelog
02:01:38 INFO  Database is up to date, no changesets to execute
02:01:38 INFO  Reading from bd_recomendaciones.databasechangelog
02:01:38 INFO  UPDATE SUMMARY
02:01:38 INFO  Run:                          0
02:01:38 INFO  Previously run:               1
02:01:38 INFO  Filtered out:                 0
02:01:38 INFO  -------------------------------
02:01:38 INFO  Total change sets:            1
02:01:38 INFO  Update summary generated
02:01:38 INFO  Command execution complete
02:01:38 WARN  spring.jpa.open-in-view is enabled by default. Therefore, database queries may be performed during view rendering. Explicitly configure spring.jpa.open-in-view to disable this warning
02:01:39 INFO  Tomcat started on port 9098 (http) with context path '/'
02:01:39 INFO  Started RecomendacionesApplication in 6.202 seconds (process running for 6.752)
02:24:28 INFO  Starting RecomendacionesApplication using Java 25 with PID 46720 (D:\FinalShit\CasoSemestral-DuocFullStack-I\recomendaciones\target\classes started by Matt in D:\FinalShit\CasoSemestral-DuocFullStack-I\recomendaciones)
02:24:28 INFO  No active profile set, falling back to 1 default profile: "default"
02:24:29 INFO  Bootstrapping Spring Data JPA repositories in DEFAULT mode.
02:24:29 INFO  Finished Spring Data repository scanning in 171 ms. Found 1 JPA repository interface.
02:24:30 INFO  Tomcat initialized with port 9098 (http)
02:24:30 INFO  Starting service [Tomcat]
02:24:30 INFO  Starting Servlet engine: [Apache Tomcat/11.0.20]
02:24:30 INFO  Root WebApplicationContext: initialization completed in 2021 ms
02:24:30 INFO  HHH008540: Processing PersistenceUnitInfo [name: default]
02:24:30 INFO  HHH000001: Hibernate ORM core version 7.2.7.Final
02:24:31 INFO  No LoadTimeWeaver setup: ignoring JPA class transformer
02:24:31 INFO  HikariPool-1 - Starting...
02:24:31 INFO  HikariPool-1 - Added connection com.mysql.cj.jdbc.ConnectionImpl@4a094f90
02:24:31 INFO  HikariPool-1 - Start completed.
02:24:31 WARN  HHH90000025: MySQLDialect does not need to be specified explicitly using 'hibernate.dialect' (remove the property setting and it will be selected by default)
02:24:31 INFO  HHH10001005: Database info:
	Database JDBC URL [jdbc:mysql://localhost:3306/bd_recomendaciones]
	Database driver: MySQL Connector/J
	Database dialect: MySQLDialect
	Database version: 8.4.3
	Default catalog/schema: bd_recomendaciones/undefined
	Autocommit mode: undefined/unknown
	Isolation level: REPEATABLE_READ [default REPEATABLE_READ]
	JDBC fetch size: none
	Pool: DataSourceConnectionProvider
	Minimum pool size: undefined/unknown
	Maximum pool size: undefined/unknown
02:24:32 INFO  HHH000489: No JTA platform available (set 'hibernate.transaction.jta.platform' to enable JTA platform integration)
02:24:32 INFO  Initialized JPA EntityManagerFactory for persistence unit 'default'
02:24:32 INFO  Hibernate is in classpath; If applicable, HQL parser will be used.
02:24:34 INFO  Reading resource: db/changelog/changes/001-crear-tabla-recomendaciones.sql
02:24:34 INFO  Reading from bd_recomendaciones.databasechangelog
02:24:34 INFO  Database is up to date, no changesets to execute
02:24:34 INFO  Reading from bd_recomendaciones.databasechangelog
02:24:34 INFO  UPDATE SUMMARY
02:24:34 INFO  Run:                          0
02:24:34 INFO  Previously run:               1
02:24:34 INFO  Filtered out:                 0
02:24:34 INFO  -------------------------------
02:24:34 INFO  Total change sets:            1
02:24:34 INFO  Update summary generated
02:24:34 INFO  Command execution complete
02:24:34 WARN  spring.jpa.open-in-view is enabled by default. Therefore, database queries may be performed during view rendering. Explicitly configure spring.jpa.open-in-view to disable this warning
02:24:35 INFO  Tomcat started on port 9098 (http) with context path '/'
02:24:35 INFO  Started RecomendacionesApplication in 7.152 seconds (process running for 7.782)
02:29:40 INFO  Initializing Spring DispatcherServlet 'dispatcherServlet'
02:29:40 INFO  Initializing Servlet 'dispatcherServlet'
02:29:40 INFO  Completed initialization in 5 ms
02:29:40 INFO  Init duration for springdoc-openapi is: 260 ms
