14:57:55 INFO  Starting PagosApplication using Java 25.0.1 with PID 13000 (D:\Programacion\VisualCode\3. Tercer semestre\Parte 1 Proyecto Semestral\CasoSemestral-DuocFullStack-I\pagos\pagos\target\classes started by diego in D:\Programacion\VisualCode\3. Tercer semestre\Parte 1 Proyecto Semestral\CasoSemestral-DuocFullStack-I\pagos\pagos)
14:57:55 INFO  No active profile set, falling back to 1 default profile: "default"
14:57:56 INFO  Bootstrapping Spring Data JPA repositories in DEFAULT mode.
14:57:56 INFO  Finished Spring Data repository scanning in 233 ms. Found 1 JPA repository interface.
14:57:57 INFO  Tomcat initialized with port 9094 (http)
14:57:57 INFO  Starting service [Tomcat]
14:57:57 INFO  Starting Servlet engine: [Apache Tomcat/11.0.21]
14:57:57 INFO  Root WebApplicationContext: initialization completed in 2440 ms
14:57:58 INFO  HHH008540: Processing PersistenceUnitInfo [name: default]
14:57:58 INFO  HHH000001: Hibernate ORM core version 7.2.12.Final
14:57:58 INFO  No LoadTimeWeaver setup: ignoring JPA class transformer
14:57:58 INFO  HikariPool-1 - Starting...
14:57:59 INFO  HikariPool-1 - Added connection com.mysql.cj.jdbc.ConnectionImpl@6fdc2db6
14:57:59 INFO  HikariPool-1 - Start completed.
14:57:59 WARN  HHH000511: The 5.5.5 version for [org.hibernate.dialect.MySQLDialect] is no longer supported, hence certain features may not work properly.The minimum supported version is 8.0.0. Check the community dialects project for available legacy versions.
14:57:59 WARN  HHH90000025: MySQLDialect does not need to be specified explicitly using 'hibernate.dialect' (remove the property setting and it will be selected by default)
14:57:59 INFO  HHH10001005: Database info:
	Database JDBC URL [jdbc:mysql://localhost:3306/bd_pagos?createDatabaseIfNotExist=true&serverTimezone=America/Santiago]
	Database driver: MySQL Connector/J
	Database dialect: MySQLDialect
	Database version: 5.5.5
	Default catalog/schema: bd_pagos/undefined
	Autocommit mode: undefined/unknown
	Isolation level: REPEATABLE_READ [default REPEATABLE_READ]
	JDBC fetch size: none
	Pool: DataSourceConnectionProvider
	Minimum pool size: undefined/unknown
	Maximum pool size: undefined/unknown
14:58:00 INFO  HHH000489: No JTA platform available (set 'hibernate.transaction.jta.platform' to enable JTA platform integration)
14:58:00 INFO  Initialized JPA EntityManagerFactory for persistence unit 'default'
14:58:00 INFO  Hibernate is in classpath; If applicable, HQL parser will be used.
14:58:02 INFO  Reading resource: db/changelog/changes/001-crear-tablas.sql
14:58:02 INFO  Reading from bd_pagos.databasechangelog
14:58:02 INFO  Reading resource: db/changelog/changes/002-datos-iniciales.sql
14:58:02 INFO  Database is up to date, no changesets to execute
14:58:02 INFO  Reading from bd_pagos.databasechangelog
14:58:02 INFO  UPDATE SUMMARY
14:58:02 INFO  Run:                          0
14:58:02 INFO  Previously run:               2
14:58:02 INFO  Filtered out:                 0
14:58:02 INFO  -------------------------------
14:58:02 INFO  Total change sets:            2
14:58:02 INFO  Update summary generated
14:58:02 INFO  Command execution complete
14:58:02 WARN  spring.jpa.open-in-view is enabled by default. Therefore, database queries may be performed during view rendering. Explicitly configure spring.jpa.open-in-view to disable this warning
14:58:03 INFO  Tomcat started on port 9094 (http) with context path '/'
14:58:03 INFO  Started PagosApplication in 9.023 seconds (process running for 10.945)
14:13:47 INFO  Starting PagosApplication using Java 24.0.2 with PID 11052 (C:\Users\av-alumno\Downloads\SCF\CasoSemestral-DuocFullStack-I\pagos\pagos\target\classes started by AV-Alumno in C:\Users\av-alumno\Downloads\SCF\CasoSemestral-DuocFullStack-I\pagos\pagos)
14:13:47 INFO  No active profile set, falling back to 1 default profile: "default"
14:13:49 INFO  Bootstrapping Spring Data JPA repositories in DEFAULT mode.
14:13:49 INFO  Finished Spring Data repository scanning in 396 ms. Found 1 JPA repository interface.
14:13:50 INFO  Tomcat initialized with port 9094 (http)
14:13:50 INFO  Starting service [Tomcat]
14:13:50 INFO  Starting Servlet engine: [Apache Tomcat/11.0.21]
14:13:50 INFO  Root WebApplicationContext: initialization completed in 3368 ms
14:13:50 INFO  HHH008540: Processing PersistenceUnitInfo [name: default]
14:13:51 INFO  HHH000001: Hibernate ORM core version 7.2.12.Final
14:13:51 INFO  No LoadTimeWeaver setup: ignoring JPA class transformer
14:13:51 INFO  HikariPool-1 - Starting...
14:13:53 WARN  HHH000247: ErrorCode: 0, SQLState: 08S01
14:13:53 WARN  Communications link failure

The last packet sent successfully to the server was 0 milliseconds ago. The driver has not received any packets from the server.
14:13:53 WARN  HHH100046: Could not obtain connection to query JDBC database metadata
org.hibernate.exception.JDBCConnectionException: Unable to obtain isolated JDBC connection [Communications link failure

The last packet sent successfully to the server was 0 milliseconds ago. The driver has not received any packets from the server.] [n/a]
	at org.hibernate.exception.internal.SQLStateConversionDelegate.convert(SQLStateConversionDelegate.java:80)
	at org.hibernate.exception.internal.StandardSQLExceptionConverter.convert(StandardSQLExceptionConverter.java:34)
	at org.hibernate.engine.jdbc.spi.SqlExceptionHelper.convert(SqlExceptionHelper.java:115)
	at org.hibernate.engine.jdbc.spi.SqlExceptionHelper.convert(SqlExceptionHelper.java:101)
	at org.hibernate.resource.transaction.backend.jdbc.internal.JdbcIsolationDelegate.delegateWork(JdbcIsolationDelegate.java:51)
	at org.hibernate.engine.jdbc.env.internal.JdbcEnvironmentInitiator.getJdbcEnvironmentUsingJdbcMetadata(JdbcEnvironmentInitiator.java:366)
	at org.hibernate.engine.jdbc.env.internal.JdbcEnvironmentInitiator.getJdbcEnvironment(JdbcEnvironmentInitiator.java:143)
	at org.hibernate.engine.jdbc.env.internal.JdbcEnvironmentInitiator.initiateService(JdbcEnvironmentInitiator.java:120)
	at org.hibernate.engine.jdbc.env.internal.JdbcEnvironmentInitiator.initiateService(JdbcEnvironmentInitiator.java:80)
	at org.hibernate.boot.registry.internal.StandardServiceRegistryImpl.initiateService(StandardServiceRegistryImpl.java:133)
	at org.hibernate.service.internal.AbstractServiceRegistryImpl.createService(AbstractServiceRegistryImpl.java:260)
	at org.hibernate.service.internal.AbstractServiceRegistryImpl.initializeService(AbstractServiceRegistryImpl.java:235)
	at org.hibernate.service.internal.AbstractServiceRegistryImpl.getService(AbstractServiceRegistryImpl.java:212)
	at org.hibernate.boot.model.relational.Database.<init>(Database.java:44)
	at org.hibernate.boot.internal.InFlightMetadataCollectorImpl.getDatabase(InFlightMetadataCollectorImpl.java:251)
	at org.hibernate.boot.internal.InFlightMetadataCollectorImpl.<init>(InFlightMetadataCollectorImpl.java:203)
	at org.hibernate.boot.model.process.spi.MetadataBuildingProcess.complete(MetadataBuildingProcess.java:172)
	at org.hibernate.jpa.boot.internal.EntityManagerFactoryBuilderImpl.metadata(EntityManagerFactoryBuilderImpl.java:1392)
	at org.hibernate.jpa.boot.internal.EntityManagerFactoryBuilderImpl.populateSessionFactoryBuilder(EntityManagerFactoryBuilderImpl.java:1472)
	at org.hibernate.jpa.boot.internal.EntityManagerFactoryBuilderImpl.build(EntityManagerFactoryBuilderImpl.java:1454)
	at org.springframework.orm.jpa.vendor.SpringHibernateJpaPersistenceProvider.createContainerEntityManagerFactory(SpringHibernateJpaPersistenceProvider.java:93)
	at org.springframework.orm.jpa.LocalContainerEntityManagerFactoryBean.createNativeEntityManagerFactory(LocalContainerEntityManagerFactoryBean.java:443)
	at org.springframework.orm.jpa.AbstractEntityManagerFactoryBean.buildNativeEntityManagerFactory(AbstractEntityManagerFactoryBean.java:436)
	at org.springframework.orm.jpa.AbstractEntityManagerFactoryBean.afterPropertiesSet(AbstractEntityManagerFactoryBean.java:411)
	at org.springframework.orm.jpa.LocalContainerEntityManagerFactoryBean.afterPropertiesSet(LocalContainerEntityManagerFactoryBean.java:419)
	at org.springframework.beans.factory.support.AbstractAutowireCapableBeanFactory.invokeInitMethods(AbstractAutowireCapableBeanFactory.java:1864)
	at org.springframework.beans.factory.support.AbstractAutowireCapableBeanFactory.initializeBean(AbstractAutowireCapableBeanFactory.java:1813)
	at org.springframework.beans.factory.support.AbstractAutowireCapableBeanFactory.doCreateBean(AbstractAutowireCapableBeanFactory.java:603)
	at org.springframework.beans.factory.support.AbstractAutowireCapableBeanFactory.createBean(AbstractAutowireCapableBeanFactory.java:525)
	at org.springframework.beans.factory.support.AbstractBeanFactory.lambda$doGetBean$0(AbstractBeanFactory.java:333)
	at org.springframework.beans.factory.support.DefaultSingletonBeanRegistry.getSingleton(DefaultSingletonBeanRegistry.java:371)
	at org.springframework.beans.factory.support.AbstractBeanFactory.doGetBean(AbstractBeanFactory.java:331)
	at org.springframework.beans.factory.support.AbstractBeanFactory.getBean(AbstractBeanFactory.java:201)
	at org.springframework.context.support.AbstractApplicationContext.finishBeanFactoryInitialization(AbstractApplicationContext.java:977)
	at org.springframework.context.support.AbstractApplicationContext.refresh(AbstractApplicationContext.java:621)
	at org.springframework.boot.web.server.servlet.context.ServletWebServerApplicationContext.refresh(ServletWebServerApplicationContext.java:143)
	at org.springframework.boot.SpringApplication.refresh(SpringApplication.java:756)
	at org.springframework.boot.SpringApplication.refreshContext(SpringApplication.java:445)
	at org.springframework.boot.SpringApplication.run(SpringApplication.java:321)
	at org.springframework.boot.SpringApplication.run(SpringApplication.java:1365)
	at org.springframework.boot.SpringApplication.run(SpringApplication.java:1354)
	at com.bravatta.pagos.PagosApplication.main(PagosApplication.java:10)
Caused by: com.mysql.cj.jdbc.exceptions.CommunicationsException: Communications link failure

The last packet sent successfully to the server was 0 milliseconds ago. The driver has not received any packets from the server.
	at com.mysql.cj.jdbc.exceptions.SQLError.createCommunicationsException(SQLError.java:165)
	at com.mysql.cj.jdbc.exceptions.SQLExceptionsMapping.translateException(SQLExceptionsMapping.java:55)
	at com.mysql.cj.jdbc.ConnectionImpl.createNewIO(ConnectionImpl.java:840)
	at com.mysql.cj.jdbc.ConnectionImpl.<init>(ConnectionImpl.java:416)
	at com.mysql.cj.jdbc.ConnectionImpl.getInstance(ConnectionImpl.java:237)
	at com.mysql.cj.jdbc.NonRegisteringDriver.connect(NonRegisteringDriver.java:180)
	at com.zaxxer.hikari.util.DriverDataSource.getConnection(DriverDataSource.java:144)
	at com.zaxxer.hikari.pool.PoolBase.newConnection(PoolBase.java:373)
	at com.zaxxer.hikari.pool.PoolBase.newPoolEntry(PoolBase.java:210)
	at com.zaxxer.hikari.pool.HikariPool.createPoolEntry(HikariPool.java:488)
	at com.zaxxer.hikari.pool.HikariPool.checkFailFast(HikariPool.java:576)
	at com.zaxxer.hikari.pool.HikariPool.<init>(HikariPool.java:97)
	at com.zaxxer.hikari.HikariDataSource.getConnection(HikariDataSource.java:111)
	at org.hibernate.engine.jdbc.connections.internal.DataSourceConnectionProvider.getConnection(DataSourceConnectionProvider.java:137)
	at org.hibernate.engine.jdbc.env.internal.JdbcEnvironmentInitiator$ConnectionProviderJdbcConnectionAccess.obtainConnection(JdbcEnvironmentInitiator.java:508)
	at org.hibernate.resource.transaction.backend.jdbc.internal.JdbcIsolationDelegate.delegateWork(JdbcIsolationDelegate.java:48)
	... 37 common frames omitted
Caused by: com.mysql.cj.exceptions.CJCommunicationsException: Communications link failure

The last packet sent successfully to the server was 0 milliseconds ago. The driver has not received any packets from the server.
	at java.base/jdk.internal.reflect.DirectConstructorHandleAccessor.newInstance(DirectConstructorHandleAccessor.java:62)
	at java.base/java.lang.reflect.Constructor.newInstanceWithCaller(Constructor.java:499)
	at java.base/java.lang.reflect.Constructor.newInstance(Constructor.java:483)
	at com.mysql.cj.exceptions.ExceptionFactory.createException(ExceptionFactory.java:52)
	at com.mysql.cj.exceptions.ExceptionFactory.createException(ExceptionFactory.java:95)
	at com.mysql.cj.exceptions.ExceptionFactory.createException(ExceptionFactory.java:140)
	at com.mysql.cj.exceptions.ExceptionFactory.createCommunicationsException(ExceptionFactory.java:156)
	at com.mysql.cj.protocol.a.NativeSocketConnection.connect(NativeSocketConnection.java:79)
	at com.mysql.cj.NativeSession.connect(NativeSession.java:142)
	at com.mysql.cj.jdbc.ConnectionImpl.connectOneTryOnly(ConnectionImpl.java:964)
	at com.mysql.cj.jdbc.ConnectionImpl.createNewIO(ConnectionImpl.java:828)
	... 50 common frames omitted
Caused by: java.net.ConnectException: Connection refused: getsockopt
	at java.base/sun.nio.ch.Net.pollConnect(Native Method)
	at java.base/sun.nio.ch.Net.pollConnectNow(Net.java:628)
	at java.base/sun.nio.ch.NioSocketImpl.timedFinishConnect(NioSocketImpl.java:533)
	at java.base/sun.nio.ch.NioSocketImpl.connect(NioSocketImpl.java:583)
	at java.base/java.net.SocksSocketImpl.connect(SocksSocketImpl.java:282)
	at java.base/java.net.Socket.connect(Socket.java:665)
	at com.mysql.cj.protocol.StandardSocketFactory.connect(StandardSocketFactory.java:144)
	at com.mysql.cj.protocol.a.NativeSocketConnection.connect(NativeSocketConnection.java:53)
	... 53 common frames omitted
14:13:53 WARN  HHH90000025: MySQLDialect does not need to be specified explicitly using 'hibernate.dialect' (remove the property setting and it will be selected by default)
14:13:53 INFO  HHH10001005: Database info:
	Database JDBC URL [undefined/unknown]
	Database driver: undefined/unknown
	Database dialect: MySQLDialect
	Database version: 8.0
	Default catalog/schema: unknown/unknown
	Autocommit mode: undefined/unknown
	Isolation level: NONE [default NONE]
	JDBC fetch size: undefined/unknown
	Pool: DataSourceConnectionProvider
	Minimum pool size: undefined/unknown
	Maximum pool size: undefined/unknown
14:13:54 INFO  HHH000489: No JTA platform available (set 'hibernate.transaction.jta.platform' to enable JTA platform integration)
14:13:54 INFO  Initialized JPA EntityManagerFactory for persistence unit 'default'
14:13:54 INFO  Hibernate is in classpath; If applicable, HQL parser will be used.
14:13:54 INFO  HikariPool-1 - Starting...
14:13:55 WARN  Exception encountered during context initialization - cancelling refresh attempt: org.springframework.beans.factory.BeanCreationException: Error creating bean with name 'liquibase' defined in class path resource [com/bravatta/pagos/config/LiquibaseConfig.class]: liquibase.exception.DatabaseException: com.mysql.cj.jdbc.exceptions.CommunicationsException: Communications link failure

The last packet sent successfully to the server was 0 milliseconds ago. The driver has not received any packets from the server.
14:13:55 INFO  Closing JPA EntityManagerFactory for persistence unit 'default'
14:13:55 INFO  Stopping service [Tomcat]
14:13:55 INFO  

Error starting ApplicationContext. To display the condition evaluation report re-run your application with 'debug' enabled.
14:13:55 ERROR Application run failed
org.springframework.beans.factory.BeanCreationException: Error creating bean with name 'liquibase' defined in class path resource [com/bravatta/pagos/config/LiquibaseConfig.class]: liquibase.exception.DatabaseException: com.mysql.cj.jdbc.exceptions.CommunicationsException: Communications link failure

The last packet sent successfully to the server was 0 milliseconds ago. The driver has not received any packets from the server.
	at org.springframework.beans.factory.support.AbstractAutowireCapableBeanFactory.initializeBean(AbstractAutowireCapableBeanFactory.java:1817)
	at org.springframework.beans.factory.support.AbstractAutowireCapableBeanFactory.doCreateBean(AbstractAutowireCapableBeanFactory.java:603)
	at org.springframework.beans.factory.support.AbstractAutowireCapableBeanFactory.createBean(AbstractAutowireCapableBeanFactory.java:525)
	at org.springframework.beans.factory.support.AbstractBeanFactory.lambda$doGetBean$0(AbstractBeanFactory.java:333)
	at org.springframework.beans.factory.support.DefaultSingletonBeanRegistry.getSingleton(DefaultSingletonBeanRegistry.java:371)
	at org.springframework.beans.factory.support.AbstractBeanFactory.doGetBean(AbstractBeanFactory.java:331)
	at org.springframework.beans.factory.support.AbstractBeanFactory.getBean(AbstractBeanFactory.java:196)
	at org.springframework.beans.factory.support.DefaultListableBeanFactory.instantiateSingleton(DefaultListableBeanFactory.java:1218)
	at org.springframework.beans.factory.support.DefaultListableBeanFactory.preInstantiateSingleton(DefaultListableBeanFactory.java:1184)
	at org.springframework.beans.factory.support.DefaultListableBeanFactory.preInstantiateSingletons(DefaultListableBeanFactory.java:1121)
	at org.springframework.context.support.AbstractApplicationContext.finishBeanFactoryInitialization(AbstractApplicationContext.java:994)
	at org.springframework.context.support.AbstractApplicationContext.refresh(AbstractApplicationContext.java:621)
	at org.springframework.boot.web.server.servlet.context.ServletWebServerApplicationContext.refresh(ServletWebServerApplicationContext.java:143)
	at org.springframework.boot.SpringApplication.refresh(SpringApplication.java:756)
	at org.springframework.boot.SpringApplication.refreshContext(SpringApplication.java:445)
	at org.springframework.boot.SpringApplication.run(SpringApplication.java:321)
	at org.springframework.boot.SpringApplication.run(SpringApplication.java:1365)
	at org.springframework.boot.SpringApplication.run(SpringApplication.java:1354)
	at com.bravatta.pagos.PagosApplication.main(PagosApplication.java:10)
Caused by: liquibase.exception.LiquibaseException: liquibase.exception.DatabaseException: com.mysql.cj.jdbc.exceptions.CommunicationsException: Communications link failure

The last packet sent successfully to the server was 0 milliseconds ago. The driver has not received any packets from the server.
	at liquibase.integration.spring.SpringLiquibase.afterPropertiesSet(SpringLiquibase.java:289)
	at org.springframework.beans.factory.support.AbstractAutowireCapableBeanFactory.invokeInitMethods(AbstractAutowireCapableBeanFactory.java:1864)
	at org.springframework.beans.factory.support.AbstractAutowireCapableBeanFactory.initializeBean(AbstractAutowireCapableBeanFactory.java:1813)
	... 18 common frames omitted
Caused by: liquibase.exception.DatabaseException: com.mysql.cj.jdbc.exceptions.CommunicationsException: Communications link failure

The last packet sent successfully to the server was 0 milliseconds ago. The driver has not received any packets from the server.
	at liquibase.integration.spring.SpringLiquibase.lambda$afterPropertiesSet$0(SpringLiquibase.java:281)
	at liquibase.Scope.lambda$child$0(Scope.java:241)
	at liquibase.Scope.child(Scope.java:250)
	at liquibase.Scope.child(Scope.java:240)
	at liquibase.Scope.child(Scope.java:219)
	at liquibase.integration.spring.SpringLiquibase.afterPropertiesSet(SpringLiquibase.java:272)
	... 20 common frames omitted
Caused by: com.mysql.cj.jdbc.exceptions.CommunicationsException: Communications link failure

The last packet sent successfully to the server was 0 milliseconds ago. The driver has not received any packets from the server.
	at com.mysql.cj.jdbc.exceptions.SQLError.createCommunicationsException(SQLError.java:165)
	at com.mysql.cj.jdbc.exceptions.SQLExceptionsMapping.translateException(SQLExceptionsMapping.java:55)
	at com.mysql.cj.jdbc.ConnectionImpl.createNewIO(ConnectionImpl.java:840)
	at com.mysql.cj.jdbc.ConnectionImpl.<init>(ConnectionImpl.java:416)
	at com.mysql.cj.jdbc.ConnectionImpl.getInstance(ConnectionImpl.java:237)
	at com.mysql.cj.jdbc.NonRegisteringDriver.connect(NonRegisteringDriver.java:180)
	at com.zaxxer.hikari.util.DriverDataSource.getConnection(DriverDataSource.java:144)
	at com.zaxxer.hikari.pool.PoolBase.newConnection(PoolBase.java:373)
	at com.zaxxer.hikari.pool.PoolBase.newPoolEntry(PoolBase.java:210)
	at com.zaxxer.hikari.pool.HikariPool.createPoolEntry(HikariPool.java:488)
	at com.zaxxer.hikari.pool.HikariPool.checkFailFast(HikariPool.java:576)
	at com.zaxxer.hikari.pool.HikariPool.<init>(HikariPool.java:97)
	at com.zaxxer.hikari.HikariDataSource.getConnection(HikariDataSource.java:111)
	at liquibase.integration.spring.SpringLiquibase.lambda$afterPropertiesSet$0(SpringLiquibase.java:276)
	... 25 common frames omitted
Caused by: com.mysql.cj.exceptions.CJCommunicationsException: Communications link failure

The last packet sent successfully to the server was 0 milliseconds ago. The driver has not received any packets from the server.
	at java.base/jdk.internal.reflect.DirectConstructorHandleAccessor.newInstance(DirectConstructorHandleAccessor.java:62)
	at java.base/java.lang.reflect.Constructor.newInstanceWithCaller(Constructor.java:499)
	at java.base/java.lang.reflect.Constructor.newInstance(Constructor.java:483)
	at com.mysql.cj.exceptions.ExceptionFactory.createException(ExceptionFactory.java:52)
	at com.mysql.cj.exceptions.ExceptionFactory.createException(ExceptionFactory.java:95)
	at com.mysql.cj.exceptions.ExceptionFactory.createException(ExceptionFactory.java:140)
	at com.mysql.cj.exceptions.ExceptionFactory.createCommunicationsException(ExceptionFactory.java:156)
	at com.mysql.cj.protocol.a.NativeSocketConnection.connect(NativeSocketConnection.java:79)
	at com.mysql.cj.NativeSession.connect(NativeSession.java:142)
	at com.mysql.cj.jdbc.ConnectionImpl.connectOneTryOnly(ConnectionImpl.java:964)
	at com.mysql.cj.jdbc.ConnectionImpl.createNewIO(ConnectionImpl.java:828)
	... 36 common frames omitted
Caused by: java.net.ConnectException: Connection refused: getsockopt
	at java.base/sun.nio.ch.Net.pollConnect(Native Method)
	at java.base/sun.nio.ch.Net.pollConnectNow(Net.java:628)
	at java.base/sun.nio.ch.NioSocketImpl.timedFinishConnect(NioSocketImpl.java:533)
	at java.base/sun.nio.ch.NioSocketImpl.connect(NioSocketImpl.java:583)
	at java.base/java.net.SocksSocketImpl.connect(SocksSocketImpl.java:282)
	at java.base/java.net.Socket.connect(Socket.java:665)
	at com.mysql.cj.protocol.StandardSocketFactory.connect(StandardSocketFactory.java:144)
	at com.mysql.cj.protocol.a.NativeSocketConnection.connect(NativeSocketConnection.java:53)
	... 39 common frames omitted
14:16:54 INFO  Starting PagosApplication using Java 24.0.2 with PID 4908 (C:\Users\av-alumno\Downloads\SCF\CasoSemestral-DuocFullStack-I\pagos\pagos\target\classes started by AV-Alumno in C:\Users\av-alumno\Downloads\SCF\CasoSemestral-DuocFullStack-I\pagos\pagos)
14:16:54 INFO  No active profile set, falling back to 1 default profile: "default"
14:16:56 INFO  Bootstrapping Spring Data JPA repositories in DEFAULT mode.
14:16:56 INFO  Finished Spring Data repository scanning in 294 ms. Found 1 JPA repository interface.
14:16:57 INFO  Tomcat initialized with port 9094 (http)
14:16:57 INFO  Starting service [Tomcat]
14:16:57 INFO  Starting Servlet engine: [Apache Tomcat/11.0.21]
14:16:57 INFO  Root WebApplicationContext: initialization completed in 3140 ms
14:16:58 INFO  HHH008540: Processing PersistenceUnitInfo [name: default]
14:16:58 INFO  HHH000001: Hibernate ORM core version 7.2.12.Final
14:16:59 INFO  No LoadTimeWeaver setup: ignoring JPA class transformer
14:16:59 INFO  HikariPool-1 - Starting...
14:17:00 INFO  HikariPool-1 - Added connection com.mysql.cj.jdbc.ConnectionImpl@598e5cb8
14:17:00 INFO  HikariPool-1 - Start completed.
14:17:00 WARN  HHH000511: The 5.5.5 version for [org.hibernate.dialect.MySQLDialect] is no longer supported, hence certain features may not work properly.The minimum supported version is 8.0.0. Check the community dialects project for available legacy versions.
14:17:00 WARN  HHH90000025: MySQLDialect does not need to be specified explicitly using 'hibernate.dialect' (remove the property setting and it will be selected by default)
14:17:00 INFO  HHH10001005: Database info:
	Database JDBC URL [jdbc:mysql://localhost:3306/bd_pagos?createDatabaseIfNotExist=true&serverTimezone=America/Santiago]
	Database driver: MySQL Connector/J
	Database dialect: MySQLDialect
	Database version: 5.5.5
	Default catalog/schema: bd_pagos/undefined
	Autocommit mode: undefined/unknown
	Isolation level: REPEATABLE_READ [default REPEATABLE_READ]
	JDBC fetch size: none
	Pool: DataSourceConnectionProvider
	Minimum pool size: undefined/unknown
	Maximum pool size: undefined/unknown
14:17:02 INFO  HHH000489: No JTA platform available (set 'hibernate.transaction.jta.platform' to enable JTA platform integration)
14:17:02 INFO  Initialized JPA EntityManagerFactory for persistence unit 'default'
14:17:02 INFO  Hibernate is in classpath; If applicable, HQL parser will be used.
14:17:05 INFO  Reading resource: db/changelog/changes/001-crear-tablas.sql
14:17:05 INFO  Creating database changelog table with name: bd_pagos.databasechangelog
14:17:05 INFO  Reading from bd_pagos.databasechangelog
14:17:05 INFO  Reading resource: db/changelog/changes/002-datos-iniciales.sql
14:17:05 INFO  Creating snapshot
14:17:05 INFO  Name 'PK_DATABASECHANGELOGLOCK' ignored for PRIMARY key.
14:17:06 INFO  Successfully acquired change log lock
14:17:06 INFO  Using deploymentId: 0683422671
14:17:06 INFO  Reading from bd_pagos.databasechangelog
14:17:06 INFO  Running Changeset: db/changelog/changes/001-crear-tablas.sql::1::bravatta
14:17:06 INFO  Custom SQL executed
14:17:06 INFO  ChangeSet db/changelog/changes/001-crear-tablas.sql::1::bravatta ran successfully in 73ms
14:17:06 INFO  Running Changeset: db/changelog/changes/002-datos-iniciales.sql::2::bravatta
14:17:06 INFO  Custom SQL executed
14:17:06 INFO  ChangeSet db/changelog/changes/002-datos-iniciales.sql::2::bravatta ran successfully in 12ms
14:17:06 INFO  UPDATE SUMMARY
14:17:06 INFO  Run:                          2
14:17:06 INFO  Previously run:               0
14:17:06 INFO  Filtered out:                 0
14:17:06 INFO  -------------------------------
14:17:06 INFO  Total change sets:            2
14:17:06 INFO  Update summary generated
14:17:06 INFO  Update command completed successfully.
14:17:06 INFO  Liquibase: Update has been successful. Rows affected: 10
14:17:06 INFO  Successfully released change log lock
14:17:06 INFO  Command execution complete
14:17:06 WARN  spring.jpa.open-in-view is enabled by default. Therefore, database queries may be performed during view rendering. Explicitly configure spring.jpa.open-in-view to disable this warning
14:17:07 INFO  Tomcat started on port 9094 (http) with context path '/'
14:17:07 INFO  Started PagosApplication in 13.628 seconds (process running for 15.069)
14:54:05 INFO  Starting PagosApplication using Java 24.0.2 with PID 9244 (C:\Users\av-alumno\Downloads\SCF\CasoSemestral-DuocFullStack-I\pagos\pagos\target\classes started by AV-Alumno in C:\Users\av-alumno\Downloads\SCF\CasoSemestral-DuocFullStack-I\pagos\pagos)
14:54:05 INFO  No active profile set, falling back to 1 default profile: "default"
14:54:06 INFO  Bootstrapping Spring Data JPA repositories in DEFAULT mode.
14:54:07 INFO  Finished Spring Data repository scanning in 344 ms. Found 1 JPA repository interface.
14:54:08 INFO  Tomcat initialized with port 9094 (http)
14:54:08 INFO  Starting service [Tomcat]
14:54:08 INFO  Starting Servlet engine: [Apache Tomcat/11.0.21]
14:54:08 INFO  Root WebApplicationContext: initialization completed in 3318 ms
14:54:09 INFO  HHH008540: Processing PersistenceUnitInfo [name: default]
14:54:09 INFO  HHH000001: Hibernate ORM core version 7.2.12.Final
14:54:10 INFO  No LoadTimeWeaver setup: ignoring JPA class transformer
14:54:10 INFO  HikariPool-1 - Starting...
14:54:11 INFO  HikariPool-1 - Added connection com.mysql.cj.jdbc.ConnectionImpl@34695b23
14:54:11 INFO  HikariPool-1 - Start completed.
14:54:11 WARN  HHH000511: The 5.5.5 version for [org.hibernate.dialect.MySQLDialect] is no longer supported, hence certain features may not work properly.The minimum supported version is 8.0.0. Check the community dialects project for available legacy versions.
14:54:11 WARN  HHH90000025: MySQLDialect does not need to be specified explicitly using 'hibernate.dialect' (remove the property setting and it will be selected by default)
14:54:11 INFO  HHH10001005: Database info:
	Database JDBC URL [jdbc:mysql://localhost:3306/bd_pagos?createDatabaseIfNotExist=true&serverTimezone=America/Santiago]
	Database driver: MySQL Connector/J
	Database dialect: MySQLDialect
	Database version: 5.5.5
	Default catalog/schema: bd_pagos/undefined
	Autocommit mode: undefined/unknown
	Isolation level: REPEATABLE_READ [default REPEATABLE_READ]
	JDBC fetch size: none
	Pool: DataSourceConnectionProvider
	Minimum pool size: undefined/unknown
	Maximum pool size: undefined/unknown
14:54:13 INFO  HHH000489: No JTA platform available (set 'hibernate.transaction.jta.platform' to enable JTA platform integration)
14:54:13 INFO  Initialized JPA EntityManagerFactory for persistence unit 'default'
14:54:13 INFO  Hibernate is in classpath; If applicable, HQL parser will be used.
14:54:15 INFO  Reading resource: db/changelog/changes/001-crear-tablas.sql
14:54:15 INFO  Creating database changelog table with name: bd_pagos.databasechangelog
14:54:16 INFO  Reading from bd_pagos.databasechangelog
14:54:16 INFO  Reading resource: db/changelog/changes/002-datos-iniciales.sql
14:54:16 INFO  Creating snapshot
14:54:16 INFO  Name 'PK_DATABASECHANGELOGLOCK' ignored for PRIMARY key.
14:54:16 INFO  Successfully acquired change log lock
14:54:16 INFO  Using deploymentId: 0685653851
14:54:16 INFO  Reading from bd_pagos.databasechangelog
14:54:16 INFO  Running Changeset: db/changelog/changes/001-crear-tablas.sql::1::bravatta
14:54:16 INFO  Custom SQL executed
14:54:16 INFO  ChangeSet db/changelog/changes/001-crear-tablas.sql::1::bravatta ran successfully in 85ms
14:54:16 INFO  Running Changeset: db/changelog/changes/002-datos-iniciales.sql::2::bravatta
14:54:16 INFO  Custom SQL executed
14:54:16 INFO  ChangeSet db/changelog/changes/002-datos-iniciales.sql::2::bravatta ran successfully in 12ms
14:54:16 INFO  UPDATE SUMMARY
14:54:16 INFO  Run:                          2
14:54:16 INFO  Previously run:               0
14:54:16 INFO  Filtered out:                 0
14:54:16 INFO  -------------------------------
14:54:16 INFO  Total change sets:            2
14:54:16 INFO  Update summary generated
14:54:16 INFO  Update command completed successfully.
14:54:16 INFO  Liquibase: Update has been successful. Rows affected: 10
14:54:16 INFO  Successfully released change log lock
14:54:16 INFO  Command execution complete
14:54:16 WARN  spring.jpa.open-in-view is enabled by default. Therefore, database queries may be performed during view rendering. Explicitly configure spring.jpa.open-in-view to disable this warning
14:54:17 INFO  Tomcat started on port 9094 (http) with context path '/'
14:54:17 INFO  Started PagosApplication in 13.66 seconds (process running for 15.228)
14:57:06 INFO  Starting PagosApplication using Java 24.0.2 with PID 18248 (C:\Users\av-alumno\Downloads\SCF\CasoSemestral-DuocFullStack-I\pagos\pagos\target\classes started by AV-Alumno in C:\Users\av-alumno\Downloads\SCF\CasoSemestral-DuocFullStack-I\pagos\pagos)
14:57:06 INFO  No active profile set, falling back to 1 default profile: "default"
14:57:08 INFO  Bootstrapping Spring Data JPA repositories in DEFAULT mode.
14:57:08 INFO  Finished Spring Data repository scanning in 443 ms. Found 1 JPA repository interface.
14:57:09 INFO  Tomcat initialized with port 9094 (http)
14:57:09 INFO  Starting service [Tomcat]
14:57:09 INFO  Starting Servlet engine: [Apache Tomcat/11.0.21]
14:57:10 INFO  Root WebApplicationContext: initialization completed in 3906 ms
14:57:10 INFO  HHH008540: Processing PersistenceUnitInfo [name: default]
14:57:10 INFO  HHH000001: Hibernate ORM core version 7.2.12.Final
14:57:11 INFO  No LoadTimeWeaver setup: ignoring JPA class transformer
14:57:11 INFO  HikariPool-1 - Starting...
14:57:12 INFO  HikariPool-1 - Added connection com.mysql.cj.jdbc.ConnectionImpl@20a946d9
14:57:12 INFO  HikariPool-1 - Start completed.
14:57:12 WARN  HHH000511: The 5.5.5 version for [org.hibernate.dialect.MySQLDialect] is no longer supported, hence certain features may not work properly.The minimum supported version is 8.0.0. Check the community dialects project for available legacy versions.
14:57:12 WARN  HHH90000025: MySQLDialect does not need to be specified explicitly using 'hibernate.dialect' (remove the property setting and it will be selected by default)
14:57:12 INFO  HHH10001005: Database info:
	Database JDBC URL [jdbc:mysql://localhost:3306/bd_pagos?createDatabaseIfNotExist=true&serverTimezone=America/Santiago]
	Database driver: MySQL Connector/J
	Database dialect: MySQLDialect
	Database version: 5.5.5
	Default catalog/schema: bd_pagos/undefined
	Autocommit mode: undefined/unknown
	Isolation level: REPEATABLE_READ [default REPEATABLE_READ]
	JDBC fetch size: none
	Pool: DataSourceConnectionProvider
	Minimum pool size: undefined/unknown
	Maximum pool size: undefined/unknown
14:57:14 INFO  HHH000489: No JTA platform available (set 'hibernate.transaction.jta.platform' to enable JTA platform integration)
14:57:14 INFO  Initialized JPA EntityManagerFactory for persistence unit 'default'
14:57:14 INFO  Hibernate is in classpath; If applicable, HQL parser will be used.
14:57:16 INFO  Reading resource: db/changelog/changes/001-crear-tablas.sql
14:57:17 INFO  Reading from bd_pagos.databasechangelog
14:57:17 INFO  Reading resource: db/changelog/changes/002-datos-iniciales.sql
14:57:17 INFO  Database is up to date, no changesets to execute
14:57:17 INFO  Reading from bd_pagos.databasechangelog
14:57:17 INFO  UPDATE SUMMARY
14:57:17 INFO  Run:                          0
14:57:17 INFO  Previously run:               2
14:57:17 INFO  Filtered out:                 0
14:57:17 INFO  -------------------------------
14:57:17 INFO  Total change sets:            2
14:57:17 INFO  Update summary generated
14:57:17 INFO  Command execution complete
14:57:17 WARN  spring.jpa.open-in-view is enabled by default. Therefore, database queries may be performed during view rendering. Explicitly configure spring.jpa.open-in-view to disable this warning
14:57:18 INFO  Tomcat started on port 9094 (http) with context path '/'
14:57:18 INFO  Started PagosApplication in 13.649 seconds (process running for 15.197)
15:33:36 INFO  Starting PagosApplication using Java 24.0.2 with PID 24284 (C:\Users\av-alumno\Downloads\SCF\CasoSemestral-DuocFullStack-I\pagos\pagos\target\classes started by AV-Alumno in C:\Users\av-alumno\Downloads\SCF\CasoSemestral-DuocFullStack-I\pagos\pagos)
15:33:36 INFO  No active profile set, falling back to 1 default profile: "default"
15:33:39 INFO  Bootstrapping Spring Data JPA repositories in DEFAULT mode.
15:33:39 INFO  Finished Spring Data repository scanning in 512 ms. Found 1 JPA repository interface.
15:33:41 INFO  Tomcat initialized with port 9094 (http)
15:33:41 INFO  Starting service [Tomcat]
15:33:41 INFO  Starting Servlet engine: [Apache Tomcat/11.0.21]
15:33:41 INFO  Root WebApplicationContext: initialization completed in 4651 ms
15:33:42 INFO  HHH008540: Processing PersistenceUnitInfo [name: default]
15:33:42 INFO  HHH000001: Hibernate ORM core version 7.2.12.Final
15:33:43 INFO  No LoadTimeWeaver setup: ignoring JPA class transformer
15:33:43 INFO  HikariPool-1 - Starting...
15:33:44 INFO  HikariPool-1 - Added connection com.mysql.cj.jdbc.ConnectionImpl@34695b23
15:33:44 INFO  HikariPool-1 - Start completed.
15:33:44 WARN  HHH000511: The 5.5.5 version for [org.hibernate.dialect.MySQLDialect] is no longer supported, hence certain features may not work properly.The minimum supported version is 8.0.0. Check the community dialects project for available legacy versions.
15:33:44 WARN  HHH90000025: MySQLDialect does not need to be specified explicitly using 'hibernate.dialect' (remove the property setting and it will be selected by default)
15:33:44 INFO  HHH10001005: Database info:
	Database JDBC URL [jdbc:mysql://localhost:3306/bd_pagos?createDatabaseIfNotExist=true&serverTimezone=America/Santiago]
	Database driver: MySQL Connector/J
	Database dialect: MySQLDialect
	Database version: 5.5.5
	Default catalog/schema: bd_pagos/undefined
	Autocommit mode: undefined/unknown
	Isolation level: REPEATABLE_READ [default REPEATABLE_READ]
	JDBC fetch size: none
	Pool: DataSourceConnectionProvider
	Minimum pool size: undefined/unknown
	Maximum pool size: undefined/unknown
15:33:46 INFO  HHH000489: No JTA platform available (set 'hibernate.transaction.jta.platform' to enable JTA platform integration)
15:33:46 INFO  Initialized JPA EntityManagerFactory for persistence unit 'default'
15:33:46 INFO  Hibernate is in classpath; If applicable, HQL parser will be used.
15:33:49 INFO  Reading resource: db/changelog/changes/001-crear-tablas.sql
15:33:49 INFO  Creating database changelog table with name: bd_pagos.databasechangelog
15:33:49 INFO  Reading from bd_pagos.databasechangelog
15:33:49 INFO  Reading resource: db/changelog/changes/002-datos-iniciales.sql
15:33:49 INFO  Creating snapshot
15:33:49 INFO  Name 'PK_DATABASECHANGELOGLOCK' ignored for PRIMARY key.
15:33:50 INFO  Successfully acquired change log lock
15:33:50 INFO  Using deploymentId: 0688027583
15:33:50 INFO  Reading from bd_pagos.databasechangelog
15:33:50 INFO  Running Changeset: db/changelog/changes/001-crear-tablas.sql::1::bravatta
15:33:50 INFO  Custom SQL executed
15:33:50 INFO  ChangeSet db/changelog/changes/001-crear-tablas.sql::1::bravatta ran successfully in 52ms
15:33:50 INFO  Running Changeset: db/changelog/changes/002-datos-iniciales.sql::2::bravatta
15:33:50 INFO  Custom SQL executed
15:33:50 INFO  ChangeSet db/changelog/changes/002-datos-iniciales.sql::2::bravatta ran successfully in 16ms
15:33:50 INFO  UPDATE SUMMARY
15:33:50 INFO  Run:                          2
15:33:50 INFO  Previously run:               0
15:33:50 INFO  Filtered out:                 0
15:33:50 INFO  -------------------------------
15:33:50 INFO  Total change sets:            2
15:33:50 INFO  Update summary generated
15:33:50 INFO  Update command completed successfully.
15:33:50 INFO  Liquibase: Update has been successful. Rows affected: 10
15:33:50 INFO  Successfully released change log lock
15:33:50 INFO  Command execution complete
15:33:50 WARN  spring.jpa.open-in-view is enabled by default. Therefore, database queries may be performed during view rendering. Explicitly configure spring.jpa.open-in-view to disable this warning
15:33:51 INFO  Tomcat started on port 9094 (http) with context path '/'
15:33:51 INFO  Started PagosApplication in 16.124 seconds (process running for 17.835)
