21:27:20 INFO  Starting ProductoApplication using Java 25 with PID 27912 (D:\FinalShit\CasoSemestral-DuocFullStack-I\producto\producto\target\classes started by Matt in D:\FinalShit\CasoSemestral-DuocFullStack-I\producto\producto)
21:27:20 INFO  No active profile set, falling back to 1 default profile: "default"
21:27:21 INFO  Bootstrapping Spring Data JPA repositories in DEFAULT mode.
21:27:21 INFO  Finished Spring Data repository scanning in 91 ms. Found 1 JPA repository interface.
21:27:21 INFO  Tomcat initialized with port 9095 (http)
21:27:21 INFO  Starting service [Tomcat]
21:27:21 INFO  Starting Servlet engine: [Apache Tomcat/11.0.21]
21:27:21 INFO  Root WebApplicationContext: initialization completed in 988 ms
21:27:21 INFO  HHH008540: Processing PersistenceUnitInfo [name: default]
21:27:21 INFO  HHH000001: Hibernate ORM core version 7.2.12.Final
21:27:22 INFO  No LoadTimeWeaver setup: ignoring JPA class transformer
21:27:22 INFO  HikariPool-1 - Starting...
21:27:22 INFO  HikariPool-1 - Added connection com.mysql.cj.jdbc.ConnectionImpl@2aa0feb2
21:27:22 INFO  HikariPool-1 - Start completed.
21:27:22 WARN  HHH90000025: MySQLDialect does not need to be specified explicitly using 'hibernate.dialect' (remove the property setting and it will be selected by default)
21:27:22 INFO  HHH10001005: Database info:
	Database JDBC URL [jdbc:mysql://localhost:3306/bd_producto?createDatabaseIfNotExist=true&serverTimezone=America/Santiago]
	Database driver: MySQL Connector/J
	Database dialect: MySQLDialect
	Database version: 9.7
	Default catalog/schema: bd_producto/undefined
	Autocommit mode: undefined/unknown
	Isolation level: REPEATABLE_READ [default REPEATABLE_READ]
	JDBC fetch size: none
	Pool: DataSourceConnectionProvider
	Minimum pool size: undefined/unknown
	Maximum pool size: undefined/unknown
21:27:22 INFO  HHH000489: No JTA platform available (set 'hibernate.transaction.jta.platform' to enable JTA platform integration)
21:27:22 INFO  Initialized JPA EntityManagerFactory for persistence unit 'default'
21:27:23 INFO  Hibernate is in classpath; If applicable, HQL parser will be used.
21:27:24 INFO  Reading resource: db/changelog/changes/001-crear-tablas.sql
21:27:24 INFO  Creating database changelog table with name: bd_producto.databasechangelog
21:27:24 INFO  Reading from bd_producto.databasechangelog
21:27:24 INFO  Reading resource: db/changelog/changes/002-datos-iniciales.sql
21:27:24 INFO  Creating snapshot
21:27:24 INFO  Successfully acquired change log lock
21:27:24 INFO  Using deploymentId: 0536443155
21:27:24 INFO  Reading from bd_producto.databasechangelog
21:27:24 INFO  Running Changeset: db/changelog/changes/001-crear-tablas.sql::1::bravatta
21:27:24 INFO  Custom SQL executed
21:27:24 INFO  ChangeSet db/changelog/changes/001-crear-tablas.sql::1::bravatta ran successfully in 14ms
21:27:24 INFO  Running Changeset: db/changelog/changes/002-datos-iniciales.sql::2::bravatta
21:27:24 INFO  Custom SQL executed
21:27:24 INFO  ChangeSet db/changelog/changes/002-datos-iniciales.sql::2::bravatta ran successfully in 5ms
21:27:24 INFO  UPDATE SUMMARY
21:27:24 INFO  Run:                          2
21:27:24 INFO  Previously run:               0
21:27:24 INFO  Filtered out:                 0
21:27:24 INFO  -------------------------------
21:27:24 INFO  Total change sets:            2
21:27:24 INFO  Update summary generated
21:27:24 INFO  Update command completed successfully.
21:27:24 INFO  Liquibase: Update has been successful. Rows affected: 10
21:27:24 INFO  Successfully released change log lock
21:27:24 INFO  Command execution complete
21:27:24 WARN  spring.jpa.open-in-view is enabled by default. Therefore, database queries may be performed during view rendering. Explicitly configure spring.jpa.open-in-view to disable this warning
21:27:24 INFO  Tomcat started on port 9095 (http) with context path '/'
21:27:24 INFO  Started ProductoApplication in 4.495 seconds (process running for 4.827)
21:34:36 INFO  Starting ProductoApplication using Java 25 with PID 5848 (D:\FinalShit\CasoSemestral-DuocFullStack-I\producto\producto\target\classes started by Matt in D:\FinalShit\CasoSemestral-DuocFullStack-I\producto\producto)
21:34:36 INFO  No active profile set, falling back to 1 default profile: "default"
21:34:36 INFO  Bootstrapping Spring Data JPA repositories in DEFAULT mode.
21:34:36 INFO  Finished Spring Data repository scanning in 96 ms. Found 1 JPA repository interface.
21:34:37 INFO  Tomcat initialized with port 9095 (http)
21:34:37 INFO  Starting service [Tomcat]
21:34:37 INFO  Starting Servlet engine: [Apache Tomcat/11.0.21]
21:34:37 INFO  Root WebApplicationContext: initialization completed in 1049 ms
21:34:37 INFO  HHH008540: Processing PersistenceUnitInfo [name: default]
21:34:37 INFO  HHH000001: Hibernate ORM core version 7.2.12.Final
21:34:37 INFO  No LoadTimeWeaver setup: ignoring JPA class transformer
21:34:37 INFO  HikariPool-1 - Starting...
21:34:38 INFO  HikariPool-1 - Added connection com.mysql.cj.jdbc.ConnectionImpl@278cb145
21:34:38 INFO  HikariPool-1 - Start completed.
21:34:38 WARN  HHH90000025: MySQLDialect does not need to be specified explicitly using 'hibernate.dialect' (remove the property setting and it will be selected by default)
21:34:38 INFO  HHH10001005: Database info:
	Database JDBC URL [jdbc:mysql://localhost:3306/bd_producto?createDatabaseIfNotExist=true&serverTimezone=America/Santiago]
	Database driver: MySQL Connector/J
	Database dialect: MySQLDialect
	Database version: 9.7
	Default catalog/schema: bd_producto/undefined
	Autocommit mode: undefined/unknown
	Isolation level: REPEATABLE_READ [default REPEATABLE_READ]
	JDBC fetch size: none
	Pool: DataSourceConnectionProvider
	Minimum pool size: undefined/unknown
	Maximum pool size: undefined/unknown
21:34:38 INFO  HHH000489: No JTA platform available (set 'hibernate.transaction.jta.platform' to enable JTA platform integration)
21:34:38 INFO  Initialized JPA EntityManagerFactory for persistence unit 'default'
21:34:39 INFO  Hibernate is in classpath; If applicable, HQL parser will be used.
21:34:40 INFO  Reading resource: db/changelog/changes/001-crear-tablas.sql
21:34:40 INFO  Creating database changelog table with name: bd_producto.databasechangelog
21:34:40 INFO  Reading from bd_producto.databasechangelog
21:34:40 INFO  Reading resource: db/changelog/changes/002-datos-iniciales.sql
21:34:40 INFO  Creating snapshot
21:34:40 INFO  Successfully acquired change log lock
21:34:40 INFO  Using deploymentId: 0536879159
21:34:40 INFO  Reading from bd_producto.databasechangelog
21:34:40 INFO  Running Changeset: db/changelog/changes/001-crear-tablas.sql::1::bravatta
21:34:40 INFO  Custom SQL executed
21:34:40 INFO  ChangeSet db/changelog/changes/001-crear-tablas.sql::1::bravatta ran successfully in 25ms
21:34:40 INFO  Running Changeset: db/changelog/changes/002-datos-iniciales.sql::2::bravatta
21:34:40 INFO  Custom SQL executed
21:34:40 INFO  ChangeSet db/changelog/changes/002-datos-iniciales.sql::2::bravatta ran successfully in 10ms
21:34:40 INFO  UPDATE SUMMARY
21:34:40 INFO  Run:                          2
21:34:40 INFO  Previously run:               0
21:34:40 INFO  Filtered out:                 0
21:34:40 INFO  -------------------------------
21:34:40 INFO  Total change sets:            2
21:34:40 INFO  Update summary generated
21:34:40 INFO  Update command completed successfully.
21:34:40 INFO  Liquibase: Update has been successful. Rows affected: 10
21:34:40 INFO  Successfully released change log lock
21:34:40 INFO  Command execution complete
21:34:40 WARN  spring.jpa.open-in-view is enabled by default. Therefore, database queries may be performed during view rendering. Explicitly configure spring.jpa.open-in-view to disable this warning
21:34:41 INFO  Tomcat started on port 9095 (http) with context path '/'
21:34:41 INFO  Started ProductoApplication in 5.208 seconds (process running for 5.532)
